Archive member included to satisfy reference by file (symbol)

c:/st/stm32cubeide_1.9.0/stm32cubeide/plugins/com.st.stm32cube.ide.mcu.externaltools.gnu-tools-for-stm32.10.3-2021.10.win32_1.0.0.202111181127/tools/bin/../lib/gcc/arm-none-eabi/10.3.1/../../../../arm-none-eabi/lib/thumb/v7e-m+fp/hard\libm.a(lib_a-w_log.o)
                              ./Core/Src/driverSWLTC6804.o (log)
c:/st/stm32cubeide_1.9.0/stm32cubeide/plugins/com.st.stm32cube.ide.mcu.externaltools.gnu-tools-for-stm32.10.3-2021.10.win32_1.0.0.202111181127/tools/bin/../lib/gcc/arm-none-eabi/10.3.1/../../../../arm-none-eabi/lib/thumb/v7e-m+fp/hard\libm.a(lib_a-e_log.o)
                              c:/st/stm32cubeide_1.9.0/stm32cubeide/plugins/com.st.stm32cube.ide.mcu.externaltools.gnu-tools-for-stm32.10.3-2021.10.win32_1.0.0.202111181127/tools/bin/../lib/gcc/arm-none-eabi/10.3.1/../../../../arm-none-eabi/lib/thumb/v7e-m+fp/hard\libm.a(lib_a-w_log.o) (__ieee754_log)
c:/st/stm32cubeide_1.9.0/stm32cubeide/plugins/com.st.stm32cube.ide.mcu.externaltools.gnu-tools-for-stm32.10.3-2021.10.win32_1.0.0.202111181127/tools/bin/../lib/gcc/arm-none-eabi/10.3.1/../../../../arm-none-eabi/lib/thumb/v7e-m+fp/hard\libm.a(lib_a-s_nan.o)
                              c:/st/stm32cubeide_1.9.0/stm32cubeide/plugins/com.st.stm32cube.ide.mcu.externaltools.gnu-tools-for-stm32.10.3-2021.10.win32_1.0.0.202111181127/tools/bin/../lib/gcc/arm-none-eabi/10.3.1/../../../../arm-none-eabi/lib/thumb/v7e-m+fp/hard\libm.a(lib_a-w_log.o) (nan)
c:/st/stm32cubeide_1.9.0/stm32cubeide/plugins/com.st.stm32cube.ide.mcu.externaltools.gnu-tools-for-stm32.10.3-2021.10.win32_1.0.0.202111181127/tools/bin/../lib/gcc/arm-none-eabi/10.3.1/../../../../arm-none-eabi/lib/thumb/v7e-m+fp/hard\libc_nano.a(lib_a-errno.o)
                              ./Core/Src/syscalls.o (__errno)
c:/st/stm32cubeide_1.9.0/stm32cubeide/plugins/com.st.stm32cube.ide.mcu.externaltools.gnu-tools-for-stm32.10.3-2021.10.win32_1.0.0.202111181127/tools/bin/../lib/gcc/arm-none-eabi/10.3.1/../../../../arm-none-eabi/lib/thumb/v7e-m+fp/hard\libc_nano.a(lib_a-exit.o)
                              c:/st/stm32cubeide_1.9.0/stm32cubeide/plugins/com.st.stm32cube.ide.mcu.externaltools.gnu-tools-for-stm32.10.3-2021.10.win32_1.0.0.202111181127/tools/bin/../lib/gcc/arm-none-eabi/10.3.1/../../../../arm-none-eabi/lib/thumb/v7e-m+fp/hard/crt0.o (exit)
c:/st/stm32cubeide_1.9.0/stm32cubeide/plugins/com.st.stm32cube.ide.mcu.externaltools.gnu-tools-for-stm32.10.3-2021.10.win32_1.0.0.202111181127/tools/bin/../lib/gcc/arm-none-eabi/10.3.1/../../../../arm-none-eabi/lib/thumb/v7e-m+fp/hard\libc_nano.a(lib_a-impure.o)
                              c:/st/stm32cubeide_1.9.0/stm32cubeide/plugins/com.st.stm32cube.ide.mcu.externaltools.gnu-tools-for-stm32.10.3-2021.10.win32_1.0.0.202111181127/tools/bin/../lib/gcc/arm-none-eabi/10.3.1/../../../../arm-none-eabi/lib/thumb/v7e-m+fp/hard\libc_nano.a(lib_a-exit.o) (_global_impure_ptr)
c:/st/stm32cubeide_1.9.0/stm32cubeide/plugins/com.st.stm32cube.ide.mcu.externaltools.gnu-tools-for-stm32.10.3-2021.10.win32_1.0.0.202111181127/tools/bin/../lib/gcc/arm-none-eabi/10.3.1/../../../../arm-none-eabi/lib/thumb/v7e-m+fp/hard\libc_nano.a(lib_a-init.o)
                              c:/st/stm32cubeide_1.9.0/stm32cubeide/plugins/com.st.stm32cube.ide.mcu.externaltools.gnu-tools-for-stm32.10.3-2021.10.win32_1.0.0.202111181127/tools/bin/../lib/gcc/arm-none-eabi/10.3.1/../../../../arm-none-eabi/lib/thumb/v7e-m+fp/hard/crt0.o (__libc_init_array)
c:/st/stm32cubeide_1.9.0/stm32cubeide/plugins/com.st.stm32cube.ide.mcu.externaltools.gnu-tools-for-stm32.10.3-2021.10.win32_1.0.0.202111181127/tools/bin/../lib/gcc/arm-none-eabi/10.3.1/../../../../arm-none-eabi/lib/thumb/v7e-m+fp/hard\libc_nano.a(lib_a-malloc.o)
                              ./Core/Src/driverHWSPI1.o (malloc)
c:/st/stm32cubeide_1.9.0/stm32cubeide/plugins/com.st.stm32cube.ide.mcu.externaltools.gnu-tools-for-stm32.10.3-2021.10.win32_1.0.0.202111181127/tools/bin/../lib/gcc/arm-none-eabi/10.3.1/../../../../arm-none-eabi/lib/thumb/v7e-m+fp/hard\libc_nano.a(lib_a-memcpy-stub.o)
                              ./Core/Src/driverHWSPI1.o (memcpy)
c:/st/stm32cubeide_1.9.0/stm32cubeide/plugins/com.st.stm32cube.ide.mcu.externaltools.gnu-tools-for-stm32.10.3-2021.10.win32_1.0.0.202111181127/tools/bin/../lib/gcc/arm-none-eabi/10.3.1/../../../../arm-none-eabi/lib/thumb/v7e-m+fp/hard\libc_nano.a(lib_a-memset.o)
                              c:/st/stm32cubeide_1.9.0/stm32cubeide/plugins/com.st.stm32cube.ide.mcu.externaltools.gnu-tools-for-stm32.10.3-2021.10.win32_1.0.0.202111181127/tools/bin/../lib/gcc/arm-none-eabi/10.3.1/../../../../arm-none-eabi/lib/thumb/v7e-m+fp/hard/crt0.o (memset)
c:/st/stm32cubeide_1.9.0/stm32cubeide/plugins/com.st.stm32cube.ide.mcu.externaltools.gnu-tools-for-stm32.10.3-2021.10.win32_1.0.0.202111181127/tools/bin/../lib/gcc/arm-none-eabi/10.3.1/../../../../arm-none-eabi/lib/thumb/v7e-m+fp/hard\libc_nano.a(lib_a-nano-freer.o)
[...]
Memory Configuration

Name             Origin             Length             Attributes
CCMRAM           0x0000000010000000 0x0000000000002000 xrw
RAM              0x0000000020000000 0x000000000000a000 xrw
FLASH            0x0000000008000000 0x0000000000040000 xr
*default*        0x0000000000000000 0xffffffffffffffff

Linker script and memory map

LOAD c:/st/stm32cubeide_1.9.0/stm32cubeide/plugins/com.st.stm32cube.ide.mcu.externaltools.gnu-tools-for-stm32.10.3-2021.10.win32_1.0.0.202111181127/tools/bin/../lib/gcc/arm-none-eabi/10.3.1/thumb/v7e-m+fp/hard/crti.o
LOAD c:/st/stm32cubeide_1.9.0/stm32cubeide/plugins/com.st.stm32cube.ide.mcu.externaltools.gnu-tools-for-stm32.10.3-2021.10.win32_1.0.0.202111181127/tools/bin/../lib/gcc/arm-none-eabi/10.3.1/thumb/v7e-m+fp/hard/crtbegin.o
LOAD c:/st/stm32cubeide_1.9.0/stm32cubeide/plugins/com.st.stm32cube.ide.mcu.externaltools.gnu-tools-for-stm32.10.3-2021.10.win32_1.0.0.202111181127/tools/bin/../lib/gcc/arm-none-eabi/10.3.1/../../../../arm-none-eabi/lib/thumb/v7e-m+fp/hard/crt0.o
LOAD ./Core/Src/driverHWSPI1.o
LOAD ./Core/Src/driverSWLTC6804.o
LOAD ./Core/Src/fatfs_sd.o
LOAD ./Core/Src/main.o
LOAD ./Core/Src/modDelay.o
LOAD ./Core/Src/stm32f3xx_hal_msp.o
LOAD ./Core/Src/stm32f3xx_it.o
LOAD ./Core/Src/syscalls.o
LOAD ./Core/Src/sysmem.o
LOAD ./Core/Src/system_stm32f3xx.o
LOAD ./Core/Startup/startup_stm32f303cctx.o
LOAD ./Drivers/STM32F3xx_HAL_Driver/Src/stm32f3xx_hal.o
LOAD ./Drivers/STM32F3xx_HAL_Driver/Src/stm32f3xx_hal_can.o
LOAD ./Drivers/STM32F3xx_HAL_Driver/Src/stm32f3xx_hal_cortex.o
LOAD ./Drivers/STM32F3xx_HAL_Driver/Src/stm32f3xx_hal_dma.o
LOAD ./Drivers/STM32F3xx_HAL_Driver/Src/stm32f3xx_hal_exti.o
LOAD ./Drivers/STM32F3xx_HAL_Driver/Src/stm32f3xx_hal_flash.o
LOAD ./Drivers/STM32F3xx_HAL_Driver/Src/stm32f3xx_hal_flash_ex.o
LOAD ./Drivers/STM32F3xx_HAL_Driver/Src/stm32f3xx_hal_gpio.o
LOAD ./Drivers/STM32F3xx_HAL_Driver/Src/stm32f3xx_hal_i2c.o
LOAD ./Drivers/STM32F3xx_HAL_Driver/Src/stm32f3xx_hal_i2c_ex.o
LOAD ./Drivers/STM32F3xx_HAL_Driver/Src/stm32f3xx_hal_pwr.o
LOAD ./Drivers/STM32F3xx_HAL_Driver/Src/stm32f3xx_hal_pwr_ex.o
LOAD ./Drivers/STM32F3xx_HAL_Driver/Src/stm32f3xx_hal_rcc.o
LOAD ./Drivers/STM32F3xx_HAL_Driver/Src/stm32f3xx_hal_rcc_ex.o
LOAD ./Drivers/STM32F3xx_HAL_Driver/Src/stm32f3xx_hal_rtc.o
LOAD ./Drivers/STM32F3xx_HAL_Driver/Src/stm32f3xx_hal_rtc_ex.o
LOAD ./Drivers/STM32F3xx_HAL_Driver/Src/stm32f3xx_hal_spi.o
LOAD ./Drivers/STM32F3xx_HAL_Driver/Src/stm32f3xx_hal_spi_ex.o
LOAD ./Drivers/STM32F3xx_HAL_Driver/Src/stm32f3xx_hal_tim.o
LOAD ./Drivers/STM32F3xx_HAL_Driver/Src/stm32f3xx_hal_tim_ex.o
LOAD ./Drivers/STM32F3xx_HAL_Driver/Src/stm32f3xx_hal_uart.o
LOAD ./Drivers/STM32F3xx_HAL_Driver/Src/stm32f3xx_hal_uart_ex.o
LOAD ./FATFS/App/fatfs.o
LOAD ./FATFS/Target/user_diskio.o
LOAD ./Middlewares/Third_Party/FatFs/src/diskio.o
LOAD ./Middlewares/Third_Party/FatFs/src/ff.o
LOAD ./Middlewares/Third_Party/FatFs/src/ff_gen_drv.o
LOAD ./Middlewares/Third_Party/FatFs/src/option/ccsbcs.o
LOAD ./Middlewares/Third_Party/FatFs/src/option/syscall.o
START GROUP
LOAD c:/st/stm32cubeide_1.9.0/stm32cubeide/plugins/com.st.stm32cube.ide.mcu.externaltools.gnu-tools-for-stm32.10.3-2021.10.win32_1.0.0.202111181127/tools/bin/../lib/gcc/arm-none-eabi/10.3.1/../../../../arm-none-eabi/lib/thumb/v7e-m+fp/hard\libstdc++_nano.a
LOAD c:/st/stm32cubeide_1.9.0/stm32cubeide/plugins/com.st.stm32cube.ide.mcu.externaltools.gnu-tools-for-stm32.10.3-2021.10.win32_1.0.0.202111181127/tools/bin/../lib/gcc/arm-none-eabi/10.3.1/../../../../arm-none-eabi/lib/thumb/v7e-m+fp/hard\libsupc++_nano.a
END GROUP
LOAD c:/st/stm32cubeide_1.9.0/stm32cubeide/plugins/com.st.stm32cube.ide.mcu.externaltools.gnu-tools-for-stm32.10.3-2021.10.win32_1.0.0.202111181127/tools/bin/../lib/gcc/arm-none-eabi/10.3.1/../../../../arm-none-eabi/lib/thumb/v7e-m+fp/hard\libstdc++_nano.a
LOAD c:/st/stm32cubeide_1.9.0/stm32cubeide/plugins/com.st.stm32cube.ide.mcu.externaltools.gnu-tools-for-stm32.10.3-2021.10.win32_1.0.0.202111181127/tools/bin/../lib/gcc/arm-none-eabi/10.3.1/../../../../arm-none-eabi/lib/thumb/v7e-m+fp/hard\libm.a
LOAD c:/st/stm32cubeide_1.9.0/stm32cubeide/plugins/com.st.stm32cube.ide.mcu.externaltools.gnu-tools-for-stm32.10.3-2021.10.win32_1.0.0.202111181127/tools/bin/../lib/gcc/arm-none-eabi/10.3.1/../../../../arm-none-eabi/lib/thumb/v7e-m+fp/hard\libc_nano.a
START GROUP
LOAD c:/st/stm32cubeide_1.9.0/stm32cubeide/plugins/com.st.stm32cube.ide.mcu.externaltools.gnu-tools-for-stm32.10.3-2021.10.win32_1.0.0.202111181127/tools/bin/../lib/gcc/arm-none-eabi/10.3.1/thumb/v7e-m+fp/hard\libgcc.a
LOAD c:/st/stm32cubeide_1.9.0/stm32cubeide/plugins/com.st.stm32cube.ide.mcu.externaltools.gnu-tools-for-stm32.10.3-2021.10.win32_1.0.0.202111181127/tools/bin/../lib/gcc/arm-none-eabi/10.3.1/../../../../arm-none-eabi/lib/thumb/v7e-m+fp/hard\libc_nano.a
END GROUP
START GROUP
LOAD c:/st/stm32cubeide_1.9.0/stm32cubeide/plugins/com.st.stm32cube.ide.mcu.externaltools.gnu-tools-for-stm32.10.3-2021.10.win32_1.0.0.202111181127/tools/bin/../lib/gcc/arm-none-eabi/10.3.1/thumb/v7e-m+fp/hard\libgcc.a
LOAD c:/st/stm32cubeide_1.9.0/stm32cubeide/plugins/com.st.stm32cube.ide.mcu.externaltools.gnu-tools-for-stm32.10.3-2021.10.win32_1.0.0.202111181127/tools/bin/../lib/gcc/arm-none-eabi/10.3.1/../../../../arm-none-eabi/lib/thumb/v7e-m+fp/hard\libc_nano.a
LOAD c:/st/stm32cubeide_1.9.0/stm32cubeide/plugins/com.st.stm32cube.ide.mcu.externaltools.gnu-tools-for-stm32.10.3-2021.10.win32_1.0.0.202111181127/tools/bin/../lib/gcc/arm-none-eabi/10.3.1/../../../../arm-none-eabi/lib/thumb/v7e-m+fp/hard\libnosys.a
END GROUP
START GROUP
LOAD c:/st/stm32cubeide_1.9.0/stm32cubeide/plugins/com.st.stm32cube.ide.mcu.externaltools.gnu-tools-for-stm32.10.3-2021.10.win32_1.0.0.202111181127/tools/bin/../lib/gcc/arm-none-eabi/10.3.1/thumb/v7e-m+fp/hard\libgcc.a
LOAD c:/st/stm32cubeide_1.9.0/stm32cubeide/plugins/com.st.stm32cube.ide.mcu.externaltools.gnu-tools-for-stm32.10.3-2021.10.win32_1.0.0.202111181127/tools/bin/../lib/gcc/arm-none-eabi/10.3.1/../../../../arm-none-eabi/lib/thumb/v7e-m+fp/hard\libc_nano.a
LOAD c:/st/stm32cubeide_1.9.0/stm32cubeide/plugins/com.st.stm32cube.ide.mcu.externaltools.gnu-tools-for-stm32.10.3-2021.10.win32_1.0.0.202111181127/tools/bin/../lib/gcc/arm-none-eabi/10.3.1/../../../../arm-none-eabi/lib/thumb/v7e-m+fp/hard\libnosys.a
END GROUP
LOAD c:/st/stm32cubeide_1.9.0/stm32cubeide/plugins/com.st.stm32cube.ide.mcu.externaltools.gnu-tools-for-stm32.10.3-2021.10.win32_1.0.0.202111181127/tools/bin/../lib/gcc/arm-none-eabi/10.3.1/thumb/v7e-m+fp/hard/crtend.o
LOAD c:/st/stm32cubeide_1.9.0/stm32cubeide/plugins/com.st.stm32cube.ide.mcu.externaltools.gnu-tools-for-stm32.10.3-2021.10.win32_1.0.0.202111181127/tools/bin/../lib/gcc/arm-none-eabi/10.3.1/thumb/v7e-m+fp/hard/crtn.o
                0x000000002000a000                _estack = (ORIGIN (RAM) + LENGTH (RAM))
                0x0000000000000200                _Min_Heap_Size = 0x200
                0x0000000000000400                _Min_Stack_Size = 0x400

.isr_vector     0x0000000008000000      0x188
                0x0000000008000000                . = ALIGN (0x4)
 *(.isr_vector)
 .isr_vector    0x0000000008000000      0x188 ./Core/Startup/startup_stm32f303cctx.o
                0x0000000008000000                g_pfnVectors
                0x0000000008000188                . = ALIGN (0x4)

.text           0x0000000008000190    0x1307c
                0x0000000008000190                . = ALIGN (0x4)
 *(.text)
 .text          0x0000000008000190       0x40 c:/st/stm32cubeide_1.9.0/stm32cubeide/plugins/com.st.stm32cube.ide.mcu.externaltools.gnu-tools-for-stm32.10.3-2021.10.win32_1.0.0.202111181127/tools/bin/../lib/gcc/arm-none-eabi/10.3.1/thumb/v7e-m+fp/hard/crtbegin.o
 .text          0x00000000080001d0       0x10 c:/st/stm32cubeide_1.9.0/stm32cubeide/plugins/com.st.stm32cube.ide.mcu.externaltools.gnu-tools-for-stm32.10.3-2021.10.win32_1.0.0.202111181127/tools/bin/../lib/gcc/arm-none-eabi/10.3.1/../../../../arm-none-eabi/lib/thumb/v7e-m+fp/hard\libc_nano.a(lib_a-strlen.o)
                0x00000000080001d0                strlen
 .text          0x00000000080001e0       0xa0 c:/st/stm32cubeide_1.9.0/stm32cubeide/plugins/com.st.stm32cube.ide.mcu.externaltools.gnu-tools-for-stm32.10.3-2021.10.win32_1.0.0.202111181127/tools/bin/../lib/gcc/arm-none-eabi/10.3.1/../../../../arm-none-eabi/lib/thumb/v7e-m+fp/hard\libc_nano.a(lib_a-memchr.o)
                0x00000000080001e0                memchr
 .text          0x0000000008000280      0x378 c:/st/stm32cubeide_1.9.0/stm32cubeide/plugins/com.st.stm32cube.ide.mcu.externaltools.gnu-tools-for-stm32.10.3-2021.10.win32_1.0.0.202111181127/tools/bin/../lib/gcc/arm-none-eabi/10.3.1/thumb/v7e-m+fp/hard\libgcc.a(_arm_addsubdf3.o)
                0x0000000008000280                __aeabi_drsub
                0x0000000008000288                __aeabi_dsub
                0x0000000008000288                __subdf3
                0x000000000800028c                __aeabi_dadd
                0x000000000800028c                __adddf3
                0x0000000008000504                __floatunsidf
                0x0000000008000504                __aeabi_ui2d
                0x0000000008000524                __floatsidf
                0x0000000008000524                __aeabi_i2d
                0x0000000008000548                __aeabi_f2d
                0x0000000008000548                __extendsfdf2
                0x000000000800058c                __floatundidf
                0x000000000800058c                __aeabi_ul2d
                0x000000000800059c                __floatdidf
                0x000000000800059c                __aeabi_l2d
 .text          0x00000000080005f8      0x424 c:/st/stm32cubeide_1.9.0/stm32cubeide/plugins/com.st.stm32cube.ide.mcu.externaltools.gnu-tools-for-stm32.10.3-2021.10.win32_1.0.0.202111181127/tools/bin/../lib/gcc/arm-none-eabi/10.3.1/thumb/v7e-m+fp/hard\libgcc.a(_arm_muldivdf3.o)
                0x00000000080005f8                __aeabi_dmul
                0x00000000080005f8                __muldf3
                0x000000000800084c                __divdf3
                0x000000000800084c                __aeabi_ddiv
 .text          0x0000000008000a1c      0x110 c:/st/stm32cubeide_1.9.0/stm32cubeide/plugins/com.st.stm32cube.ide.mcu.externaltools.gnu-tools-for-stm32.10.3-2021.10.win32_1.0.0.202111181127/tools/bin/../lib/gcc/arm-none-eabi/10.3.1/thumb/v7e-m+fp/hard\libgcc.a(_arm_cmpdf2.o)
                0x0000000008000a1c                __gtdf2
                0x0000000008000a1c                __gedf2
                0x0000000008000a24                __ltdf2
                0x0000000008000a24                __ledf2
                0x0000000008000a2c                __nedf2
                0x0000000008000a2c                __eqdf2
                0x0000000008000a2c                __cmpdf2
                0x0000000008000aa8                __aeabi_cdrcmple
                0x0000000008000ab8                __aeabi_cdcmpeq
                0x0000000008000ab8                __aeabi_cdcmple
                0x0000000008000ac8                __aeabi_dcmpeq
                0x0000000008000adc                __aeabi_dcmplt
                0x0000000008000af0                __aeabi_dcmple
                0x0000000008000b04                __aeabi_dcmpge
                0x0000000008000b18                __aeabi_dcmpgt
 .text          0x0000000008000b2c       0x2c c:/st/stm32cubeide_1.9.0/stm32cubeide/plugins/com.st.stm32cube.ide.mcu.externaltools.gnu-tools-for-stm32.10.3-2021.10.win32_1.0.0.202111181127/tools/bin/../lib/gcc/arm-none-eabi/10.3.1/thumb/v7e-m+fp/hard\libgcc.a(_arm_unorddf2.o)
                0x0000000008000b2c                __unorddf2
                0x0000000008000b2c                __aeabi_dcmpun
 .text          0x0000000008000b58       0x50 c:/st/stm32cubeide_1.9.0/stm32cubeide/plugins/com.st.stm32cube.ide.mcu.externaltools.gnu-tools-for-stm32.10.3-2021.10.win32_1.0.0.202111181127/tools/bin/../lib/gcc/arm-none-eabi/10.3.1/thumb/v7e-m+fp/hard\libgcc.a(_arm_fixdfsi.o)
                0x0000000008000b58                __aeabi_d2iz
                0x0000000008000b58                __fixdfsi
 .text          0x0000000008000ba8       0x40 c:/st/stm32cubeide_1.9.0/stm32cubeide/plugins/com.st.stm32cube.ide.mcu.externaltools.gnu-tools-for-stm32.10.3-2021.10.win32_1.0.0.202111181127/tools/bin/../lib/gcc/arm-none-eabi/10.3.1/thumb/v7e-m+fp/hard\libgcc.a(_arm_fixunsdfsi.o)
                0x0000000008000ba8                __aeabi_d2uiz
                0x0000000008000ba8                __fixunsdfsi
 .text          0x0000000008000be8       0xa0 c:/st/stm32cubeide_1.9.0/stm32cubeide/plugins/com.st.stm32cube.ide.mcu.externaltools.gnu-tools-for-stm32.10.3-2021.10.win32_1.0.0.202111181127/tools/bin/../lib/gcc/arm-none-eabi/10.3.1/thumb/v7e-m+fp/hard\libgcc.a(_arm_truncdfsf2.o)
                0x0000000008000be8                __truncdfsf2
                0x0000000008000be8                __aeabi_d2f
 *(.text*)
 .text.driverHWSPI1Init
                0x0000000008000c88       0x90 ./Core/Src/driverHWSPI1.o
                0x0000000008000c88                driverHWSPI1Init
 .text.driverHWSPI1Write
                0x0000000008000d18       0x7c ./Core/Src/driverHWSPI1.o
                0x0000000008000d18                driverHWSPI1Write
 .text.driverHWSPI1WriteRead
                0x0000000008000d94       0xc8 ./Core/Src/driverHWSPI1.o
                0x0000000008000d94                driverHWSPI1WriteRead
 .text.driverSWLTC6804DelayMS
                0x0000000008000e5c       0x2e ./Core/Src/driverSWLTC6804.o
                0x0000000008000e5c                driverSWLTC6804DelayMS
 *fill*         0x0000000008000e8a        0x2 
 .text.driverSWLTC6804Init
                0x0000000008000e8c      0x12c ./Core/Src/driverSWLTC6804.o
                0x0000000008000e8c                driverSWLTC6804Init
 .text.driverSWLTC6804ResetCellVoltageRegisters
                0x0000000008000fb8       0x42 ./Core/Src/driverSWLTC6804.o
                0x0000000008000fb8                driverSWLTC6804ResetCellVoltageRegisters
 .text.driverSWLTC6804ResetAuxRegisters
                0x0000000008000ffa       0x42 ./Core/Src/driverSWLTC6804.o
                0x0000000008000ffa                driverSWLTC6804ResetAuxRegisters
 .text.driverSWLTC6804StartCellVoltageConversion
                0x000000000800103c       0x80 ./Core/Src/driverSWLTC6804.o
                0x000000000800103c                driverSWLTC6804StartCellVoltageConversion
 .text.driverSWLTC6804StartAuxVoltageConversion
                0x00000000080010bc       0x74 ./Core/Src/driverSWLTC6804.o
                0x00000000080010bc                driverSWLTC6804StartAuxVoltageConversion
 .text.driverSWLTC6804ReadCellVoltagesArray
                0x0000000008001130      0x1fc ./Core/Src/driverSWLTC6804.o
                0x0000000008001130                driverSWLTC6804ReadCellVoltagesArray
 .text.driverSWLTC6804ReadCellVoltageRegisters
                0x000000000800132c      0x290 ./Core/Src/driverSWLTC6804.o
                0x000000000800132c                driverSWLTC6804ReadCellVoltageRegisters
 .text.driverSWLTC6804ReadCellVoltageGroups
                0x00000000080015bc       0xb4 ./Core/Src/driverSWLTC6804.o
                0x00000000080015bc                driverSWLTC6804ReadCellVoltageGroups
 .text.driverSWLTC6804ReadAuxVoltagesArray
                0x0000000008001670      0x220 ./Core/Src/driverSWLTC6804.o
                0x0000000008001670                driverSWLTC6804ReadAuxVoltagesArray
 .text.driverSWLTC6804ReadAuxVoltageRegisters
                0x0000000008001890      0x27c ./Core/Src/driverSWLTC6804.o
                0x0000000008001890                driverSWLTC6804ReadAuxVoltageRegisters
 .text.driverSWLTC6804ReadAuxGroups
                0x0000000008001b0c       0x9e ./Core/Src/driverSWLTC6804.o
                0x0000000008001b0c                driverSWLTC6804ReadAuxGroups
 *fill*         0x0000000008001baa        0x6 
 .text.driverSWLTC6804WriteConfigRegister
                0x0000000008001bb0      0x344 ./Core/Src/driverSWLTC6804.o
                0x0000000008001bb0                driverSWLTC6804WriteConfigRegister
 .text.driverSWLTC6804WriteConfigRegisterB
                0x0000000008001ef4      0x2c0 ./Core/Src/driverSWLTC6804.o
                0x0000000008001ef4                driverSWLTC6804WriteConfigRegisterB
 .text.driverSWLTC6804CalcPEC15
                0x00000000080021b4       0x68 ./Core/Src/driverSWLTC6804.o
                0x00000000080021b4                driverSWLTC6804CalcPEC15
 .text.driverSWLTC6804ReadConfigRegister
                0x000000000800221c       0xe2 ./Core/Src/driverSWLTC6804.o
                0x000000000800221c                driverSWLTC6804ReadConfigRegister
 .text.driverSWLTC6804Write
                0x00000000080022fe       0x22 ./Core/Src/driverSWLTC6804.o
                0x00000000080022fe                driverSWLTC6804Write
 .text.driverSWLTC6804WriteRead
                0x0000000008002320       0x32 ./Core/Src/driverSWLTC6804.o
                0x0000000008002320                driverSWLTC6804WriteRead
 .text.driverSWLTC6804WakeIC
                0x0000000008002352       0x32 ./Core/Src/driverSWLTC6804.o
                0x0000000008002352                driverSWLTC6804WakeIC
 .text.driverSWLTC6804ConvertTemperatureExt
                0x0000000008002384      0x148 ./Core/Src/driverSWLTC6804.o
                0x0000000008002384                driverSWLTC6804ConvertTemperatureExt
 .text.write_68
                0x00000000080024cc      0x110 ./Core/Src/driverSWLTC6804.o
                0x00000000080024cc                write_68
 .text.LTC6813_set_discharge
                0x00000000080025dc      0x13c ./Core/Src/driverSWLTC6804.o
                0x00000000080025dc                LTC6813_set_discharge
 .text.LTC681x_clear_discharge
                0x0000000008002718       0xa4 ./Core/Src/driverSWLTC6804.o
                0x0000000008002718                LTC681x_clear_discharge
 .text.LTC6813_set_cfgr
                0x00000000080027bc       0x74 ./Core/Src/driverSWLTC6804.o
                0x00000000080027bc                LTC6813_set_cfgr
 .text.LTC681x_set_cfgr_refon
                0x0000000008002830       0x68 ./Core/Src/driverSWLTC6804.o
                0x0000000008002830                LTC681x_set_cfgr_refon
 .text.LTC681x_set_cfgr_adcopt
                0x0000000008002898       0x68 ./Core/Src/driverSWLTC6804.o
                0x0000000008002898                LTC681x_set_cfgr_adcopt
 .text.LTC681x_set_cfgr_gpio
                0x0000000008002900       0xa0 ./Core/Src/driverSWLTC6804.o
                0x0000000008002900                LTC681x_set_cfgr_gpio
 .text.LTC681x_set_cfgr_dis
                0x00000000080029a0      0x11e ./Core/Src/driverSWLTC6804.o
                0x00000000080029a0                LTC681x_set_cfgr_dis
 .text.LTC681x_set_cfgr_dcto
                0x0000000008002abe       0xa0 ./Core/Src/driverSWLTC6804.o
                0x0000000008002abe                LTC681x_set_cfgr_dcto
 .text.LTC681x_set_cfgr_uv
                0x0000000008002b5e       0x8c ./Core/Src/driverSWLTC6804.o
                0x0000000008002b5e                LTC681x_set_cfgr_uv
 .text.LTC681x_set_cfgr_ov
                0x0000000008002bea       0x84 ./Core/Src/driverSWLTC6804.o
                0x0000000008002bea                LTC681x_set_cfgr_ov
 .text.LTC6813_set_cfgrb
                0x0000000008002c6e       0x5c ./Core/Src/driverSWLTC6804.o
                0x0000000008002c6e                LTC6813_set_cfgrb
 .text.LTC6813_set_cfgrb_fdrf
                0x0000000008002cca       0x68 ./Core/Src/driverSWLTC6804.o
                0x0000000008002cca                LTC6813_set_cfgrb_fdrf
 .text.LTC6813_set_cfgrb_dtmen
                0x0000000008002d32       0x68 ./Core/Src/driverSWLTC6804.o
                0x0000000008002d32                LTC6813_set_cfgrb_dtmen
 .text.LTC6813_set_cfgrb_ps
                0x0000000008002d9a       0xa0 ./Core/Src/driverSWLTC6804.o
                0x0000000008002d9a                LTC6813_set_cfgrb_ps
 .text.LTC6813_set_cfgrb_gpio_b
                0x0000000008002e3a       0x9c ./Core/Src/driverSWLTC6804.o
                0x0000000008002e3a                LTC6813_set_cfgrb_gpio_b
 .text.LTC6813_set_cfgrb_dcc_b
                0x0000000008002ed6      0x184 ./Core/Src/driverSWLTC6804.o
                0x0000000008002ed6                LTC6813_set_cfgrb_dcc_b
 .text.LTC681x_wrcfg
                0x000000000800305a       0xfe ./Core/Src/driverSWLTC6804.o
                0x000000000800305a                LTC681x_wrcfg
 .text.LTC681x_wrcfgb
                0x0000000008003158      0x100 ./Core/Src/driverSWLTC6804.o
                0x0000000008003158                LTC681x_wrcfgb
 .text.SELECT   0x0000000008003258       0x20 ./Core/Src/fatfs_sd.o
 .text.DESELECT
                0x0000000008003278       0x20 ./Core/Src/fatfs_sd.o
 .text.SPI_TxByte
                0x0000000008003298       0x34 ./Core/Src/fatfs_sd.o
 .text.SPI_TxBuffer
                0x00000000080032cc       0x34 ./Core/Src/fatfs_sd.o
 .text.SPI_RxByte
                0x0000000008003300       0x38 ./Core/Src/fatfs_sd.o
 .text.SPI_RxBytePtr
                0x0000000008003338       0x1c ./Core/Src/fatfs_sd.o
 .text.SD_ReadyWait
                0x0000000008003354       0x34 ./Core/Src/fatfs_sd.o
 .text.SD_PowerOn
                0x0000000008003388       0x84 ./Core/Src/fatfs_sd.o
 .text.SD_PowerOff
                0x000000000800340c       0x18 ./Core/Src/fatfs_sd.o
 .text.SD_CheckPower
                0x0000000008003424       0x18 ./Core/Src/fatfs_sd.o
 .text.SD_RxDataBlock
                0x000000000800343c       0x60 ./Core/Src/fatfs_sd.o
 .text.SD_TxDataBlock
                0x000000000800349c       0x86 ./Core/Src/fatfs_sd.o
 .text.SD_SendCmd
                0x0000000008003522       0xa8 ./Core/Src/fatfs_sd.o
 *fill*         0x00000000080035ca        0x2 
 .text.SD_disk_initialize
                0x00000000080035cc      0x1d8 ./Core/Src/fatfs_sd.o
                0x00000000080035cc                SD_disk_initialize
 .text.SD_disk_status
                0x00000000080037a4       0x2c ./Core/Src/fatfs_sd.o
                0x00000000080037a4                SD_disk_status
 .text.SD_disk_read
                0x00000000080037d0       0xd4 ./Core/Src/fatfs_sd.o
                0x00000000080037d0                SD_disk_read
 .text.SD_disk_write
                0x00000000080038a4      0x108 ./Core/Src/fatfs_sd.o
                0x00000000080038a4                SD_disk_write
 .text.SD_disk_ioctl
                0x00000000080039ac      0x258 ./Core/Src/fatfs_sd.o
                0x00000000080039ac                SD_disk_ioctl
 .text.bufsize  0x0000000008003c04       0x2e ./Core/Src/main.o
                0x0000000008003c04                bufsize
 *fill*         0x0000000008003c32        0x2 
 .text.clear_buffer
                0x0000000008003c34       0x38 ./Core/Src/main.o
                0x0000000008003c34                clear_buffer
 .text.send_uart
                0x0000000008003c6c       0x30 ./Core/Src/main.o
                0x0000000008003c6c                send_uart
 *fill*         0x0000000008003c9c        0x4 
 .text.write_to_csvfile
                0x0000000008003ca0      0x2f4 ./Core/Src/main.o
                0x0000000008003ca0                write_to_csvfile
 .text.HAL_CAN_RxFifo0MsgPendingCallback
                0x0000000008003f94       0x38 ./Core/Src/main.o
                0x0000000008003f94                HAL_CAN_RxFifo0MsgPendingCallback
 .text.HAL_UART_RxCpltCallback
                0x0000000008003fcc       0x2c ./Core/Src/main.o
                0x0000000008003fcc                HAL_UART_RxCpltCallback
 .text.set_time
                0x0000000008003ff8       0x80 ./Core/Src/main.o
                0x0000000008003ff8                set_time
 .text.get_time
                0x0000000008004078       0x7c ./Core/Src/main.o
                0x0000000008004078                get_time
 .text.HAL_GPIO_EXTI_Callback
                0x00000000080040f4       0x5c ./Core/Src/main.o
                0x00000000080040f4                HAL_GPIO_EXTI_Callback
 .text.sd_init  0x0000000008004150      0x348 ./Core/Src/main.o
                0x0000000008004150                sd_init
 .text.CellMonitorsArrayTranslate
                0x0000000008004498       0xbc ./Core/Src/main.o
                0x0000000008004498                CellMonitorsArrayTranslate
 .text.AuxMonitorsArrayTranslate
                0x0000000008004554       0xa8 ./Core/Src/main.o
                0x0000000008004554                AuxMonitorsArrayTranslate
 .text.calculateMaxandMinCellVoltages
                0x00000000080045fc      0x11c ./Core/Src/main.o
                0x00000000080045fc                calculateMaxandMinCellVoltages
 .text.init_cell_asic_structure
                0x0000000008004718      0x254 ./Core/Src/main.o
                0x0000000008004718                init_cell_asic_structure
 .text.cellBalancingUnitTest
                0x000000000800496c      0xc9c ./Core/Src/main.o
                0x000000000800496c                cellBalancingUnitTest
 .text.init_LTC6813
                0x0000000008005608      0x160 ./Core/Src/main.o
                0x0000000008005608                init_LTC6813
 .text.unit_test_LTC6813
                0x0000000008005768      0x35c ./Core/Src/main.o
                0x0000000008005768                unit_test_LTC6813
 .text.main     0x0000000008005ac4      0x1a8 ./Core/Src/main.o
                0x0000000008005ac4                main
 .text.SystemClock_Config
                0x0000000008005c6c       0xd8 ./Core/Src/main.o
                0x0000000008005c6c                SystemClock_Config
 .text.MX_CAN_Init
                0x0000000008005d44       0xa8 ./Core/Src/main.o
 .text.MX_RTC_Init
                0x0000000008005dec       0xc0 ./Core/Src/main.o
 .text.MX_SPI1_Init
                0x0000000008005eac       0x7c ./Core/Src/main.o
 .text.MX_SPI2_Init
                0x0000000008005f28       0x7c ./Core/Src/main.o
 .text.MX_USART2_UART_Init
                0x0000000008005fa4       0x60 ./Core/Src/main.o
 .text.MX_GPIO_Init
                0x0000000008006004      0x104 ./Core/Src/main.o
 .text.Error_Handler
                0x0000000008006108        0xa ./Core/Src/main.o
                0x0000000008006108                Error_Handler
 .text.modDelayTick1ms
                0x0000000008006112       0x34 ./Core/Src/modDelay.o
                0x0000000008006112                modDelayTick1ms
 *fill*         0x0000000008006146        0x2 
 .text.HAL_MspInit
                0x0000000008006148       0x48 ./Core/Src/stm32f3xx_hal_msp.o
                0x0000000008006148                HAL_MspInit
 .text.HAL_CAN_MspInit
                0x0000000008006190       0x98 ./Core/Src/stm32f3xx_hal_msp.o
                0x0000000008006190                HAL_CAN_MspInit
 .text.HAL_RTC_MspInit
                0x0000000008006228       0x4c ./Core/Src/stm32f3xx_hal_msp.o
                0x0000000008006228                HAL_RTC_MspInit
 .text.HAL_SPI_MspInit
                0x0000000008006274       0xec ./Core/Src/stm32f3xx_hal_msp.o
                0x0000000008006274                HAL_SPI_MspInit
 .text.HAL_UART_MspInit
                0x0000000008006360       0x94 ./Core/Src/stm32f3xx_hal_msp.o
                0x0000000008006360                HAL_UART_MspInit
 .text.SDTimer_Handler
                0x00000000080063f4       0x48 ./Core/Src/stm32f3xx_it.o
                0x00000000080063f4                SDTimer_Handler
 .text.NMI_Handler
                0x000000000800643c        0x6 ./Core/Src/stm32f3xx_it.o
                0x000000000800643c                NMI_Handler
 .text.HardFault_Handler
                0x0000000008006442        0x6 ./Core/Src/stm32f3xx_it.o
                0x0000000008006442                HardFault_Handler
 .text.MemManage_Handler
                0x0000000008006448        0x6 ./Core/Src/stm32f3xx_it.o
                0x0000000008006448                MemManage_Handler
 .text.BusFault_Handler
                0x000000000800644e        0x6 ./Core/Src/stm32f3xx_it.o
                0x000000000800644e                BusFault_Handler
 .text.UsageFault_Handler
                0x0000000008006454        0x6 ./Core/Src/stm32f3xx_it.o
                0x0000000008006454                UsageFault_Handler
 .text.SVC_Handler
                0x000000000800645a        0xe ./Core/Src/stm32f3xx_it.o
                0x000000000800645a                SVC_Handler
 .text.DebugMon_Handler
                0x0000000008006468        0xe ./Core/Src/stm32f3xx_it.o
                0x0000000008006468                DebugMon_Handler
 .text.PendSV_Handler
                0x0000000008006476        0xe ./Core/Src/stm32f3xx_it.o
                0x0000000008006476                PendSV_Handler
 .text.SysTick_Handler
                0x0000000008006484       0x34 ./Core/Src/stm32f3xx_it.o
                0x0000000008006484                SysTick_Handler
 .text.USB_LP_CAN_RX0_IRQHandler
                0x00000000080064b8       0x14 ./Core/Src/stm32f3xx_it.o
                0x00000000080064b8                USB_LP_CAN_RX0_IRQHandler
 .text.EXTI9_5_IRQHandler
                0x00000000080064cc        0xe ./Core/Src/stm32f3xx_it.o
                0x00000000080064cc                EXTI9_5_IRQHandler
 *fill*         0x00000000080064da        0x2 
 .text.USART2_IRQHandler
                0x00000000080064dc       0x14 ./Core/Src/stm32f3xx_it.o
                0x00000000080064dc                USART2_IRQHandler
 .text._getpid  0x00000000080064f0       0x10 ./Core/Src/syscalls.o
                0x00000000080064f0                _getpid
 .text._kill    0x0000000008006500       0x20 ./Core/Src/syscalls.o
                0x0000000008006500                _kill
 .text._exit    0x0000000008006520       0x14 ./Core/Src/syscalls.o
                0x0000000008006520                _exit
 .text._read    0x0000000008006534       0x3a ./Core/Src/syscalls.o
                0x0000000008006534                _read
 .text._write   0x000000000800656e       0x38 ./Core/Src/syscalls.o
                0x000000000800656e                _write
 .text._close   0x00000000080065a6       0x18 ./Core/Src/syscalls.o
                0x00000000080065a6                _close
 .text._fstat   0x00000000080065be       0x20 ./Core/Src/syscalls.o
                0x00000000080065be                _fstat
 .text._isatty  0x00000000080065de       0x16 ./Core/Src/syscalls.o
                0x00000000080065de                _isatty
 .text._lseek   0x00000000080065f4       0x1a ./Core/Src/syscalls.o
                0x00000000080065f4                _lseek
 *fill*         0x000000000800660e        0x2 
 .text._sbrk    0x0000000008006610       0x6c ./Core/Src/sysmem.o
                0x0000000008006610                _sbrk
 .text.SystemInit
                0x000000000800667c       0x24 ./Core/Src/system_stm32f3xx.o
                0x000000000800667c                SystemInit
 .text.Reset_Handler
                0x00000000080066a0       0x50 ./Core/Startup/startup_stm32f303cctx.o
                0x00000000080066a0                Reset_Handler
 .text.Default_Handler
                0x00000000080066f0        0x2 ./Core/Startup/startup_stm32f303cctx.o
                0x00000000080066f0                RTC_Alarm_IRQHandler
                0x00000000080066f0                TIM8_TRG_COM_IRQHandler
                0x00000000080066f0                TIM8_CC_IRQHandler
                0x00000000080066f0                TIM1_CC_IRQHandler
                0x00000000080066f0                USB_HP_IRQHandler
                0x00000000080066f0                PVD_IRQHandler
                0x00000000080066f0                TAMP_STAMP_IRQHandler
                0x00000000080066f0                EXTI3_IRQHandler
                0x00000000080066f0                USB_HP_CAN_TX_IRQHandler
                0x00000000080066f0                EXTI0_IRQHandler
                0x00000000080066f0                I2C2_EV_IRQHandler
                0x00000000080066f0                FPU_IRQHandler
                0x00000000080066f0                TIM1_UP_TIM16_IRQHandler
                0x00000000080066f0                ADC1_2_IRQHandler
                0x00000000080066f0                SPI1_IRQHandler
                0x00000000080066f0                CAN_SCE_IRQHandler
                0x00000000080066f0                TIM6_DAC_IRQHandler
                0x00000000080066f0                TIM8_UP_IRQHandler
                0x00000000080066f0                DMA2_Channel2_IRQHandler
                0x00000000080066f0                DMA1_Channel4_IRQHandler
                0x00000000080066f0                USART3_IRQHandler
                0x00000000080066f0                DMA1_Channel7_IRQHandler
                0x00000000080066f0                UART5_IRQHandler
                0x00000000080066f0                ADC3_IRQHandler
                0x00000000080066f0                TIM4_IRQHandler
                0x00000000080066f0                CAN_RX1_IRQHandler
                0x00000000080066f0                DMA2_Channel1_IRQHandler
                0x00000000080066f0                I2C1_EV_IRQHandler
                0x00000000080066f0                DMA1_Channel6_IRQHandler
                0x00000000080066f0                UART4_IRQHandler
                0x00000000080066f0                DMA2_Channel4_IRQHandler
                0x00000000080066f0                TIM3_IRQHandler
                0x00000000080066f0                RCC_IRQHandler
                0x00000000080066f0                DMA1_Channel1_IRQHandler
                0x00000000080066f0                Default_Handler
                0x00000000080066f0                USBWakeUp_RMP_IRQHandler
                0x00000000080066f0                EXTI15_10_IRQHandler
                0x00000000080066f0                TIM7_IRQHandler
                0x00000000080066f0                RTC_WKUP_IRQHandler
                0x00000000080066f0                SPI2_IRQHandler
                0x00000000080066f0                DMA2_Channel5_IRQHandler
                0x00000000080066f0                DMA1_Channel5_IRQHandler
                0x00000000080066f0                USB_LP_IRQHandler
                0x00000000080066f0                EXTI4_IRQHandler
                0x00000000080066f0                TIM1_TRG_COM_TIM17_IRQHandler
                0x00000000080066f0                DMA1_Channel3_IRQHandler
                0x00000000080066f0                ADC4_IRQHandler
                0x00000000080066f0                WWDG_IRQHandler
                0x00000000080066f0                TIM2_IRQHandler
                0x00000000080066f0                COMP7_IRQHandler
                0x00000000080066f0                COMP1_2_3_IRQHandler
                0x00000000080066f0                EXTI1_IRQHandler
                0x00000000080066f0                COMP4_5_6_IRQHandler
                0x00000000080066f0                I2C2_ER_IRQHandler
                0x00000000080066f0                DMA1_Channel2_IRQHandler
                0x00000000080066f0                TIM8_BRK_IRQHandler
                0x00000000080066f0                FLASH_IRQHandler
                0x00000000080066f0                USART1_IRQHandler
                0x00000000080066f0                SPI3_IRQHandler
                0x00000000080066f0                I2C1_ER_IRQHandler
                0x00000000080066f0                USBWakeUp_IRQHandler
                0x00000000080066f0                DMA2_Channel3_IRQHandler
                0x00000000080066f0                EXTI2_TSC_IRQHandler
                0x00000000080066f0                TIM1_BRK_TIM15_IRQHandler
 *fill*         0x00000000080066f2        0x2 
 .text.HAL_Init
                0x00000000080066f4       0x2c ./Drivers/STM32F3xx_HAL_Driver/Src/stm32f3xx_hal.o
                0x00000000080066f4                HAL_Init
 .text.HAL_InitTick
                0x0000000008006720       0x60 ./Drivers/STM32F3xx_HAL_Driver/Src/stm32f3xx_hal.o
                0x0000000008006720                HAL_InitTick
 .text.HAL_IncTick
                0x0000000008006780       0x28 ./Drivers/STM32F3xx_HAL_Driver/Src/stm32f3xx_hal.o
                0x0000000008006780                HAL_IncTick
 .text.HAL_GetTick
                0x00000000080067a8       0x18 ./Drivers/STM32F3xx_HAL_Driver/Src/stm32f3xx_hal.o
                0x00000000080067a8                HAL_GetTick
 .text.HAL_Delay
                0x00000000080067c0       0x48 ./Drivers/STM32F3xx_HAL_Driver/Src/stm32f3xx_hal.o
                0x00000000080067c0                HAL_Delay
 .text.HAL_CAN_Init
                0x0000000008006808      0x1f6 ./Drivers/STM32F3xx_HAL_Driver/Src/stm32f3xx_hal_can.o
                0x0000000008006808                HAL_CAN_Init
 .text.HAL_CAN_ConfigFilter
                0x00000000080069fe      0x194 ./Drivers/STM32F3xx_HAL_Driver/Src/stm32f3xx_hal_can.o
                0x00000000080069fe                HAL_CAN_ConfigFilter
 .text.HAL_CAN_Start
                0x0000000008006b92       0x88 ./Drivers/STM32F3xx_HAL_Driver/Src/stm32f3xx_hal_can.o
                0x0000000008006b92                HAL_CAN_Start
 .text.HAL_CAN_AddTxMessage
                0x0000000008006c1a      0x1b6 ./Drivers/STM32F3xx_HAL_Driver/Src/stm32f3xx_hal_can.o
                0x0000000008006c1a                HAL_CAN_AddTxMessage
 .text.HAL_CAN_GetRxMessage
                0x0000000008006dd0      0x224 ./Drivers/STM32F3xx_HAL_Driver/Src/stm32f3xx_hal_can.o
                0x0000000008006dd0                HAL_CAN_GetRxMessage
 .text.HAL_CAN_ActivateNotification
                0x0000000008006ff4       0x4c ./Drivers/STM32F3xx_HAL_Driver/Src/stm32f3xx_hal_can.o
                0x0000000008006ff4                HAL_CAN_ActivateNotification
 .text.HAL_CAN_IRQHandler
                0x0000000008007040      0x36e ./Drivers/STM32F3xx_HAL_Driver/Src/stm32f3xx_hal_can.o
                0x0000000008007040                HAL_CAN_IRQHandler
 .text.HAL_CAN_TxMailbox0CompleteCallback
                0x00000000080073ae       0x14 ./Drivers/STM32F3xx_HAL_Driver/Src/stm32f3xx_hal_can.o
                0x00000000080073ae                HAL_CAN_TxMailbox0CompleteCallback
 .text.HAL_CAN_TxMailbox1CompleteCallback
                0x00000000080073c2       0x14 ./Drivers/STM32F3xx_HAL_Driver/Src/stm32f3xx_hal_can.o
                0x00000000080073c2                HAL_CAN_TxMailbox1CompleteCallback
 .text.HAL_CAN_TxMailbox2CompleteCallback
                0x00000000080073d6       0x14 ./Drivers/STM32F3xx_HAL_Driver/Src/stm32f3xx_hal_can.o
                0x00000000080073d6                HAL_CAN_TxMailbox2CompleteCallback
 .text.HAL_CAN_TxMailbox0AbortCallback
                0x00000000080073ea       0x14 ./Drivers/STM32F3xx_HAL_Driver/Src/stm32f3xx_hal_can.o
                0x00000000080073ea                HAL_CAN_TxMailbox0AbortCallback
 .text.HAL_CAN_TxMailbox1AbortCallback
                0x00000000080073fe       0x14 ./Drivers/STM32F3xx_HAL_Driver/Src/stm32f3xx_hal_can.o
                0x00000000080073fe                HAL_CAN_TxMailbox1AbortCallback
 .text.HAL_CAN_TxMailbox2AbortCallback
                0x0000000008007412       0x14 ./Drivers/STM32F3xx_HAL_Driver/Src/stm32f3xx_hal_can.o
                0x0000000008007412                HAL_CAN_TxMailbox2AbortCallback
 .text.HAL_CAN_RxFifo0FullCallback
                0x0000000008007426       0x14 ./Drivers/STM32F3xx_HAL_Driver/Src/stm32f3xx_hal_can.o
                0x0000000008007426                HAL_CAN_RxFifo0FullCallback
 .text.HAL_CAN_RxFifo1MsgPendingCallback
                0x000000000800743a       0x14 ./Drivers/STM32F3xx_HAL_Driver/Src/stm32f3xx_hal_can.o
                0x000000000800743a                HAL_CAN_RxFifo1MsgPendingCallback
 .text.HAL_CAN_RxFifo1FullCallback
                0x000000000800744e       0x14 ./Drivers/STM32F3xx_HAL_Driver/Src/stm32f3xx_hal_can.o
                0x000000000800744e                HAL_CAN_RxFifo1FullCallback
 .text.HAL_CAN_SleepCallback
                0x0000000008007462       0x14 ./Drivers/STM32F3xx_HAL_Driver/Src/stm32f3xx_hal_can.o
                0x0000000008007462                HAL_CAN_SleepCallback
 .text.HAL_CAN_WakeUpFromRxMsgCallback
                0x0000000008007476       0x14 ./Drivers/STM32F3xx_HAL_Driver/Src/stm32f3xx_hal_can.o
                0x0000000008007476                HAL_CAN_WakeUpFromRxMsgCallback
 .text.HAL_CAN_ErrorCallback
                0x000000000800748a       0x14 ./Drivers/STM32F3xx_HAL_Driver/Src/stm32f3xx_hal_can.o
                0x000000000800748a                HAL_CAN_ErrorCallback
 *fill*         0x000000000800749e        0x2 
 .text.__NVIC_SetPriorityGrouping
                0x00000000080074a0       0x48 ./Drivers/STM32F3xx_HAL_Driver/Src/stm32f3xx_hal_cortex.o
 .text.__NVIC_GetPriorityGrouping
                0x00000000080074e8       0x1c ./Drivers/STM32F3xx_HAL_Driver/Src/stm32f3xx_hal_cortex.o
 .text.__NVIC_EnableIRQ
                0x0000000008007504       0x3c ./Drivers/STM32F3xx_HAL_Driver/Src/stm32f3xx_hal_cortex.o
 .text.__NVIC_SetPriority
                0x0000000008007540       0x54 ./Drivers/STM32F3xx_HAL_Driver/Src/stm32f3xx_hal_cortex.o
 .text.NVIC_EncodePriority
                0x0000000008007594       0x66 ./Drivers/STM32F3xx_HAL_Driver/Src/stm32f3xx_hal_cortex.o
 *fill*         0x00000000080075fa        0x2 
 .text.SysTick_Config
                0x00000000080075fc       0x44 ./Drivers/STM32F3xx_HAL_Driver/Src/stm32f3xx_hal_cortex.o
 .text.HAL_NVIC_SetPriorityGrouping
                0x0000000008007640       0x16 ./Drivers/STM32F3xx_HAL_Driver/Src/stm32f3xx_hal_cortex.o
                0x0000000008007640                HAL_NVIC_SetPriorityGrouping
 .text.HAL_NVIC_SetPriority
                0x0000000008007656       0x38 ./Drivers/STM32F3xx_HAL_Driver/Src/stm32f3xx_hal_cortex.o
                0x0000000008007656                HAL_NVIC_SetPriority
 .text.HAL_NVIC_EnableIRQ
                0x000000000800768e       0x1c ./Drivers/STM32F3xx_HAL_Driver/Src/stm32f3xx_hal_cortex.o
                0x000000000800768e                HAL_NVIC_EnableIRQ
 .text.HAL_SYSTICK_Config
                0x00000000080076aa       0x18 ./Drivers/STM32F3xx_HAL_Driver/Src/stm32f3xx_hal_cortex.o
                0x00000000080076aa                HAL_SYSTICK_Config
 .text.HAL_DMA_Abort
                0x00000000080076c2       0x72 ./Drivers/STM32F3xx_HAL_Driver/Src/stm32f3xx_hal_dma.o
                0x00000000080076c2                HAL_DMA_Abort
 .text.HAL_DMA_Abort_IT
                0x0000000008007734       0x7c ./Drivers/STM32F3xx_HAL_Driver/Src/stm32f3xx_hal_dma.o
                0x0000000008007734                HAL_DMA_Abort_IT
 .text.HAL_GPIO_Init
                0x00000000080077b0      0x2f4 ./Drivers/STM32F3xx_HAL_Driver/Src/stm32f3xx_hal_gpio.o
                0x00000000080077b0                HAL_GPIO_Init
 .text.HAL_GPIO_ReadPin
                0x0000000008007aa4       0x30 ./Drivers/STM32F3xx_HAL_Driver/Src/stm32f3xx_hal_gpio.o
                0x0000000008007aa4                HAL_GPIO_ReadPin
 .text.HAL_GPIO_WritePin
                0x0000000008007ad4       0x30 ./Drivers/STM32F3xx_HAL_Driver/Src/stm32f3xx_hal_gpio.o
                0x0000000008007ad4                HAL_GPIO_WritePin
 .text.HAL_GPIO_TogglePin
                0x0000000008007b04       0x34 ./Drivers/STM32F3xx_HAL_Driver/Src/stm32f3xx_hal_gpio.o
                0x0000000008007b04                HAL_GPIO_TogglePin
 .text.HAL_GPIO_EXTI_IRQHandler
                0x0000000008007b38       0x30 ./Drivers/STM32F3xx_HAL_Driver/Src/stm32f3xx_hal_gpio.o
                0x0000000008007b38                HAL_GPIO_EXTI_IRQHandler
 .text.HAL_PWR_EnableBkUpAccess
                0x0000000008007b68       0x20 ./Drivers/STM32F3xx_HAL_Driver/Src/stm32f3xx_hal_pwr.o
                0x0000000008007b68                HAL_PWR_EnableBkUpAccess
 .text.HAL_RCC_OscConfig
                0x0000000008007b88     0x107c ./Drivers/STM32F3xx_HAL_Driver/Src/stm32f3xx_hal_rcc.o
                0x0000000008007b88                HAL_RCC_OscConfig
 .text.HAL_RCC_ClockConfig
                0x0000000008008c04      0x2f8 ./Drivers/STM32F3xx_HAL_Driver/Src/stm32f3xx_hal_rcc.o
                0x0000000008008c04                HAL_RCC_ClockConfig
 .text.HAL_RCC_GetSysClockFreq
                0x0000000008008efc       0xd4 ./Drivers/STM32F3xx_HAL_Driver/Src/stm32f3xx_hal_rcc.o
                0x0000000008008efc                HAL_RCC_GetSysClockFreq
 .text.HAL_RCC_GetHCLKFreq
                0x0000000008008fd0       0x18 ./Drivers/STM32F3xx_HAL_Driver/Src/stm32f3xx_hal_rcc.o
                0x0000000008008fd0                HAL_RCC_GetHCLKFreq
 .text.HAL_RCC_GetPCLK1Freq
                0x0000000008008fe8       0x44 ./Drivers/STM32F3xx_HAL_Driver/Src/stm32f3xx_hal_rcc.o
                0x0000000008008fe8                HAL_RCC_GetPCLK1Freq
 .text.HAL_RCC_GetPCLK2Freq
                0x000000000800902c       0x44 ./Drivers/STM32F3xx_HAL_Driver/Src/stm32f3xx_hal_rcc.o
                0x000000000800902c                HAL_RCC_GetPCLK2Freq
 .text.HAL_RCCEx_PeriphCLKConfig
                0x0000000008009070      0x360 ./Drivers/STM32F3xx_HAL_Driver/Src/stm32f3xx_hal_rcc_ex.o
                0x0000000008009070                HAL_RCCEx_PeriphCLKConfig
 .text.HAL_RTC_Init
                0x00000000080093d0      0x122 ./Drivers/STM32F3xx_HAL_Driver/Src/stm32f3xx_hal_rtc.o
                0x00000000080093d0                HAL_RTC_Init
 .text.HAL_RTC_SetTime
                0x00000000080094f2      0x17a ./Drivers/STM32F3xx_HAL_Driver/Src/stm32f3xx_hal_rtc.o
                0x00000000080094f2                HAL_RTC_SetTime
 .text.HAL_RTC_GetTime
                0x000000000800966c       0xbc ./Drivers/STM32F3xx_HAL_Driver/Src/stm32f3xx_hal_rtc.o
                0x000000000800966c                HAL_RTC_GetTime
 .text.HAL_RTC_SetDate
                0x0000000008009728      0x14e ./Drivers/STM32F3xx_HAL_Driver/Src/stm32f3xx_hal_rtc.o
                0x0000000008009728                HAL_RTC_SetDate
 .text.HAL_RTC_GetDate
                0x0000000008009876       0x9e ./Drivers/STM32F3xx_HAL_Driver/Src/stm32f3xx_hal_rtc.o
                0x0000000008009876                HAL_RTC_GetDate
 .text.HAL_RTC_WaitForSynchro
                0x0000000008009914       0x50 ./Drivers/STM32F3xx_HAL_Driver/Src/stm32f3xx_hal_rtc.o
                0x0000000008009914                HAL_RTC_WaitForSynchro
 .text.RTC_EnterInitMode
                0x0000000008009964       0x58 ./Drivers/STM32F3xx_HAL_Driver/Src/stm32f3xx_hal_rtc.o
                0x0000000008009964                RTC_EnterInitMode
 .text.RTC_ByteToBcd2
                0x00000000080099bc       0x3c ./Drivers/STM32F3xx_HAL_Driver/Src/stm32f3xx_hal_rtc.o
                0x00000000080099bc                RTC_ByteToBcd2
 .text.RTC_Bcd2ToByte
                0x00000000080099f8       0x3c ./Drivers/STM32F3xx_HAL_Driver/Src/stm32f3xx_hal_rtc.o
                0x00000000080099f8                RTC_Bcd2ToByte
 .text.HAL_RTCEx_BKUPWrite
                0x0000000008009a34       0x34 ./Drivers/STM32F3xx_HAL_Driver/Src/stm32f3xx_hal_rtc_ex.o
                0x0000000008009a34                HAL_RTCEx_BKUPWrite
 .text.HAL_RTCEx_BKUPRead
                0x0000000008009a68       0x30 ./Drivers/STM32F3xx_HAL_Driver/Src/stm32f3xx_hal_rtc_ex.o
                0x0000000008009a68                HAL_RTCEx_BKUPRead
 .text.HAL_SPI_Init
                0x0000000008009a98      0x156 ./Drivers/STM32F3xx_HAL_Driver/Src/stm32f3xx_hal_spi.o
                0x0000000008009a98                HAL_SPI_Init
 .text.HAL_SPI_Transmit
                0x0000000008009bee      0x2dc ./Drivers/STM32F3xx_HAL_Driver/Src/stm32f3xx_hal_spi.o
                0x0000000008009bee                HAL_SPI_Transmit
 .text.HAL_SPI_TransmitReceive
                0x0000000008009eca      0x426 ./Drivers/STM32F3xx_HAL_Driver/Src/stm32f3xx_hal_spi.o
                0x0000000008009eca                HAL_SPI_TransmitReceive
 .text.SPI_WaitFlagStateUntilTimeout
                0x000000000800a2f0      0x110 ./Drivers/STM32F3xx_HAL_Driver/Src/stm32f3xx_hal_spi.o
 .text.SPI_WaitFifoStateUntilTimeout
                0x000000000800a400      0x12c ./Drivers/STM32F3xx_HAL_Driver/Src/stm32f3xx_hal_spi.o
 .text.SPI_EndRxTxTransaction
                0x000000000800a52c       0x8c ./Drivers/STM32F3xx_HAL_Driver/Src/stm32f3xx_hal_spi.o
 .text.HAL_UART_Init
                0x000000000800a5b8       0x9c ./Drivers/STM32F3xx_HAL_Driver/Src/stm32f3xx_hal_uart.o
                0x000000000800a5b8                HAL_UART_Init
 .text.HAL_UART_Transmit
                0x000000000800a654      0x128 ./Drivers/STM32F3xx_HAL_Driver/Src/stm32f3xx_hal_uart.o
                0x000000000800a654                HAL_UART_Transmit
 .text.HAL_UART_Receive_IT
                0x000000000800a77c       0x9c ./Drivers/STM32F3xx_HAL_Driver/Src/stm32f3xx_hal_uart.o
                0x000000000800a77c                HAL_UART_Receive_IT
 .text.HAL_UART_IRQHandler
                0x000000000800a818      0x5bc ./Drivers/STM32F3xx_HAL_Driver/Src/stm32f3xx_hal_uart.o
                0x000000000800a818                HAL_UART_IRQHandler
 .text.HAL_UART_TxCpltCallback
                0x000000000800add4       0x14 ./Drivers/STM32F3xx_HAL_Driver/Src/stm32f3xx_hal_uart.o
                0x000000000800add4                HAL_UART_TxCpltCallback
 .text.HAL_UART_ErrorCallback
                0x000000000800ade8       0x14 ./Drivers/STM32F3xx_HAL_Driver/Src/stm32f3xx_hal_uart.o
                0x000000000800ade8                HAL_UART_ErrorCallback
 .text.HAL_UARTEx_RxEventCallback
                0x000000000800adfc       0x18 ./Drivers/STM32F3xx_HAL_Driver/Src/stm32f3xx_hal_uart.o
                0x000000000800adfc                HAL_UARTEx_RxEventCallback
 .text.UART_SetConfig
                0x000000000800ae14      0x3ac ./Drivers/STM32F3xx_HAL_Driver/Src/stm32f3xx_hal_uart.o
                0x000000000800ae14                UART_SetConfig
 .text.UART_AdvFeatureConfig
                0x000000000800b1c0      0x144 ./Drivers/STM32F3xx_HAL_Driver/Src/stm32f3xx_hal_uart.o
                0x000000000800b1c0                UART_AdvFeatureConfig
 .text.UART_CheckIdleState
                0x000000000800b304       0x92 ./Drivers/STM32F3xx_HAL_Driver/Src/stm32f3xx_hal_uart.o
                0x000000000800b304                UART_CheckIdleState
 .text.UART_WaitOnFlagUntilTimeout
                0x000000000800b396      0x188 ./Drivers/STM32F3xx_HAL_Driver/Src/stm32f3xx_hal_uart.o
                0x000000000800b396                UART_WaitOnFlagUntilTimeout
 *fill*         0x000000000800b51e        0x2 
 .text.UART_Start_Receive_IT
                0x000000000800b520      0x130 ./Drivers/STM32F3xx_HAL_Driver/Src/stm32f3xx_hal_uart.o
                0x000000000800b520                UART_Start_Receive_IT
 .text.UART_EndRxTransfer
                0x000000000800b650       0xc6 ./Drivers/STM32F3xx_HAL_Driver/Src/stm32f3xx_hal_uart.o
 .text.UART_DMAAbortOnError
                0x000000000800b716       0x2c ./Drivers/STM32F3xx_HAL_Driver/Src/stm32f3xx_hal_uart.o
 .text.UART_EndTransmit_IT
                0x000000000800b742       0x54 ./Drivers/STM32F3xx_HAL_Driver/Src/stm32f3xx_hal_uart.o
 .text.UART_RxISR_8BIT
                0x000000000800b796      0x15c ./Drivers/STM32F3xx_HAL_Driver/Src/stm32f3xx_hal_uart.o
 .text.UART_RxISR_16BIT
                0x000000000800b8f2      0x15c ./Drivers/STM32F3xx_HAL_Driver/Src/stm32f3xx_hal_uart.o
 .text.HAL_UARTEx_WakeupCallback
                0x000000000800ba4e       0x14 ./Drivers/STM32F3xx_HAL_Driver/Src/stm32f3xx_hal_uart_ex.o
                0x000000000800ba4e                HAL_UARTEx_WakeupCallback
 *fill*         0x000000000800ba62        0x2 
 .text.MX_FATFS_Init
                0x000000000800ba64       0x24 ./FATFS/App/fatfs.o
                0x000000000800ba64                MX_FATFS_Init
 .text.get_fattime
                0x000000000800ba88       0x10 ./FATFS/App/fatfs.o
                0x000000000800ba88                get_fattime
 .text.USER_initialize
                0x000000000800ba98       0x1e ./FATFS/Target/user_diskio.o
                0x000000000800ba98                USER_initialize
 .text.USER_status
                0x000000000800bab6       0x1e ./FATFS/Target/user_diskio.o
                0x000000000800bab6                USER_status
 .text.USER_read
                0x000000000800bad4       0x28 ./FATFS/Target/user_diskio.o
                0x000000000800bad4                USER_read
 .text.USER_write
                0x000000000800bafc       0x28 ./FATFS/Target/user_diskio.o
                0x000000000800bafc                USER_write
 .text.USER_ioctl
                0x000000000800bb24       0x28 ./FATFS/Target/user_diskio.o
                0x000000000800bb24                USER_ioctl
 .text.disk_status
                0x000000000800bb4c       0x34 ./Middlewares/Third_Party/FatFs/src/diskio.o
                0x000000000800bb4c                disk_status
 .text.disk_initialize
                0x000000000800bb80       0x4c ./Middlewares/Third_Party/FatFs/src/diskio.o
                0x000000000800bb80                disk_initialize
 .text.disk_read
                0x000000000800bbcc       0x40 ./Middlewares/Third_Party/FatFs/src/diskio.o
                0x000000000800bbcc                disk_read
 .text.disk_write
                0x000000000800bc0c       0x40 ./Middlewares/Third_Party/FatFs/src/diskio.o
                0x000000000800bc0c                disk_write
 .text.disk_ioctl
                0x000000000800bc4c       0x3c ./Middlewares/Third_Party/FatFs/src/diskio.o
                0x000000000800bc4c                disk_ioctl
 .text.mem_cpy  0x000000000800bc88       0x3e ./Middlewares/Third_Party/FatFs/src/ff.o
 .text.mem_set  0x000000000800bcc6       0x36 ./Middlewares/Third_Party/FatFs/src/ff.o
 .text.mem_cmp  0x000000000800bcfc       0x4e ./Middlewares/Third_Party/FatFs/src/ff.o
 .text.chk_chr  0x000000000800bd4a       0x36 ./Middlewares/Third_Party/FatFs/src/ff.o
 .text.chk_lock
                0x000000000800bd80       0xe0 ./Middlewares/Third_Party/FatFs/src/ff.o
 .text.enq_lock
                0x000000000800be60       0x48 ./Middlewares/Third_Party/FatFs/src/ff.o
 .text.inc_lock
                0x000000000800bea8      0x17c ./Middlewares/Third_Party/FatFs/src/ff.o
 .text.dec_lock
                0x000000000800c024       0x88 ./Middlewares/Third_Party/FatFs/src/ff.o
 .text.clear_lock
                0x000000000800c0ac       0x54 ./Middlewares/Third_Party/FatFs/src/ff.o
 .text.sync_window
                0x000000000800c100       0xa4 ./Middlewares/Third_Party/FatFs/src/ff.o
 .text.move_window
                0x000000000800c1a4       0x64 ./Middlewares/Third_Party/FatFs/src/ff.o
 .text.sync_fs  0x000000000800c208      0x17e ./Middlewares/Third_Party/FatFs/src/ff.o
 .text.clust2sect
                0x000000000800c386       0x4a ./Middlewares/Third_Party/FatFs/src/ff.o
                0x000000000800c386                clust2sect
 .text.get_fat  0x000000000800c3d0      0x1f8 ./Middlewares/Third_Party/FatFs/src/ff.o
                0x000000000800c3d0                get_fat
 .text.put_fat  0x000000000800c5c8      0x2a6 ./Middlewares/Third_Party/FatFs/src/ff.o
                0x000000000800c5c8                put_fat
 .text.remove_chain
                0x000000000800c86e       0xc2 ./Middlewares/Third_Party/FatFs/src/ff.o
 .text.create_chain
                0x000000000800c930      0x150 ./Middlewares/Third_Party/FatFs/src/ff.o
 .text.clmt_clust
                0x000000000800ca80       0x82 ./Middlewares/Third_Party/FatFs/src/ff.o
 .text.dir_sdi  0x000000000800cb02      0x19c ./Middlewares/Third_Party/FatFs/src/ff.o
 .text.dir_next
                0x000000000800cc9e      0x294 ./Middlewares/Third_Party/FatFs/src/ff.o
 .text.dir_alloc
                0x000000000800cf32       0x9c ./Middlewares/Third_Party/FatFs/src/ff.o
 .text.ld_clust
                0x000000000800cfce       0x5e ./Middlewares/Third_Party/FatFs/src/ff.o
 .text.st_clust
                0x000000000800d02c       0x4e ./Middlewares/Third_Party/FatFs/src/ff.o
 *fill*         0x000000000800d07a        0x2 
 .text.cmp_lfn  0x000000000800d07c       0xdc ./Middlewares/Third_Party/FatFs/src/ff.o
 .text.fit_lfn  0x000000000800d158       0xec ./Middlewares/Third_Party/FatFs/src/ff.o
 .text.gen_numname
                0x000000000800d244      0x11c ./Middlewares/Third_Party/FatFs/src/ff.o
 .text.sum_sfn  0x000000000800d360       0x42 ./Middlewares/Third_Party/FatFs/src/ff.o
 .text.dir_find
                0x000000000800d3a2      0x198 ./Middlewares/Third_Party/FatFs/src/ff.o
 *fill*         0x000000000800d53a        0x2 
 .text.dir_register
                0x000000000800d53c      0x248 ./Middlewares/Third_Party/FatFs/src/ff.o
 .text.create_name
                0x000000000800d784      0x37c ./Middlewares/Third_Party/FatFs/src/ff.o
 .text.follow_path
                0x000000000800db00       0xec ./Middlewares/Third_Party/FatFs/src/ff.o
 .text.get_ldnumber
                0x000000000800dbec       0x88 ./Middlewares/Third_Party/FatFs/src/ff.o
 .text.check_fs
                0x000000000800dc74       0xdc ./Middlewares/Third_Party/FatFs/src/ff.o
 .text.find_volume
                0x000000000800dd50      0x664 ./Middlewares/Third_Party/FatFs/src/ff.o
 .text.validate
                0x000000000800e3b4       0x76 ./Middlewares/Third_Party/FatFs/src/ff.o
 *fill*         0x000000000800e42a        0x2 
 .text.f_mount  0x000000000800e42c       0x94 ./Middlewares/Third_Party/FatFs/src/ff.o
                0x000000000800e42c                f_mount
 .text.f_open   0x000000000800e4c0      0x630 ./Middlewares/Third_Party/FatFs/src/ff.o
                0x000000000800e4c0                f_open
 .text.f_read   0x000000000800eaf0      0x3d0 ./Middlewares/Third_Party/FatFs/src/ff.o
                0x000000000800eaf0                f_read
 .text.f_write  0x000000000800eec0      0x472 ./Middlewares/Third_Party/FatFs/src/ff.o
                0x000000000800eec0                f_write
 .text.f_sync   0x000000000800f332      0x19c ./Middlewares/Third_Party/FatFs/src/ff.o
                0x000000000800f332                f_sync
 .text.f_close  0x000000000800f4ce       0x56 ./Middlewares/Third_Party/FatFs/src/ff.o
                0x000000000800f4ce                f_close
 .text.f_lseek  0x000000000800f524      0x5e2 ./Middlewares/Third_Party/FatFs/src/ff.o
                0x000000000800f524                f_lseek
 .text.f_getfree
                0x000000000800fb06      0x1b4 ./Middlewares/Third_Party/FatFs/src/ff.o
                0x000000000800fb06                f_getfree
 .text.f_gets   0x000000000800fcba       0x7a ./Middlewares/Third_Party/FatFs/src/ff.o
                0x000000000800fcba                f_gets
 .text.putc_bfd
                0x000000000800fd34       0x7a ./Middlewares/Third_Party/FatFs/src/ff.o
 .text.f_puts   0x000000000800fdae       0x72 ./Middlewares/Third_Party/FatFs/src/ff.o
                0x000000000800fdae                f_puts
 .text.FATFS_LinkDriverEx
                0x000000000800fe20       0x98 ./Middlewares/Third_Party/FatFs/src/ff_gen_drv.o
                0x000000000800fe20                FATFS_LinkDriverEx
 .text.FATFS_LinkDriver
                0x000000000800feb8       0x1e ./Middlewares/Third_Party/FatFs/src/ff_gen_drv.o
                0x000000000800feb8                FATFS_LinkDriver
 *fill*         0x000000000800fed6        0x2 
 .text.ff_convert
                0x000000000800fed8       0x78 ./Middlewares/Third_Party/FatFs/src/option/ccsbcs.o
                0x000000000800fed8                ff_convert
 .text.ff_wtoupper
                0x000000000800ff50       0x5c ./Middlewares/Third_Party/FatFs/src/option/ccsbcs.o
                0x000000000800ff50                ff_wtoupper
 *fill*         0x000000000800ffac        0x4 
 .text.log      0x000000000800ffb0       0x7c c:/st/stm32cubeide_1.9.0/stm32cubeide/plugins/com.st.stm32cube.ide.mcu.externaltools.gnu-tools-for-stm32.10.3-2021.10.win32_1.0.0.202111181127/tools/bin/../lib/gcc/arm-none-eabi/10.3.1/../../../../arm-none-eabi/lib/thumb/v7e-m+fp/hard\libm.a(lib_a-w_log.o)
                0x000000000800ffb0                log
 *fill*         0x000000000801002c        0x4 
 .text.__ieee754_log
                0x0000000008010030      0x374 c:/st/stm32cubeide_1.9.0/stm32cubeide/plugins/com.st.stm32cube.ide.mcu.externaltools.gnu-tools-for-stm32.10.3-2021.10.win32_1.0.0.202111181127/tools/bin/../lib/gcc/arm-none-eabi/10.3.1/../../../../arm-none-eabi/lib/thumb/v7e-m+fp/hard\libm.a(lib_a-e_log.o)
                0x0000000008010030                __ieee754_log
 *fill*         0x00000000080103a4        0x4 
 .text.nan      0x00000000080103a8       0x10 c:/st/stm32cubeide_1.9.0/stm32cubeide/plugins/com.st.stm32cube.ide.mcu.externaltools.gnu-tools-for-stm32.10.3-2021.10.win32_1.0.0.202111181127/tools/bin/../lib/gcc/arm-none-eabi/10.3.1/../../../../arm-none-eabi/lib/thumb/v7e-m+fp/hard\libm.a(lib_a-s_nan.o)
                0x00000000080103a8                nan
 .text.__errno  0x00000000080103b8        0xc c:/st/stm32cubeide_1.9.0/stm32cubeide/plugins/com.st.stm32cube.ide.mcu.externaltools.gnu-tools-for-stm32.10.3-2021.10.win32_1.0.0.202111181127/tools/bin/../lib/gcc/arm-none-eabi/10.3.1/../../../../arm-none-eabi/lib/thumb/v7e-m+fp/hard\libc_nano.a(lib_a-errno.o)
                0x00000000080103b8                __errno
 .text.__libc_init_array
                0x00000000080103c4       0x48 c:/st/stm32cubeide_1.9.0/stm32cubeide/plugins/com.st.stm32cube.ide.mcu.externaltools.gnu-tools-for-stm32.10.3-2021.10.win32_1.0.0.202111181127/tools/bin/../lib/gcc/arm-none-eabi/10.3.1/../../../../arm-none-eabi/lib/thumb/v7e-m+fp/hard\libc_nano.a(lib_a-init.o)
                0x00000000080103c4                __libc_init_array
 .text.malloc   0x000000000801040c       0x10 c:/st/stm32cubeide_1.9.0/stm32cubeide/plugins/com.st.stm32cube.ide.mcu.externaltools.gnu-tools-for-stm32.10.3-2021.10.win32_1.0.0.202111181127/tools/bin/../lib/gcc/arm-none-eabi/10.3.1/../../../../arm-none-eabi/lib/thumb/v7e-m+fp/hard\libc_nano.a(lib_a-malloc.o)
                0x000000000801040c                malloc
 .text.free     0x000000000801041c       0x10 c:/st/stm32cubeide_1.9.0/stm32cubeide/plugins/com.st.stm32cube.ide.mcu.externaltools.gnu-tools-for-stm32.10.3-2021.10.win32_1.0.0.202111181127/tools/bin/../lib/gcc/arm-none-eabi/10.3.1/../../../../arm-none-eabi/lib/thumb/v7e-m+fp/hard\libc_nano.a(lib_a-malloc.o)
                0x000000000801041c                free
 .text.memcpy   0x000000000801042c       0x1c c:/st/stm32cubeide_1.9.0/stm32cubeide/plugins/com.st.stm32cube.ide.mcu.externaltools.gnu-tools-for-stm32.10.3-2021.10.win32_1.0.0.202111181127/tools/bin/../lib/gcc/arm-none-eabi/10.3.1/../../../../arm-none-eabi/lib/thumb/v7e-m+fp/hard\libc_nano.a(lib_a-memcpy-stub.o)
                0x000000000801042c                memcpy
 .text.memset   0x0000000008010448       0x10 c:/st/stm32cubeide_1.9.0/stm32cubeide/plugins/com.st.stm32cube.ide.mcu.externaltools.gnu-tools-for-stm32.10.3-2021.10.win32_1.0.0.202111181127/tools/bin/../lib/gcc/arm-none-eabi/10.3.1/../../../../arm-none-eabi/lib/thumb/v7e-m+fp/hard\libc_nano.a(lib_a-memset.o)
                0x0000000008010448                memset
 .text._free_r  0x0000000008010458       0x98 c:/st/stm32cubeide_1.9.0/stm32cubeide/plugins/com.st.stm32cube.ide.mcu.externaltools.gnu-tools-for-stm32.10.3-2021.10.win32_1.0.0.202111181127/tools/bin/../lib/gcc/arm-none-eabi/10.3.1/../../../../arm-none-eabi/lib/thumb/v7e-m+fp/hard\libc_nano.a(lib_a-nano-freer.o)
                0x0000000008010458                _free_r
 .text.sbrk_aligned
                0x00000000080104f0       0x40 c:/st/stm32cubeide_1.9.0/stm32cubeide/plugins/com.st.stm32cube.ide.mcu.externaltools.gnu-tools-for-stm32.10.3-2021.10.win32_1.0.0.202111181127/tools/bin/../lib/gcc/arm-none-eabi/10.3.1/../../../../arm-none-eabi/lib/thumb/v7e-m+fp/hard\libc_nano.a(lib_a-nano-mallocr.o)
 .text._malloc_r
                0x0000000008010530       0xe8 c:/st/stm32cubeide_1.9.0/stm32cubeide/plugins/com.st.stm32cube.ide.mcu.externaltools.gnu-tools-for-stm32.10.3-2021.10.win32_1.0.0.202111181127/tools/bin/../lib/gcc/arm-none-eabi/10.3.1/../../../../arm-none-eabi/lib/thumb/v7e-m+fp/hard\libc_nano.a(lib_a-nano-mallocr.o)
                0x0000000008010530                _malloc_r
 .text.__cvt    0x0000000008010618       0xc4 c:/st/stm32cubeide_1.9.0/stm32cubeide/plugins/com.st.stm32cube.ide.mcu.externaltools.gnu-tools-for-stm32.10.3-2021.10.win32_1.0.0.202111181127/tools/bin/../lib/gcc/arm-none-eabi/10.3.1/../../../../arm-none-eabi/lib/thumb/v7e-m+fp/hard\libc_nano.a(lib_a-nano-vfprintf_float.o)
                0x0000000008010618                __cvt
 .text.__exponent
                0x00000000080106dc       0x7c c:/st/stm32cubeide_1.9.0/stm32cubeide/plugins/com.st.stm32cube.ide.mcu.externaltools.gnu-tools-for-stm32.10.3-2021.10.win32_1.0.0.202111181127/tools/bin/../lib/gcc/arm-none-eabi/10.3.1/../../../../arm-none-eabi/lib/thumb/v7e-m+fp/hard\libc_nano.a(lib_a-nano-vfprintf_float.o)
                0x00000000080106dc                __exponent
 .text._printf_float
                0x0000000008010758      0x46c c:/st/stm32cubeide_1.9.0/stm32cubeide/plugins/com.st.stm32cube.ide.mcu.externaltools.gnu-tools-for-stm32.10.3-2021.10.win32_1.0.0.202111181127/tools/bin/../lib/gcc/arm-none-eabi/10.3.1/../../../../arm-none-eabi/lib/thumb/v7e-m+fp/hard\libc_nano.a(lib_a-nano-vfprintf_float.o)
                0x0000000008010758                _printf_float
 .text._printf_common
                0x0000000008010bc4       0xda c:/st/stm32cubeide_1.9.0/stm32cubeide/plugins/com.st.stm32cube.ide.mcu.externaltools.gnu-tools-for-stm32.10.3-2021.10.win32_1.0.0.202111181127/tools/bin/../lib/gcc/arm-none-eabi/10.3.1/../../../../arm-none-eabi/lib/thumb/v7e-m+fp/hard\libc_nano.a(lib_a-nano-vfprintf_i.o)
                0x0000000008010bc4                _printf_common
 *fill*         0x0000000008010c9e        0x2 
 .text._printf_i
                0x0000000008010ca0      0x24c c:/st/stm32cubeide_1.9.0/stm32cubeide/plugins/com.st.stm32cube.ide.mcu.externaltools.gnu-tools-for-stm32.10.3-2021.10.win32_1.0.0.202111181127/tools/bin/../lib/gcc/arm-none-eabi/10.3.1/../../../../arm-none-eabi/lib/thumb/v7e-m+fp/hard\libc_nano.a(lib_a-nano-vfprintf_i.o)
                0x0000000008010ca0                _printf_i
 .text._sbrk_r  0x0000000008010eec       0x20 c:/st/stm32cubeide_1.9.0/stm32cubeide/plugins/com.st.stm32cube.ide.mcu.externaltools.gnu-tools-for-stm32.10.3-2021.10.win32_1.0.0.202111181127/tools/bin/../lib/gcc/arm-none-eabi/10.3.1/../../../../arm-none-eabi/lib/thumb/v7e-m+fp/hard\libc_nano.a(lib_a-sbrkr.o)
                0x0000000008010eec                _sbrk_r
 .text.sprintf  0x0000000008010f0c       0x40 c:/st/stm32cubeide_1.9.0/stm32cubeide/plugins/com.st.stm32cube.ide.mcu.externaltools.gnu-tools-for-stm32.10.3-2021.10.win32_1.0.0.202111181127/tools/bin/../lib/gcc/arm-none-eabi/10.3.1/../../../../arm-none-eabi/lib/thumb/v7e-m+fp/hard\libc_nano.a(lib_a-sprintf.o)
                0x0000000008010f0c                siprintf
                0x0000000008010f0c                sprintf
 .text.quorem   0x0000000008010f4c      0x116 c:/st/stm32cubeide_1.9.0/stm32cubeide/plugins/com.st.stm32cube.ide.mcu.externaltools.gnu-tools-for-stm32.10.3-2021.10.win32_1.0.0.202111181127/tools/bin/../lib/gcc/arm-none-eabi/10.3.1/../../../../arm-none-eabi/lib/thumb/v7e-m+fp/hard\libc_nano.a(lib_a-dtoa.o)
 *fill*         0x0000000008011062        0x6 
 .text._dtoa_r  0x0000000008011068      0xbdc c:/st/stm32cubeide_1.9.0/stm32cubeide/plugins/com.st.stm32cube.ide.mcu.externaltools.gnu-tools-for-stm32.10.3-2021.10.win32_1.0.0.202111181127/tools/bin/../lib/gcc/arm-none-eabi/10.3.1/../../../../arm-none-eabi/lib/thumb/v7e-m+fp/hard\libc_nano.a(lib_a-dtoa.o)
                0x0000000008011068                _dtoa_r
 .text._localeconv_r
                0x0000000008011c44        0x8 c:/st/stm32cubeide_1.9.0/stm32cubeide/plugins/com.st.stm32cube.ide.mcu.externaltools.gnu-tools-for-stm32.10.3-2021.10.win32_1.0.0.202111181127/tools/bin/../lib/gcc/arm-none-eabi/10.3.1/../../../../arm-none-eabi/lib/thumb/v7e-m+fp/hard\libc_nano.a(lib_a-localeconv.o)
                0x0000000008011c44                _localeconv_r
 .text.__malloc_lock
                0x0000000008011c4c        0xc c:/st/stm32cubeide_1.9.0/stm32cubeide/plugins/com.st.stm32cube.ide.mcu.externaltools.gnu-tools-for-stm32.10.3-2021.10.win32_1.0.0.202111181127/tools/bin/../lib/gcc/arm-none-eabi/10.3.1/../../../../arm-none-eabi/lib/thumb/v7e-m+fp/hard\libc_nano.a(lib_a-mlock.o)
                0x0000000008011c4c                __malloc_lock
 .text.__malloc_unlock
                0x0000000008011c58        0xc c:/st/stm32cubeide_1.9.0/stm32cubeide/plugins/com.st.stm32cube.ide.mcu.externaltools.gnu-tools-for-stm32.10.3-2021.10.win32_1.0.0.202111181127/tools/bin/../lib/gcc/arm-none-eabi/10.3.1/../../../../arm-none-eabi/lib/thumb/v7e-m+fp/hard\libc_nano.a(lib_a-mlock.o)
                0x0000000008011c58                __malloc_unlock
 .text._Balloc  0x0000000008011c64       0x80 c:/st/stm32cubeide_1.9.0/stm32cubeide/plugins/com.st.stm32cube.ide.mcu.externaltools.gnu-tools-for-stm32.10.3-2021.10.win32_1.0.0.202111181127/tools/bin/../lib/gcc/arm-none-eabi/10.3.1/../../../../arm-none-eabi/lib/thumb/v7e-m+fp/hard\libc_nano.a(lib_a-mprec.o)
                0x0000000008011c64                _Balloc
 .text._Bfree   0x0000000008011ce4       0x44 c:/st/stm32cubeide_1.9.0/stm32cubeide/plugins/com.st.stm32cube.ide.mcu.externaltools.gnu-tools-for-stm32.10.3-2021.10.win32_1.0.0.202111181127/tools/bin/../lib/gcc/arm-none-eabi/10.3.1/../../../../arm-none-eabi/lib/thumb/v7e-m+fp/hard\libc_nano.a(lib_a-mprec.o)
                0x0000000008011ce4                _Bfree
 .text.__multadd
                0x0000000008011d28       0x8c c:/st/stm32cubeide_1.9.0/stm32cubeide/plugins/com.st.stm32cube.ide.mcu.externaltools.gnu-tools-for-stm32.10.3-2021.10.win32_1.0.0.202111181127/tools/bin/../lib/gcc/arm-none-eabi/10.3.1/../../../../arm-none-eabi/lib/thumb/v7e-m+fp/hard\libc_nano.a(lib_a-mprec.o)
                0x0000000008011d28                __multadd
 .text.__hi0bits
                0x0000000008011db4       0x40 c:/st/stm32cubeide_1.9.0/stm32cubeide/plugins/com.st.stm32cube.ide.mcu.externaltools.gnu-tools-for-stm32.10.3-2021.10.win32_1.0.0.202111181127/tools/bin/../lib/gcc/arm-none-eabi/10.3.1/../../../../arm-none-eabi/lib/thumb/v7e-m+fp/hard\libc_nano.a(lib_a-mprec.o)
                0x0000000008011db4                __hi0bits
 .text.__lo0bits
                0x0000000008011df4       0x5e c:/st/stm32cubeide_1.9.0/stm32cubeide/plugins/com.st.stm32cube.ide.mcu.externaltools.gnu-tools-for-stm32.10.3-2021.10.win32_1.0.0.202111181127/tools/bin/../lib/gcc/arm-none-eabi/10.3.1/../../../../arm-none-eabi/lib/thumb/v7e-m+fp/hard\libc_nano.a(lib_a-mprec.o)
                0x0000000008011df4                __lo0bits
 *fill*         0x0000000008011e52        0x2 
 .text.__i2b    0x0000000008011e54       0x2c c:/st/stm32cubeide_1.9.0/stm32cubeide/plugins/com.st.stm32cube.ide.mcu.externaltools.gnu-tools-for-stm32.10.3-2021.10.win32_1.0.0.202111181127/tools/bin/../lib/gcc/arm-none-eabi/10.3.1/../../../../arm-none-eabi/lib/thumb/v7e-m+fp/hard\libc_nano.a(lib_a-mprec.o)
                0x0000000008011e54                __i2b
 .text.__multiply
                0x0000000008011e80      0x154 c:/st/stm32cubeide_1.9.0/stm32cubeide/plugins/com.st.stm32cube.ide.mcu.externaltools.gnu-tools-for-stm32.10.3-2021.10.win32_1.0.0.202111181127/tools/bin/../lib/gcc/arm-none-eabi/10.3.1/../../../../arm-none-eabi/lib/thumb/v7e-m+fp/hard\libc_nano.a(lib_a-mprec.o)
                0x0000000008011e80                __multiply
 .text.__pow5mult
                0x0000000008011fd4       0xb4 c:/st/stm32cubeide_1.9.0/stm32cubeide/plugins/com.st.stm32cube.ide.mcu.externaltools.gnu-tools-for-stm32.10.3-2021.10.win32_1.0.0.202111181127/tools/bin/../lib/gcc/arm-none-eabi/10.3.1/../../../../arm-none-eabi/lib/thumb/v7e-m+fp/hard\libc_nano.a(lib_a-mprec.o)
                0x0000000008011fd4                __pow5mult
 .text.__lshift
                0x0000000008012088       0xe0 c:/st/stm32cubeide_1.9.0/stm32cubeide/plugins/com.st.stm32cube.ide.mcu.externaltools.gnu-tools-for-stm32.10.3-2021.10.win32_1.0.0.202111181127/tools/bin/../lib/gcc/arm-none-eabi/10.3.1/../../../../arm-none-eabi/lib/thumb/v7e-m+fp/hard\libc_nano.a(lib_a-mprec.o)
                0x0000000008012088                __lshift
 .text.__mcmp   0x0000000008012168       0x38 c:/st/stm32cubeide_1.9.0/stm32cubeide/plugins/com.st.stm32cube.ide.mcu.externaltools.gnu-tools-for-stm32.10.3-2021.10.win32_1.0.0.202111181127/tools/bin/../lib/gcc/arm-none-eabi/10.3.1/../../../../arm-none-eabi/lib/thumb/v7e-m+fp/hard\libc_nano.a(lib_a-mprec.o)
                0x0000000008012168                __mcmp
 .text.__mdiff  0x00000000080121a0      0x114 c:/st/stm32cubeide_1.9.0/stm32cubeide/plugins/com.st.stm32cube.ide.mcu.externaltools.gnu-tools-for-stm32.10.3-2021.10.win32_1.0.0.202111181127/tools/bin/../lib/gcc/arm-none-eabi/10.3.1/../../../../arm-none-eabi/lib/thumb/v7e-m+fp/hard\libc_nano.a(lib_a-mprec.o)
                0x00000000080121a0                __mdiff
 .text.__d2b    0x00000000080122b4       0xb8 c:/st/stm32cubeide_1.9.0/stm32cubeide/plugins/com.st.stm32cube.ide.mcu.externaltools.gnu-tools-for-stm32.10.3-2021.10.win32_1.0.0.202111181127/tools/bin/../lib/gcc/arm-none-eabi/10.3.1/../../../../arm-none-eabi/lib/thumb/v7e-m+fp/hard\libc_nano.a(lib_a-mprec.o)
                0x00000000080122b4                __d2b
 .text._calloc_r
                0x000000000801236c       0x2c c:/st/stm32cubeide_1.9.0/stm32cubeide/plugins/com.st.stm32cube.ide.mcu.externaltools.gnu-tools-for-stm32.10.3-2021.10.win32_1.0.0.202111181127/tools/bin/../lib/gcc/arm-none-eabi/10.3.1/../../../../arm-none-eabi/lib/thumb/v7e-m+fp/hard\libc_nano.a(lib_a-nano-callocr.o)
                0x000000000801236c                _calloc_r
 .text.__ssputs_r
                0x0000000008012398       0xb6 c:/st/stm32cubeide_1.9.0/stm32cubeide/plugins/com.st.stm32cube.ide.mcu.externaltools.gnu-tools-for-stm32.10.3-2021.10.win32_1.0.0.202111181127/tools/bin/../lib/gcc/arm-none-eabi/10.3.1/../../../../arm-none-eabi/lib/thumb/v7e-m+fp/hard\libc_nano.a(lib_a-nano-svfprintf.o)
                0x0000000008012398                __ssputs_r
 *fill*         0x000000000801244e        0x2 
 .text._svfprintf_r
                0x0000000008012450      0x200 c:/st/stm32cubeide_1.9.0/stm32cubeide/plugins/com.st.stm32cube.ide.mcu.externaltools.gnu-tools-for-stm32.10.3-2021.10.win32_1.0.0.202111181127/tools/bin/../lib/gcc/arm-none-eabi/10.3.1/../../../../arm-none-eabi/lib/thumb/v7e-m+fp/hard\libc_nano.a(lib_a-nano-svfprintf.o)
                0x0000000008012450                _svfiprintf_r
                0x0000000008012450                _svfprintf_r
 .text.__assert_func
                0x0000000008012650       0x3c c:/st/stm32cubeide_1.9.0/stm32cubeide/plugins/com.st.stm32cube.ide.mcu.externaltools.gnu-tools-for-stm32.10.3-2021.10.win32_1.0.0.202111181127/tools/bin/../lib/gcc/arm-none-eabi/10.3.1/../../../../arm-none-eabi/lib/thumb/v7e-m+fp/hard\libc_nano.a(lib_a-assert.o)
                0x0000000008012650                __assert_func
 .text.fprintf  0x000000000801268c       0x24 c:/st/stm32cubeide_1.9.0/stm32cubeide/plugins/com.st.stm32cube.ide.mcu.externaltools.gnu-tools-for-stm32.10.3-2021.10.win32_1.0.0.202111181127/tools/bin/../lib/gcc/arm-none-eabi/10.3.1/../../../../arm-none-eabi/lib/thumb/v7e-m+fp/hard\libc_nano.a(lib_a-fprintf.o)
                0x000000000801268c                fiprintf
                0x000000000801268c                fprintf
 .text.__retarget_lock_init_recursive
                0x00000000080126b0        0x2 c:/st/stm32cubeide_1.9.0/stm32cubeide/plugins/com.st.stm32cube.ide.mcu.externaltools.gnu-tools-for-stm32.10.3-2021.10.win32_1.0.0.202111181127/tools/bin/../lib/gcc/arm-none-eabi/10.3.1/../../../../arm-none-eabi/lib/thumb/v7e-m+fp/hard\libc_nano.a(lib_a-lock.o)
                0x00000000080126b0                __retarget_lock_init_recursive
 .text.__retarget_lock_acquire_recursive
                0x00000000080126b2        0x2 c:/st/stm32cubeide_1.9.0/stm32cubeide/plugins/com.st.stm32cube.ide.mcu.externaltools.gnu-tools-for-stm32.10.3-2021.10.win32_1.0.0.202111181127/tools/bin/../lib/gcc/arm-none-eabi/10.3.1/../../../../arm-none-eabi/lib/thumb/v7e-m+fp/hard\libc_nano.a(lib_a-lock.o)
                0x00000000080126b2                __retarget_lock_acquire_recursive
 .text.__retarget_lock_release_recursive
                0x00000000080126b4        0x2 c:/st/stm32cubeide_1.9.0/stm32cubeide/plugins/com.st.stm32cube.ide.mcu.externaltools.gnu-tools-for-stm32.10.3-2021.10.win32_1.0.0.202111181127/tools/bin/../lib/gcc/arm-none-eabi/10.3.1/../../../../arm-none-eabi/lib/thumb/v7e-m+fp/hard\libc_nano.a(lib_a-lock.o)
                0x00000000080126b4                __retarget_lock_release_recursive
 .text.__ascii_mbtowc
                0x00000000080126b6       0x24 c:/st/stm32cubeide_1.9.0/stm32cubeide/plugins/com.st.stm32cube.ide.mcu.externaltools.gnu-tools-for-stm32.10.3-2021.10.win32_1.0.0.202111181127/tools/bin/../lib/gcc/arm-none-eabi/10.3.1/../../../../arm-none-eabi/lib/thumb/v7e-m+fp/hard\libc_nano.a(lib_a-mbtowc_r.o)
                0x00000000080126b6                __ascii_mbtowc
 .text.memmove  0x00000000080126da       0x34 c:/st/stm32cubeide_1.9.0/stm32cubeide/plugins/com.st.stm32cube.ide.mcu.externaltools.gnu-tools-for-stm32.10.3-2021.10.win32_1.0.0.202111181127/tools/bin/../lib/gcc/arm-none-eabi/10.3.1/../../../../arm-none-eabi/lib/thumb/v7e-m+fp/hard\libc_nano.a(lib_a-memmove.o)
                0x00000000080126da                memmove
 .text._realloc_r
                0x000000000801270e       0x5e c:/st/stm32cubeide_1.9.0/stm32cubeide/plugins/com.st.stm32cube.ide.mcu.externaltools.gnu-tools-for-stm32.10.3-2021.10.win32_1.0.0.202111181127/tools/bin/../lib/gcc/arm-none-eabi/10.3.1/../../../../arm-none-eabi/lib/thumb/v7e-m+fp/hard\libc_nano.a(lib_a-nano-reallocr.o)
                0x000000000801270e                _realloc_r
 .text.__sfputc_r
                0x000000000801276c       0x2e c:/st/stm32cubeide_1.9.0/stm32cubeide/plugins/com.st.stm32cube.ide.mcu.externaltools.gnu-tools-for-stm32.10.3-2021.10.win32_1.0.0.202111181127/tools/bin/../lib/gcc/arm-none-eabi/10.3.1/../../../../arm-none-eabi/lib/thumb/v7e-m+fp/hard\libc_nano.a(lib_a-nano-vfprintf.o)
 .text.__sfputs_r
                0x000000000801279a       0x24 c:/st/stm32cubeide_1.9.0/stm32cubeide/plugins/com.st.stm32cube.ide.mcu.externaltools.gnu-tools-for-stm32.10.3-2021.10.win32_1.0.0.202111181127/tools/bin/../lib/gcc/arm-none-eabi/10.3.1/../../../../arm-none-eabi/lib/thumb/v7e-m+fp/hard\libc_nano.a(lib_a-nano-vfprintf.o)
                0x000000000801279a                __sfputs_r
 *fill*         0x00000000080127be        0x2 
 .text._vfprintf_r
                0x00000000080127c0      0x260 c:/st/stm32cubeide_1.9.0/stm32cubeide/plugins/com.st.stm32cube.ide.mcu.externaltools.gnu-tools-for-stm32.10.3-2021.10.win32_1.0.0.202111181127/tools/bin/../lib/gcc/arm-none-eabi/10.3.1/../../../../arm-none-eabi/lib/thumb/v7e-m+fp/hard\libc_nano.a(lib_a-nano-vfprintf.o)
                0x00000000080127c0                _vfprintf_r
                0x00000000080127c0                _vfiprintf_r
 .text.__swbuf_r
                0x0000000008012a20       0xa4 c:/st/stm32cubeide_1.9.0/stm32cubeide/plugins/com.st.stm32cube.ide.mcu.externaltools.gnu-tools-for-stm32.10.3-2021.10.win32_1.0.0.202111181127/tools/bin/../lib/gcc/arm-none-eabi/10.3.1/../../../../arm-none-eabi/lib/thumb/v7e-m+fp/hard\libc_nano.a(lib_a-wbuf.o)
                0x0000000008012a20                __swbuf_r
 .text.__ascii_wctomb
                0x0000000008012ac4       0x1a c:/st/stm32cubeide_1.9.0/stm32cubeide/plugins/com.st.stm32cube.ide.mcu.externaltools.gnu-tools-for-stm32.10.3-2021.10.win32_1.0.0.202111181127/tools/bin/../lib/gcc/arm-none-eabi/10.3.1/../../../../arm-none-eabi/lib/thumb/v7e-m+fp/hard\libc_nano.a(lib_a-wctomb_r.o)
                0x0000000008012ac4                __ascii_wctomb
 *fill*         0x0000000008012ade        0x2 
 .text.__swsetup_r
                0x0000000008012ae0       0xdc c:/st/stm32cubeide_1.9.0/stm32cubeide/plugins/com.st.stm32cube.ide.mcu.externaltools.gnu-tools-for-stm32.10.3-2021.10.win32_1.0.0.202111181127/tools/bin/../lib/gcc/arm-none-eabi/10.3.1/../../../../arm-none-eabi/lib/thumb/v7e-m+fp/hard\libc_nano.a(lib_a-wsetup.o)
                0x0000000008012ae0                __swsetup_r
 .text.abort    0x0000000008012bbc        0xe c:/st/stm32cubeide_1.9.0/stm32cubeide/plugins/com.st.stm32cube.ide.mcu.externaltools.gnu-tools-for-stm32.10.3-2021.10.win32_1.0.0.202111181127/tools/bin/../lib/gcc/arm-none-eabi/10.3.1/../../../../arm-none-eabi/lib/thumb/v7e-m+fp/hard\libc_nano.a(lib_a-abort.o)
                0x0000000008012bbc                abort
 *fill*         0x0000000008012bca        0x2 
 .text.__sflush_r
                0x0000000008012bcc      0x10c c:/st/stm32cubeide_1.9.0/stm32cubeide/plugins/com.st.stm32cube.ide.mcu.externaltools.gnu-tools-for-stm32.10.3-2021.10.win32_1.0.0.202111181127/tools/bin/../lib/gcc/arm-none-eabi/10.3.1/../../../../arm-none-eabi/lib/thumb/v7e-m+fp/hard\libc_nano.a(lib_a-fflush.o)
                0x0000000008012bcc                __sflush_r
 .text._fflush_r
                0x0000000008012cd8       0x78 c:/st/stm32cubeide_1.9.0/stm32cubeide/plugins/com.st.stm32cube.ide.mcu.externaltools.gnu-tools-for-stm32.10.3-2021.10.win32_1.0.0.202111181127/tools/bin/../lib/gcc/arm-none-eabi/10.3.1/../../../../arm-none-eabi/lib/thumb/v7e-m+fp/hard\libc_nano.a(lib_a-fflush.o)
                0x0000000008012cd8                _fflush_r
 .text.std      0x0000000008012d50       0x48 c:/st/stm32cubeide_1.9.0/stm32cubeide/plugins/com.st.stm32cube.ide.mcu.externaltools.gnu-tools-for-stm32.10.3-2021.10.win32_1.0.0.202111181127/tools/bin/../lib/gcc/arm-none-eabi/10.3.1/../../../../arm-none-eabi/lib/thumb/v7e-m+fp/hard\libc_nano.a(lib_a-findfp.o)
 .text._cleanup_r
                0x0000000008012d98        0xc c:/st/stm32cubeide_1.9.0/stm32cubeide/plugins/com.st.stm32cube.ide.mcu.externaltools.gnu-tools-for-stm32.10.3-2021.10.win32_1.0.0.202111181127/tools/bin/../lib/gcc/arm-none-eabi/10.3.1/../../../../arm-none-eabi/lib/thumb/v7e-m+fp/hard\libc_nano.a(lib_a-findfp.o)
                0x0000000008012d98                _cleanup_r
 .text.__sfmoreglue
                0x0000000008012da4       0x2c c:/st/stm32cubeide_1.9.0/stm32cubeide/plugins/com.st.stm32cube.ide.mcu.externaltools.gnu-tools-for-stm32.10.3-2021.10.win32_1.0.0.202111181127/tools/bin/../lib/gcc/arm-none-eabi/10.3.1/../../../../arm-none-eabi/lib/thumb/v7e-m+fp/hard\libc_nano.a(lib_a-findfp.o)
                0x0000000008012da4                __sfmoreglue
 .text.__sfp_lock_acquire
                0x0000000008012dd0        0xc c:/st/stm32cubeide_1.9.0/stm32cubeide/plugins/com.st.stm32cube.ide.mcu.externaltools.gnu-tools-for-stm32.10.3-2021.10.win32_1.0.0.202111181127/tools/bin/../lib/gcc/arm-none-eabi/10.3.1/../../../../arm-none-eabi/lib/thumb/v7e-m+fp/hard\libc_nano.a(lib_a-findfp.o)
                0x0000000008012dd0                __sfp_lock_acquire
 .text.__sfp_lock_release
                0x0000000008012ddc        0xc c:/st/stm32cubeide_1.9.0/stm32cubeide/plugins/com.st.stm32cube.ide.mcu.externaltools.gnu-tools-for-stm32.10.3-2021.10.win32_1.0.0.202111181127/tools/bin/../lib/gcc/arm-none-eabi/10.3.1/../../../../arm-none-eabi/lib/thumb/v7e-m+fp/hard\libc_nano.a(lib_a-findfp.o)
                0x0000000008012ddc                __sfp_lock_release
 .text.__sinit_lock_acquire
                0x0000000008012de8        0xc c:/st/stm32cubeide_1.9.0/stm32cubeide/plugins/com.st.stm32cube.ide.mcu.externaltools.gnu-tools-for-stm32.10.3-2021.10.win32_1.0.0.202111181127/tools/bin/../lib/gcc/arm-none-eabi/10.3.1/../../../../arm-none-eabi/lib/thumb/v7e-m+fp/hard\libc_nano.a(lib_a-findfp.o)
                0x0000000008012de8                __sinit_lock_acquire
 .text.__sinit_lock_release
                0x0000000008012df4        0xc c:/st/stm32cubeide_1.9.0/stm32cubeide/plugins/com.st.stm32cube.ide.mcu.externaltools.gnu-tools-for-stm32.10.3-2021.10.win32_1.0.0.202111181127/tools/bin/../lib/gcc/arm-none-eabi/10.3.1/../../../../arm-none-eabi/lib/thumb/v7e-m+fp/hard\libc_nano.a(lib_a-findfp.o)
                0x0000000008012df4                __sinit_lock_release
 .text.__sinit  0x0000000008012e00       0x70 c:/st/stm32cubeide_1.9.0/stm32cubeide/plugins/com.st.stm32cube.ide.mcu.externaltools.gnu-tools-for-stm32.10.3-2021.10.win32_1.0.0.202111181127/tools/bin/../lib/gcc/arm-none-eabi/10.3.1/../../../../arm-none-eabi/lib/thumb/v7e-m+fp/hard\libc_nano.a(lib_a-findfp.o)
                0x0000000008012e00                __sinit
 .text.__sfp    0x0000000008012e70       0x8c c:/st/stm32cubeide_1.9.0/stm32cubeide/plugins/com.st.stm32cube.ide.mcu.externaltools.gnu-tools-for-stm32.10.3-2021.10.win32_1.0.0.202111181127/tools/bin/../lib/gcc/arm-none-eabi/10.3.1/../../../../arm-none-eabi/lib/thumb/v7e-m+fp/hard\libc_nano.a(lib_a-findfp.o)
                0x0000000008012e70                __sfp
 .text._fwalk_reent
                0x0000000008012efc       0x3e c:/st/stm32cubeide_1.9.0/stm32cubeide/plugins/com.st.stm32cube.ide.mcu.externaltools.gnu-tools-for-stm32.10.3-2021.10.win32_1.0.0.202111181127/tools/bin/../lib/gcc/arm-none-eabi/10.3.1/../../../../arm-none-eabi/lib/thumb/v7e-m+fp/hard\libc_nano.a(lib_a-fwalk.o)
                0x0000000008012efc                _fwalk_reent
 .text.__swhatbuf_r
                0x0000000008012f3a       0x4a c:/st/stm32cubeide_1.9.0/stm32cubeide/plugins/com.st.stm32cube.ide.mcu.externaltools.gnu-tools-for-stm32.10.3-2021.10.win32_1.0.0.202111181127/tools/bin/../lib/gcc/arm-none-eabi/10.3.1/../../../../arm-none-eabi/lib/thumb/v7e-m+fp/hard\libc_nano.a(lib_a-makebuf.o)
                0x0000000008012f3a                __swhatbuf_r
 .text.__smakebuf_r
                0x0000000008012f84       0x80 c:/st/stm32cubeide_1.9.0/stm32cubeide/plugins/com.st.stm32cube.ide.mcu.externaltools.gnu-tools-for-stm32.10.3-2021.10.win32_1.0.0.202111181127/tools/bin/../lib/gcc/arm-none-eabi/10.3.1/../../../../arm-none-eabi/lib/thumb/v7e-m+fp/hard\libc_nano.a(lib_a-makebuf.o)
                0x0000000008012f84                __smakebuf_r
 .text._malloc_usable_size_r
                0x0000000008013004       0x10 c:/st/stm32cubeide_1.9.0/stm32cubeide/plugins/com.st.stm32cube.ide.mcu.externaltools.gnu-tools-for-stm32.10.3-2021.10.win32_1.0.0.202111181127/tools/bin/../lib/gcc/arm-none-eabi/10.3.1/../../../../arm-none-eabi/lib/thumb/v7e-m+fp/hard\libc_nano.a(lib_a-nano-msizer.o)
                0x0000000008013004                _malloc_usable_size_r
 .text._raise_r
                0x0000000008013014       0x50 c:/st/stm32cubeide_1.9.0/stm32cubeide/plugins/com.st.stm32cube.ide.mcu.externaltools.gnu-tools-for-stm32.10.3-2021.10.win32_1.0.0.202111181127/tools/bin/../lib/gcc/arm-none-eabi/10.3.1/../../../../arm-none-eabi/lib/thumb/v7e-m+fp/hard\libc_nano.a(lib_a-signal.o)
                0x0000000008013014                _raise_r
 .text.raise    0x0000000008013064       0x10 c:/st/stm32cubeide_1.9.0/stm32cubeide/plugins/com.st.stm32cube.ide.mcu.externaltools.gnu-tools-for-stm32.10.3-2021.10.win32_1.0.0.202111181127/tools/bin/../lib/gcc/arm-none-eabi/10.3.1/../../../../arm-none-eabi/lib/thumb/v7e-m+fp/hard\libc_nano.a(lib_a-signal.o)
                0x0000000008013064                raise
 .text._kill_r  0x0000000008013074       0x24 c:/st/stm32cubeide_1.9.0/stm32cubeide/plugins/com.st.stm32cube.ide.mcu.externaltools.gnu-tools-for-stm32.10.3-2021.10.win32_1.0.0.202111181127/tools/bin/../lib/gcc/arm-none-eabi/10.3.1/../../../../arm-none-eabi/lib/thumb/v7e-m+fp/hard\libc_nano.a(lib_a-signalr.o)
                0x0000000008013074                _kill_r
 .text._getpid_r
                0x0000000008013098        0x4 c:/st/stm32cubeide_1.9.0/stm32cubeide/plugins/com.st.stm32cube.ide.mcu.externaltools.gnu-tools-for-stm32.10.3-2021.10.win32_1.0.0.202111181127/tools/bin/../lib/gcc/arm-none-eabi/10.3.1/../../../../arm-none-eabi/lib/thumb/v7e-m+fp/hard\libc_nano.a(lib_a-signalr.o)
                0x0000000008013098                _getpid_r
 .text.__sread  0x000000000801309c       0x22 c:/st/stm32cubeide_1.9.0/stm32cubeide/plugins/com.st.stm32cube.ide.mcu.externaltools.gnu-tools-for-stm32.10.3-2021.10.win32_1.0.0.202111181127/tools/bin/../lib/gcc/arm-none-eabi/10.3.1/../../../../arm-none-eabi/lib/thumb/v7e-m+fp/hard\libc_nano.a(lib_a-stdio.o)
                0x000000000801309c                __sread
 .text.__swrite
                0x00000000080130be       0x38 c:/st/stm32cubeide_1.9.0/stm32cubeide/plugins/com.st.stm32cube.ide.mcu.externaltools.gnu-tools-for-stm32.10.3-2021.10.win32_1.0.0.202111181127/tools/bin/../lib/gcc/arm-none-eabi/10.3.1/../../../../arm-none-eabi/lib/thumb/v7e-m+fp/hard\libc_nano.a(lib_a-stdio.o)
                0x00000000080130be                __swrite
 .text.__sseek  0x00000000080130f6       0x24 c:/st/stm32cubeide_1.9.0/stm32cubeide/plugins/com.st.stm32cube.ide.mcu.externaltools.gnu-tools-for-stm32.10.3-2021.10.win32_1.0.0.202111181127/tools/bin/../lib/gcc/arm-none-eabi/10.3.1/../../../../arm-none-eabi/lib/thumb/v7e-m+fp/hard\libc_nano.a(lib_a-stdio.o)
                0x00000000080130f6                __sseek
 .text.__sclose
                0x000000000801311a        0x8 c:/st/stm32cubeide_1.9.0/stm32cubeide/plugins/com.st.stm32cube.ide.mcu.externaltools.gnu-tools-for-stm32.10.3-2021.10.win32_1.0.0.202111181127/tools/bin/../lib/gcc/arm-none-eabi/10.3.1/../../../../arm-none-eabi/lib/thumb/v7e-m+fp/hard\libc_nano.a(lib_a-stdio.o)
                0x000000000801311a                __sclose
 *fill*         0x0000000008013122        0x2 
 .text._write_r
                0x0000000008013124       0x24 c:/st/stm32cubeide_1.9.0/stm32cubeide/plugins/com.st.stm32cube.ide.mcu.externaltools.gnu-tools-for-stm32.10.3-2021.10.win32_1.0.0.202111181127/tools/bin/../lib/gcc/arm-none-eabi/10.3.1/../../../../arm-none-eabi/lib/thumb/v7e-m+fp/hard\libc_nano.a(lib_a-writer.o)
                0x0000000008013124                _write_r
 .text._close_r
                0x0000000008013148       0x20 c:/st/stm32cubeide_1.9.0/stm32cubeide/plugins/com.st.stm32cube.ide.mcu.externaltools.gnu-tools-for-stm32.10.3-2021.10.win32_1.0.0.202111181127/tools/bin/../lib/gcc/arm-none-eabi/10.3.1/../../../../arm-none-eabi/lib/thumb/v7e-m+fp/hard\libc_nano.a(lib_a-closer.o)
                0x0000000008013148                _close_r
 .text._fstat_r
                0x0000000008013168       0x24 c:/st/stm32cubeide_1.9.0/stm32cubeide/plugins/com.st.stm32cube.ide.mcu.externaltools.gnu-tools-for-stm32.10.3-2021.10.win32_1.0.0.202111181127/tools/bin/../lib/gcc/arm-none-eabi/10.3.1/../../../../arm-none-eabi/lib/thumb/v7e-m+fp/hard\libc_nano.a(lib_a-fstatr.o)
                0x0000000008013168                _fstat_r
 .text._isatty_r
                0x000000000801318c       0x20 c:/st/stm32cubeide_1.9.0/stm32cubeide/plugins/com.st.stm32cube.ide.mcu.externaltools.gnu-tools-for-stm32.10.3-2021.10.win32_1.0.0.202111181127/tools/bin/../lib/gcc/arm-none-eabi/10.3.1/../../../../arm-none-eabi/lib/thumb/v7e-m+fp/hard\libc_nano.a(lib_a-isattyr.o)
                0x000000000801318c                _isatty_r
 .text._lseek_r
                0x00000000080131ac       0x24 c:/st/stm32cubeide_1.9.0/stm32cubeide/plugins/com.st.stm32cube.ide.mcu.externaltools.gnu-tools-for-stm32.10.3-2021.10.win32_1.0.0.202111181127/tools/bin/../lib/gcc/arm-none-eabi/10.3.1/../../../../arm-none-eabi/lib/thumb/v7e-m+fp/hard\libc_nano.a(lib_a-lseekr.o)
                0x00000000080131ac                _lseek_r
 .text._read_r  0x00000000080131d0       0x24 c:/st/stm32cubeide_1.9.0/stm32cubeide/plugins/com.st.stm32cube.ide.mcu.externaltools.gnu-tools-for-stm32.10.3-2021.10.win32_1.0.0.202111181127/tools/bin/../lib/gcc/arm-none-eabi/10.3.1/../../../../arm-none-eabi/lib/thumb/v7e-m+fp/hard\libc_nano.a(lib_a-readr.o)
                0x00000000080131d0                _read_r
 *(.glue_7)
 .glue_7        0x00000000080131f4        0x0 linker stubs
 *(.glue_7t)
 .glue_7t       0x00000000080131f4        0x0 linker stubs
 *(.eh_frame)
 .eh_frame      0x00000000080131f4        0x0 c:/st/stm32cubeide_1.9.0/stm32cubeide/plugins/com.st.stm32cube.ide.mcu.externaltools.gnu-tools-for-stm32.10.3-2021.10.win32_1.0.0.202111181127/tools/bin/../lib/gcc/arm-none-eabi/10.3.1/thumb/v7e-m+fp/hard/crtbegin.o
 *(.init)
 .init          0x00000000080131f4        0x4 c:/st/stm32cubeide_1.9.0/stm32cubeide/plugins/com.st.stm32cube.ide.mcu.externaltools.gnu-tools-for-stm32.10.3-2021.10.win32_1.0.0.202111181127/tools/bin/../lib/gcc/arm-none-eabi/10.3.1/thumb/v7e-m+fp/hard/crti.o
                0x00000000080131f4                _init
 .init          0x00000000080131f8        0x8 c:/st/stm32cubeide_1.9.0/stm32cubeide/plugins/com.st.stm32cube.ide.mcu.externaltools.gnu-tools-for-stm32.10.3-2021.10.win32_1.0.0.202111181127/tools/bin/../lib/gcc/arm-none-eabi/10.3.1/thumb/v7e-m+fp/hard/crtn.o
 *(.fini)
 .fini          0x0000000008013200        0x4 c:/st/stm32cubeide_1.9.0/stm32cubeide/plugins/com.st.stm32cube.ide.mcu.externaltools.gnu-tools-for-stm32.10.3-2021.10.win32_1.0.0.202111181127/tools/bin/../lib/gcc/arm-none-eabi/10.3.1/thumb/v7e-m+fp/hard/crti.o
                0x0000000008013200                _fini
 .fini          0x0000000008013204        0x8 c:/st/stm32cubeide_1.9.0/stm32cubeide/plugins/com.st.stm32cube.ide.mcu.externaltools.gnu-tools-for-stm32.10.3-2021.10.win32_1.0.0.202111181127/tools/bin/../lib/gcc/arm-none-eabi/10.3.1/thumb/v7e-m+fp/hard/crtn.o
                0x000000000801320c                . = ALIGN (0x4)
                0x000000000801320c                _etext = .

.vfp11_veneer   0x000000000801320c        0x0
 .vfp11_veneer  0x000000000801320c        0x0 linker stubs

.v4_bx          0x000000000801320c        0x0
 .v4_bx         0x000000000801320c        0x0 linker stubs

.iplt           0x000000000801320c        0x0
 .iplt          0x000000000801320c        0x0 c:/st/stm32cubeide_1.9.0/stm32cubeide/plugins/com.st.stm32cube.ide.mcu.externaltools.gnu-tools-for-stm32.10.3-2021.10.win32_1.0.0.202111181127/tools/bin/../lib/gcc/arm-none-eabi/10.3.1/thumb/v7e-m+fp/hard/crtbegin.o

.rodata         0x0000000008013210     0x17bc
                0x0000000008013210                . = ALIGN (0x4)
 *(.rodata)
 .rodata        0x0000000008013210      0xa10 ./Core/Src/main.o
 .rodata        0x0000000008013c20       0x48 ./Middlewares/Third_Party/FatFs/src/ff.o