Archive member included to satisfy reference by file (symbol)

c:/st/stm32cubeide_1.8.0/stm32cubeide/plugins/com.st.stm32cube.ide.mcu.externaltools.gnu-tools-for-stm32.9-2020-q2-update.win32_2.0.0.202105311346/tools/bin/../lib/gcc/arm-none-eabi/9.3.1/../../../../arm-none-eabi/lib/thumb/v7e-m+fp/hard\libc_nano.a(lib_a-errno.o)
                              ./Core/Src/syscalls.o (__errno)
c:/st/stm32cubeide_1.8.0/stm32cubeide/plugins/com.st.stm32cube.ide.mcu.externaltools.gnu-tools-for-stm32.9-2020-q2-update.win32_2.0.0.202105311346/tools/bin/../lib/gcc/arm-none-eabi/9.3.1/../../../../arm-none-eabi/lib/thumb/v7e-m+fp/hard\libc_nano.a(lib_a-exit.o)
                              c:/st/stm32cubeide_1.8.0/stm32cubeide/plugins/com.st.stm32cube.ide.mcu.externaltools.gnu-tools-for-stm32.9-2020-q2-update.win32_2.0.0.202105311346/tools/bin/../lib/gcc/arm-none-eabi/9.3.1/../../../../arm-none-eabi/lib/thumb/v7e-m+fp/hard/crt0.o (exit)
c:/st/stm32cubeide_1.8.0/stm32cubeide/plugins/com.st.stm32cube.ide.mcu.externaltools.gnu-tools-for-stm32.9-2020-q2-update.win32_2.0.0.202105311346/tools/bin/../lib/gcc/arm-none-eabi/9.3.1/../../../../arm-none-eabi/lib/thumb/v7e-m+fp/hard\libc_nano.a(lib_a-impure.o)
                              c:/st/stm32cubeide_1.8.0/stm32cubeide/plugins/com.st.stm32cube.ide.mcu.externaltools.gnu-tools-for-stm32.9-2020-q2-update.win32_2.0.0.202105311346/tools/bin/../lib/gcc/arm-none-eabi/9.3.1/../../../../arm-none-eabi/lib/thumb/v7e-m+fp/hard\libc_nano.a(lib_a-exit.o) (_global_impure_ptr)
c:/st/stm32cubeide_1.8.0/stm32cubeide/plugins/com.st.stm32cube.ide.mcu.externaltools.gnu-tools-for-stm32.9-2020-q2-update.win32_2.0.0.202105311346/tools/bin/../lib/gcc/arm-none-eabi/9.3.1/../../../../arm-none-eabi/lib/thumb/v7e-m+fp/hard\libc_nano.a(lib_a-init.o)
                              c:/st/stm32cubeide_1.8.0/stm32cubeide/plugins/com.st.stm32cube.ide.mcu.externaltools.gnu-tools-for-stm32.9-2020-q2-update.win32_2.0.0.202105311346/tools/bin/../lib/gcc/arm-none-eabi/9.3.1/../../../../arm-none-eabi/lib/thumb/v7e-m+fp/hard/crt0.o (__libc_init_array)
c:/st/stm32cubeide_1.8.0/stm32cubeide/plugins/com.st.stm32cube.ide.mcu.externaltools.gnu-tools-for-stm32.9-2020-q2-update.win32_2.0.0.202105311346/tools/bin/../lib/gcc/arm-none-eabi/9.3.1/../../../../arm-none-eabi/lib/thumb/v7e-m+fp/hard\libc_nano.a(lib_a-memcpy-stub.o)
                              ./Core/Src/main.o (memcpy)
c:/st/stm32cubeide_1.8.0/stm32cubeide/plugins/com.st.stm32cube.ide.mcu.externaltools.gnu-tools-for-stm32.9-2020-q2-update.win32_2.0.0.202105311346/tools/bin/../lib/gcc/arm-none-eabi/9.3.1/../../../../arm-none-eabi/lib/thumb/v7e-m+fp/hard\libc_nano.a(lib_a-memset.o)
                              c:/st/stm32cubeide_1.8.0/stm32cubeide/plugins/com.st.stm32cube.ide.mcu.externaltools.gnu-tools-for-stm32.9-2020-q2-update.win32_2.0.0.202105311346/tools/bin/../lib/gcc/arm-none-eabi/9.3.1/../../../../arm-none-eabi/lib/thumb/v7e-m+fp/hard/crt0.o (memset)
c:/st/stm32cubeide_1.8.0/stm32cubeide/plugins/com.st.stm32cube.ide.mcu.externaltools.gnu-tools-for-stm32.9-2020-q2-update.win32_2.0.0.202105311346/tools/bin/../lib/gcc/arm-none-eabi/9.3.1/../../../../arm-none-eabi/lib/thumb/v7e-m+fp/hard\libc_nano.a(lib_a-sprintf.o)
                              ./Core/Src/main.o (sprintf)
c:/st/stm32cubeide_1.8.0/stm32cubeide/plugins/com.st.stm32cube.ide.mcu.externaltools.gnu-tools-for-stm32.9-2020-q2-update.win32_2.0.0.202105311346/tools/bin/../lib/gcc/arm-none-eabi/9.3.1/../../../../arm-none-eabi/lib/thumb/v7e-m+fp/hard\libc_nano.a(lib_a-strlen.o)
                              ./Core/Src/main.o (strlen)
c:/st/stm32cubeide_1.8.0/stm32cubeide/plugins/com.st.stm32cube.ide.mcu.externaltools.gnu-tools-for-stm32.9-2020-q2-update.win32_2.0.0.202105311346/tools/bin/../lib/gcc/arm-none-eabi/9.3.1/../../../../arm-none-eabi/lib/thumb/v7e-m+fp/hard\libc_nano.a(lib_a-nano-svfprintf.o)
                              c:/st/stm32cubeide_1.8.0/stm32cubeide/plugins/com.st.stm32cube.ide.mcu.externaltools.gnu-tools-for-stm32.9-2020-q2-update.win32_2.0.0.202105311346/tools/bin/../lib/gcc/arm-none-eabi/9.3.1/../../../../arm-none-eabi/lib/thumb/v7e-m+fp/hard\libc_nano.a(lib_a-sprintf.o) (_svfprintf_r)
c:/st/stm32cubeide_1.8.0/stm32cubeide/plugins/com.st.stm32cube.ide.mcu.externaltools.gnu-tools-for-stm32.9-2020-q2-update.win32_2.0.0.202105311346/tools/bin/../lib/gcc/arm-none-eabi/9.3.1/../../../../arm-none-eabi/lib/thumb/v7e-m+fp/hard\libc_nano.a(lib_a-nano-vfprintf_i.o)
                              c:/st/stm32cubeide_1.8.0/stm32cubeide/plugins/com.st.stm32cube.ide.mcu.externaltools.gnu-tools-for-stm32.9-2020-q2-update.win32_2.0.0.202105311346/tools/bin/../lib/gcc/arm-none-eabi/9.3.1/../../../../arm-none-eabi/lib/thumb/v7e-m+fp/hard\libc_nano.a(lib_a-nano-svfprintf.o) (_printf_i)
[...]
Memory Configuration

Name             Origin             Length             Attributes
CCMRAM           0x0000000010000000 0x0000000000002000 xrw
RAM              0x0000000020000000 0x000000000000a000 xrw
FLASH            0x0000000008000000 0x0000000000040000 xr
*default*        0x0000000000000000 0xffffffffffffffff

Linker script and memory map

LOAD c:/st/stm32cubeide_1.8.0/stm32cubeide/plugins/com.st.stm32cube.ide.mcu.externaltools.gnu-tools-for-stm32.9-2020-q2-update.win32_2.0.0.202105311346/tools/bin/../lib/gcc/arm-none-eabi/9.3.1/thumb/v7e-m+fp/hard/crti.o
LOAD c:/st/stm32cubeide_1.8.0/stm32cubeide/plugins/com.st.stm32cube.ide.mcu.externaltools.gnu-tools-for-stm32.9-2020-q2-update.win32_2.0.0.202105311346/tools/bin/../lib/gcc/arm-none-eabi/9.3.1/thumb/v7e-m+fp/hard/crtbegin.o
LOAD c:/st/stm32cubeide_1.8.0/stm32cubeide/plugins/com.st.stm32cube.ide.mcu.externaltools.gnu-tools-for-stm32.9-2020-q2-update.win32_2.0.0.202105311346/tools/bin/../lib/gcc/arm-none-eabi/9.3.1/../../../../arm-none-eabi/lib/thumb/v7e-m+fp/hard/crt0.o
LOAD ./Core/Src/fatfs_sd.o
LOAD ./Core/Src/main.o
LOAD ./Core/Src/stm32f3xx_hal_msp.o
LOAD ./Core/Src/stm32f3xx_it.o
LOAD ./Core/Src/syscalls.o
LOAD ./Core/Src/sysmem.o
LOAD ./Core/Src/system_stm32f3xx.o
LOAD ./Core/Startup/startup_stm32f303cctx.o
LOAD ./Drivers/STM32F3xx_HAL_Driver/Src/stm32f3xx_hal.o
LOAD ./Drivers/STM32F3xx_HAL_Driver/Src/stm32f3xx_hal_can.o
LOAD ./Drivers/STM32F3xx_HAL_Driver/Src/stm32f3xx_hal_cortex.o
LOAD ./Drivers/STM32F3xx_HAL_Driver/Src/stm32f3xx_hal_dma.o
LOAD ./Drivers/STM32F3xx_HAL_Driver/Src/stm32f3xx_hal_exti.o
LOAD ./Drivers/STM32F3xx_HAL_Driver/Src/stm32f3xx_hal_flash.o
LOAD ./Drivers/STM32F3xx_HAL_Driver/Src/stm32f3xx_hal_flash_ex.o
LOAD ./Drivers/STM32F3xx_HAL_Driver/Src/stm32f3xx_hal_gpio.o
LOAD ./Drivers/STM32F3xx_HAL_Driver/Src/stm32f3xx_hal_i2c.o
LOAD ./Drivers/STM32F3xx_HAL_Driver/Src/stm32f3xx_hal_i2c_ex.o
LOAD ./Drivers/STM32F3xx_HAL_Driver/Src/stm32f3xx_hal_pwr.o
LOAD ./Drivers/STM32F3xx_HAL_Driver/Src/stm32f3xx_hal_pwr_ex.o
LOAD ./Drivers/STM32F3xx_HAL_Driver/Src/stm32f3xx_hal_rcc.o
LOAD ./Drivers/STM32F3xx_HAL_Driver/Src/stm32f3xx_hal_rcc_ex.o
LOAD ./Drivers/STM32F3xx_HAL_Driver/Src/stm32f3xx_hal_spi.o
LOAD ./Drivers/STM32F3xx_HAL_Driver/Src/stm32f3xx_hal_spi_ex.o
LOAD ./Drivers/STM32F3xx_HAL_Driver/Src/stm32f3xx_hal_tim.o
LOAD ./Drivers/STM32F3xx_HAL_Driver/Src/stm32f3xx_hal_tim_ex.o
LOAD ./Drivers/STM32F3xx_HAL_Driver/Src/stm32f3xx_hal_uart.o
LOAD ./Drivers/STM32F3xx_HAL_Driver/Src/stm32f3xx_hal_uart_ex.o
LOAD ./FATFS/App/fatfs.o
LOAD ./FATFS/Target/user_diskio.o
LOAD ./Middlewares/Third_Party/FatFs/src/diskio.o
LOAD ./Middlewares/Third_Party/FatFs/src/ff.o
LOAD ./Middlewares/Third_Party/FatFs/src/ff_gen_drv.o
LOAD ./Middlewares/Third_Party/FatFs/src/option/ccsbcs.o
LOAD ./Middlewares/Third_Party/FatFs/src/option/syscall.o
START GROUP
LOAD c:/st/stm32cubeide_1.8.0/stm32cubeide/plugins/com.st.stm32cube.ide.mcu.externaltools.gnu-tools-for-stm32.9-2020-q2-update.win32_2.0.0.202105311346/tools/bin/../lib/gcc/arm-none-eabi/9.3.1/../../../../arm-none-eabi/lib/thumb/v7e-m+fp/hard\libstdc++_nano.a
LOAD c:/st/stm32cubeide_1.8.0/stm32cubeide/plugins/com.st.stm32cube.ide.mcu.externaltools.gnu-tools-for-stm32.9-2020-q2-update.win32_2.0.0.202105311346/tools/bin/../lib/gcc/arm-none-eabi/9.3.1/../../../../arm-none-eabi/lib/thumb/v7e-m+fp/hard\libsupc++_nano.a
END GROUP
LOAD c:/st/stm32cubeide_1.8.0/stm32cubeide/plugins/com.st.stm32cube.ide.mcu.externaltools.gnu-tools-for-stm32.9-2020-q2-update.win32_2.0.0.202105311346/tools/bin/../lib/gcc/arm-none-eabi/9.3.1/../../../../arm-none-eabi/lib/thumb/v7e-m+fp/hard\libstdc++_nano.a
LOAD c:/st/stm32cubeide_1.8.0/stm32cubeide/plugins/com.st.stm32cube.ide.mcu.externaltools.gnu-tools-for-stm32.9-2020-q2-update.win32_2.0.0.202105311346/tools/bin/../lib/gcc/arm-none-eabi/9.3.1/../../../../arm-none-eabi/lib/thumb/v7e-m+fp/hard\libm.a
LOAD c:/st/stm32cubeide_1.8.0/stm32cubeide/plugins/com.st.stm32cube.ide.mcu.externaltools.gnu-tools-for-stm32.9-2020-q2-update.win32_2.0.0.202105311346/tools/bin/../lib/gcc/arm-none-eabi/9.3.1/../../../../arm-none-eabi/lib/thumb/v7e-m+fp/hard\libc_nano.a
START GROUP
LOAD c:/st/stm32cubeide_1.8.0/stm32cubeide/plugins/com.st.stm32cube.ide.mcu.externaltools.gnu-tools-for-stm32.9-2020-q2-update.win32_2.0.0.202105311346/tools/bin/../lib/gcc/arm-none-eabi/9.3.1/thumb/v7e-m+fp/hard\libgcc.a
LOAD c:/st/stm32cubeide_1.8.0/stm32cubeide/plugins/com.st.stm32cube.ide.mcu.externaltools.gnu-tools-for-stm32.9-2020-q2-update.win32_2.0.0.202105311346/tools/bin/../lib/gcc/arm-none-eabi/9.3.1/../../../../arm-none-eabi/lib/thumb/v7e-m+fp/hard\libc_nano.a
END GROUP
START GROUP
LOAD c:/st/stm32cubeide_1.8.0/stm32cubeide/plugins/com.st.stm32cube.ide.mcu.externaltools.gnu-tools-for-stm32.9-2020-q2-update.win32_2.0.0.202105311346/tools/bin/../lib/gcc/arm-none-eabi/9.3.1/thumb/v7e-m+fp/hard\libgcc.a
LOAD c:/st/stm32cubeide_1.8.0/stm32cubeide/plugins/com.st.stm32cube.ide.mcu.externaltools.gnu-tools-for-stm32.9-2020-q2-update.win32_2.0.0.202105311346/tools/bin/../lib/gcc/arm-none-eabi/9.3.1/../../../../arm-none-eabi/lib/thumb/v7e-m+fp/hard\libc_nano.a
LOAD c:/st/stm32cubeide_1.8.0/stm32cubeide/plugins/com.st.stm32cube.ide.mcu.externaltools.gnu-tools-for-stm32.9-2020-q2-update.win32_2.0.0.202105311346/tools/bin/../lib/gcc/arm-none-eabi/9.3.1/../../../../arm-none-eabi/lib/thumb/v7e-m+fp/hard\libnosys.a
END GROUP
START GROUP
LOAD c:/st/stm32cubeide_1.8.0/stm32cubeide/plugins/com.st.stm32cube.ide.mcu.externaltools.gnu-tools-for-stm32.9-2020-q2-update.win32_2.0.0.202105311346/tools/bin/../lib/gcc/arm-none-eabi/9.3.1/thumb/v7e-m+fp/hard\libgcc.a
LOAD c:/st/stm32cubeide_1.8.0/stm32cubeide/plugins/com.st.stm32cube.ide.mcu.externaltools.gnu-tools-for-stm32.9-2020-q2-update.win32_2.0.0.202105311346/tools/bin/../lib/gcc/arm-none-eabi/9.3.1/../../../../arm-none-eabi/lib/thumb/v7e-m+fp/hard\libc_nano.a
LOAD c:/st/stm32cubeide_1.8.0/stm32cubeide/plugins/com.st.stm32cube.ide.mcu.externaltools.gnu-tools-for-stm32.9-2020-q2-update.win32_2.0.0.202105311346/tools/bin/../lib/gcc/arm-none-eabi/9.3.1/../../../../arm-none-eabi/lib/thumb/v7e-m+fp/hard\libnosys.a
END GROUP
LOAD c:/st/stm32cubeide_1.8.0/stm32cubeide/plugins/com.st.stm32cube.ide.mcu.externaltools.gnu-tools-for-stm32.9-2020-q2-update.win32_2.0.0.202105311346/tools/bin/../lib/gcc/arm-none-eabi/9.3.1/thumb/v7e-m+fp/hard/crtend.o
LOAD c:/st/stm32cubeide_1.8.0/stm32cubeide/plugins/com.st.stm32cube.ide.mcu.externaltools.gnu-tools-for-stm32.9-2020-q2-update.win32_2.0.0.202105311346/tools/bin/../lib/gcc/arm-none-eabi/9.3.1/thumb/v7e-m+fp/hard/crtn.o
                0x000000002000a000                _estack = (ORIGIN (RAM) + LENGTH (RAM))
                0x0000000000000200                _Min_Heap_Size = 0x200
                0x0000000000000400                _Min_Stack_Size = 0x400

.isr_vector     0x0000000008000000      0x188
                0x0000000008000000                . = ALIGN (0x4)
 *(.isr_vector)
 .isr_vector    0x0000000008000000      0x188 ./Core/Startup/startup_stm32f303cctx.o
                0x0000000008000000                g_pfnVectors
                0x0000000008000188                . = ALIGN (0x4)

.text           0x0000000008000190     0xb910
                0x0000000008000190                . = ALIGN (0x4)
 *(.text)
 .text          0x0000000008000190       0x40 c:/st/stm32cubeide_1.8.0/stm32cubeide/plugins/com.st.stm32cube.ide.mcu.externaltools.gnu-tools-for-stm32.9-2020-q2-update.win32_2.0.0.202105311346/tools/bin/../lib/gcc/arm-none-eabi/9.3.1/thumb/v7e-m+fp/hard/crtbegin.o
 .text          0x00000000080001d0       0x10 c:/st/stm32cubeide_1.8.0/stm32cubeide/plugins/com.st.stm32cube.ide.mcu.externaltools.gnu-tools-for-stm32.9-2020-q2-update.win32_2.0.0.202105311346/tools/bin/../lib/gcc/arm-none-eabi/9.3.1/../../../../arm-none-eabi/lib/thumb/v7e-m+fp/hard\libc_nano.a(lib_a-strlen.o)
                0x00000000080001d0                strlen
 .text          0x00000000080001e0       0xa0 c:/st/stm32cubeide_1.8.0/stm32cubeide/plugins/com.st.stm32cube.ide.mcu.externaltools.gnu-tools-for-stm32.9-2020-q2-update.win32_2.0.0.202105311346/tools/bin/../lib/gcc/arm-none-eabi/9.3.1/../../../../arm-none-eabi/lib/thumb/v7e-m+fp/hard\libc_nano.a(lib_a-memchr.o)
                0x00000000080001e0                memchr
 .text          0x0000000008000280      0x254 c:/st/stm32cubeide_1.8.0/stm32cubeide/plugins/com.st.stm32cube.ide.mcu.externaltools.gnu-tools-for-stm32.9-2020-q2-update.win32_2.0.0.202105311346/tools/bin/../lib/gcc/arm-none-eabi/9.3.1/thumb/v7e-m+fp/hard\libgcc.a(_arm_muldf3.o)
                0x0000000008000280                __muldf3
                0x0000000008000280                __aeabi_dmul
 .text          0x00000000080004d4      0x378 c:/st/stm32cubeide_1.8.0/stm32cubeide/plugins/com.st.stm32cube.ide.mcu.externaltools.gnu-tools-for-stm32.9-2020-q2-update.win32_2.0.0.202105311346/tools/bin/../lib/gcc/arm-none-eabi/9.3.1/thumb/v7e-m+fp/hard\libgcc.a(_arm_addsubdf3.o)
                0x00000000080004d4                __aeabi_drsub
                0x00000000080004dc                __aeabi_dsub
                0x00000000080004dc                __subdf3
                0x00000000080004e0                __aeabi_dadd
                0x00000000080004e0                __adddf3
                0x0000000008000758                __floatunsidf
                0x0000000008000758                __aeabi_ui2d
                0x0000000008000778                __floatsidf
                0x0000000008000778                __aeabi_i2d
                0x000000000800079c                __aeabi_f2d
                0x000000000800079c                __extendsfdf2
                0x00000000080007e0                __floatundidf
                0x00000000080007e0                __aeabi_ul2d
                0x00000000080007f0                __floatdidf
                0x00000000080007f0                __aeabi_l2d
 .text          0x000000000800084c       0x40 c:/st/stm32cubeide_1.8.0/stm32cubeide/plugins/com.st.stm32cube.ide.mcu.externaltools.gnu-tools-for-stm32.9-2020-q2-update.win32_2.0.0.202105311346/tools/bin/../lib/gcc/arm-none-eabi/9.3.1/thumb/v7e-m+fp/hard\libgcc.a(_arm_fixunsdfsi.o)
                0x000000000800084c                __aeabi_d2uiz
                0x000000000800084c                __fixunsdfsi
 *(.text*)
 .text.SELECT   0x000000000800088c       0x20 ./Core/Src/fatfs_sd.o
 .text.DESELECT
                0x00000000080008ac       0x20 ./Core/Src/fatfs_sd.o
 .text.SPI_TxByte
                0x00000000080008cc       0x34 ./Core/Src/fatfs_sd.o
 .text.SPI_TxBuffer
                0x0000000008000900       0x34 ./Core/Src/fatfs_sd.o
 .text.SPI_RxByte
                0x0000000008000934       0x38 ./Core/Src/fatfs_sd.o
 .text.SPI_RxBytePtr
                0x000000000800096c       0x1c ./Core/Src/fatfs_sd.o
 .text.SD_ReadyWait
                0x0000000008000988       0x34 ./Core/Src/fatfs_sd.o
 .text.SD_PowerOn
                0x00000000080009bc       0x84 ./Core/Src/fatfs_sd.o
 .text.SD_PowerOff
                0x0000000008000a40       0x18 ./Core/Src/fatfs_sd.o
 .text.SD_CheckPower
                0x0000000008000a58       0x18 ./Core/Src/fatfs_sd.o
 .text.SD_RxDataBlock
                0x0000000008000a70       0x60 ./Core/Src/fatfs_sd.o
 .text.SD_TxDataBlock
                0x0000000008000ad0       0x86 ./Core/Src/fatfs_sd.o
 .text.SD_SendCmd
                0x0000000008000b56       0xa8 ./Core/Src/fatfs_sd.o
 *fill*         0x0000000008000bfe        0x2 
 .text.SD_disk_initialize
                0x0000000008000c00      0x1d8 ./Core/Src/fatfs_sd.o
                0x0000000008000c00                SD_disk_initialize
 .text.SD_disk_status
                0x0000000008000dd8       0x2c ./Core/Src/fatfs_sd.o
                0x0000000008000dd8                SD_disk_status
 .text.SD_disk_read
                0x0000000008000e04       0xd4 ./Core/Src/fatfs_sd.o
                0x0000000008000e04                SD_disk_read
 .text.SD_disk_write
                0x0000000008000ed8      0x108 ./Core/Src/fatfs_sd.o
                0x0000000008000ed8                SD_disk_write
 .text.SD_disk_ioctl
                0x0000000008000fe0      0x258 ./Core/Src/fatfs_sd.o
                0x0000000008000fe0                SD_disk_ioctl
 .text.bufsize  0x0000000008001238       0x2e ./Core/Src/main.o
                0x0000000008001238                bufsize
 *fill*         0x0000000008001266        0x2 
 .text.clear_buffer
                0x0000000008001268       0x38 ./Core/Src/main.o
                0x0000000008001268                clear_buffer
 .text.send_uart
                0x00000000080012a0       0x30 ./Core/Src/main.o
                0x00000000080012a0                send_uart
 .text.write_to_csvfile
                0x00000000080012d0       0xd8 ./Core/Src/main.o
                0x00000000080012d0                write_to_csvfile
 .text.HAL_CAN_RxFifo0MsgPendingCallback
                0x00000000080013a8       0x38 ./Core/Src/main.o
                0x00000000080013a8                HAL_CAN_RxFifo0MsgPendingCallback
 .text.HAL_UART_RxCpltCallback
                0x00000000080013e0       0x2c ./Core/Src/main.o
                0x00000000080013e0                HAL_UART_RxCpltCallback
 .text.main     0x000000000800140c      0x4cc ./Core/Src/main.o
                0x000000000800140c                main
 .text.SystemClock_Config
                0x00000000080018d8       0xb4 ./Core/Src/main.o
                0x00000000080018d8                SystemClock_Config
 .text.MX_CAN_Init
                0x000000000800198c       0xa8 ./Core/Src/main.o
 .text.MX_SPI2_Init
                0x0000000008001a34       0x7c ./Core/Src/main.o
 .text.MX_USART2_UART_Init
                0x0000000008001ab0       0x60 ./Core/Src/main.o
 .text.MX_GPIO_Init
                0x0000000008001b10       0x98 ./Core/Src/main.o
 .text.Error_Handler
                0x0000000008001ba8        0xa ./Core/Src/main.o
                0x0000000008001ba8                Error_Handler
 *fill*         0x0000000008001bb2        0x2 
 .text.HAL_MspInit
                0x0000000008001bb4       0x48 ./Core/Src/stm32f3xx_hal_msp.o
                0x0000000008001bb4                HAL_MspInit
 .text.HAL_CAN_MspInit
                0x0000000008001bfc       0x98 ./Core/Src/stm32f3xx_hal_msp.o
                0x0000000008001bfc                HAL_CAN_MspInit
 .text.HAL_SPI_MspInit
                0x0000000008001c94       0x88 ./Core/Src/stm32f3xx_hal_msp.o
                0x0000000008001c94                HAL_SPI_MspInit
 .text.HAL_UART_MspInit
                0x0000000008001d1c       0x94 ./Core/Src/stm32f3xx_hal_msp.o
                0x0000000008001d1c                HAL_UART_MspInit
 .text.SDTimer_Handler
                0x0000000008001db0       0x48 ./Core/Src/stm32f3xx_it.o
                0x0000000008001db0                SDTimer_Handler
 .text.NMI_Handler
                0x0000000008001df8        0x6 ./Core/Src/stm32f3xx_it.o
                0x0000000008001df8                NMI_Handler
 .text.HardFault_Handler
                0x0000000008001dfe        0x6 ./Core/Src/stm32f3xx_it.o
                0x0000000008001dfe                HardFault_Handler
 .text.MemManage_Handler
                0x0000000008001e04        0x6 ./Core/Src/stm32f3xx_it.o
                0x0000000008001e04                MemManage_Handler
 .text.BusFault_Handler
                0x0000000008001e0a        0x6 ./Core/Src/stm32f3xx_it.o
                0x0000000008001e0a                BusFault_Handler
 .text.UsageFault_Handler
                0x0000000008001e10        0x6 ./Core/Src/stm32f3xx_it.o
                0x0000000008001e10                UsageFault_Handler
 .text.SVC_Handler
                0x0000000008001e16        0xe ./Core/Src/stm32f3xx_it.o
                0x0000000008001e16                SVC_Handler
 .text.DebugMon_Handler
                0x0000000008001e24        0xe ./Core/Src/stm32f3xx_it.o
                0x0000000008001e24                DebugMon_Handler
 .text.PendSV_Handler
                0x0000000008001e32        0xe ./Core/Src/stm32f3xx_it.o
                0x0000000008001e32                PendSV_Handler
 .text.SysTick_Handler
                0x0000000008001e40       0x34 ./Core/Src/stm32f3xx_it.o
                0x0000000008001e40                SysTick_Handler
 .text.USB_LP_CAN_RX0_IRQHandler
                0x0000000008001e74       0x14 ./Core/Src/stm32f3xx_it.o
                0x0000000008001e74                USB_LP_CAN_RX0_IRQHandler
 .text.USART2_IRQHandler
                0x0000000008001e88       0x14 ./Core/Src/stm32f3xx_it.o
                0x0000000008001e88                USART2_IRQHandler
 .text._sbrk    0x0000000008001e9c       0x6c ./Core/Src/sysmem.o
                0x0000000008001e9c                _sbrk
 .text.SystemInit
                0x0000000008001f08       0x24 ./Core/Src/system_stm32f3xx.o
                0x0000000008001f08                SystemInit
 .text.Reset_Handler
                0x0000000008001f2c       0x50 ./Core/Startup/startup_stm32f303cctx.o
                0x0000000008001f2c                Reset_Handler
 .text.Default_Handler
                0x0000000008001f7c        0x2 ./Core/Startup/startup_stm32f303cctx.o
                0x0000000008001f7c                RTC_Alarm_IRQHandler
                0x0000000008001f7c                TIM8_TRG_COM_IRQHandler
                0x0000000008001f7c                TIM8_CC_IRQHandler
                0x0000000008001f7c                TIM1_CC_IRQHandler
                0x0000000008001f7c                USB_HP_IRQHandler
                0x0000000008001f7c                PVD_IRQHandler
                0x0000000008001f7c                TAMP_STAMP_IRQHandler
                0x0000000008001f7c                EXTI3_IRQHandler
                0x0000000008001f7c                USB_HP_CAN_TX_IRQHandler
                0x0000000008001f7c                EXTI0_IRQHandler
                0x0000000008001f7c                I2C2_EV_IRQHandler
                0x0000000008001f7c                FPU_IRQHandler
                0x0000000008001f7c                TIM1_UP_TIM16_IRQHandler
                0x0000000008001f7c                ADC1_2_IRQHandler
                0x0000000008001f7c                SPI1_IRQHandler
                0x0000000008001f7c                CAN_SCE_IRQHandler
                0x0000000008001f7c                TIM6_DAC_IRQHandler
                0x0000000008001f7c                TIM8_UP_IRQHandler
                0x0000000008001f7c                DMA2_Channel2_IRQHandler
                0x0000000008001f7c                DMA1_Channel4_IRQHandler
                0x0000000008001f7c                USART3_IRQHandler
                0x0000000008001f7c                DMA1_Channel7_IRQHandler
                0x0000000008001f7c                UART5_IRQHandler
                0x0000000008001f7c                ADC3_IRQHandler
                0x0000000008001f7c                TIM4_IRQHandler
                0x0000000008001f7c                CAN_RX1_IRQHandler
                0x0000000008001f7c                DMA2_Channel1_IRQHandler
                0x0000000008001f7c                I2C1_EV_IRQHandler
                0x0000000008001f7c                DMA1_Channel6_IRQHandler
                0x0000000008001f7c                UART4_IRQHandler
                0x0000000008001f7c                DMA2_Channel4_IRQHandler
                0x0000000008001f7c                TIM3_IRQHandler
                0x0000000008001f7c                RCC_IRQHandler
                0x0000000008001f7c                DMA1_Channel1_IRQHandler
                0x0000000008001f7c                Default_Handler
                0x0000000008001f7c                USBWakeUp_RMP_IRQHandler
                0x0000000008001f7c                EXTI15_10_IRQHandler
                0x0000000008001f7c                TIM7_IRQHandler
                0x0000000008001f7c                EXTI9_5_IRQHandler
                0x0000000008001f7c                RTC_WKUP_IRQHandler
                0x0000000008001f7c                SPI2_IRQHandler
                0x0000000008001f7c                DMA2_Channel5_IRQHandler
                0x0000000008001f7c                DMA1_Channel5_IRQHandler
                0x0000000008001f7c                USB_LP_IRQHandler
                0x0000000008001f7c                EXTI4_IRQHandler
                0x0000000008001f7c                TIM1_TRG_COM_TIM17_IRQHandler
                0x0000000008001f7c                DMA1_Channel3_IRQHandler
                0x0000000008001f7c                ADC4_IRQHandler
                0x0000000008001f7c                WWDG_IRQHandler
                0x0000000008001f7c                TIM2_IRQHandler
                0x0000000008001f7c                COMP7_IRQHandler
                0x0000000008001f7c                COMP1_2_3_IRQHandler
                0x0000000008001f7c                EXTI1_IRQHandler
                0x0000000008001f7c                COMP4_5_6_IRQHandler
                0x0000000008001f7c                I2C2_ER_IRQHandler
                0x0000000008001f7c                DMA1_Channel2_IRQHandler
                0x0000000008001f7c                TIM8_BRK_IRQHandler
                0x0000000008001f7c                FLASH_IRQHandler
                0x0000000008001f7c                USART1_IRQHandler
                0x0000000008001f7c                SPI3_IRQHandler
                0x0000000008001f7c                I2C1_ER_IRQHandler
                0x0000000008001f7c                USBWakeUp_IRQHandler
                0x0000000008001f7c                DMA2_Channel3_IRQHandler
                0x0000000008001f7c                EXTI2_TSC_IRQHandler
                0x0000000008001f7c                TIM1_BRK_TIM15_IRQHandler
 *fill*         0x0000000008001f7e        0x2 
 .text.HAL_Init
                0x0000000008001f80       0x2c ./Drivers/STM32F3xx_HAL_Driver/Src/stm32f3xx_hal.o
                0x0000000008001f80                HAL_Init
 .text.HAL_InitTick
                0x0000000008001fac       0x60 ./Drivers/STM32F3xx_HAL_Driver/Src/stm32f3xx_hal.o
                0x0000000008001fac                HAL_InitTick
 .text.HAL_IncTick
                0x000000000800200c       0x28 ./Drivers/STM32F3xx_HAL_Driver/Src/stm32f3xx_hal.o
                0x000000000800200c                HAL_IncTick
 .text.HAL_GetTick
                0x0000000008002034       0x18 ./Drivers/STM32F3xx_HAL_Driver/Src/stm32f3xx_hal.o
                0x0000000008002034                HAL_GetTick
 .text.HAL_Delay
                0x000000000800204c       0x48 ./Drivers/STM32F3xx_HAL_Driver/Src/stm32f3xx_hal.o
                0x000000000800204c                HAL_Delay
 .text.HAL_CAN_Init
                0x0000000008002094      0x1f6 ./Drivers/STM32F3xx_HAL_Driver/Src/stm32f3xx_hal_can.o
                0x0000000008002094                HAL_CAN_Init
 .text.HAL_CAN_ConfigFilter
                0x000000000800228a      0x194 ./Drivers/STM32F3xx_HAL_Driver/Src/stm32f3xx_hal_can.o
                0x000000000800228a                HAL_CAN_ConfigFilter
 .text.HAL_CAN_Start
                0x000000000800241e       0x88 ./Drivers/STM32F3xx_HAL_Driver/Src/stm32f3xx_hal_can.o
                0x000000000800241e                HAL_CAN_Start
 .text.HAL_CAN_AddTxMessage
                0x00000000080024a6      0x1b6 ./Drivers/STM32F3xx_HAL_Driver/Src/stm32f3xx_hal_can.o
                0x00000000080024a6                HAL_CAN_AddTxMessage
 .text.HAL_CAN_GetRxMessage
                0x000000000800265c      0x224 ./Drivers/STM32F3xx_HAL_Driver/Src/stm32f3xx_hal_can.o
                0x000000000800265c                HAL_CAN_GetRxMessage
 .text.HAL_CAN_ActivateNotification
                0x0000000008002880       0x4c ./Drivers/STM32F3xx_HAL_Driver/Src/stm32f3xx_hal_can.o
                0x0000000008002880                HAL_CAN_ActivateNotification
 .text.HAL_CAN_IRQHandler
                0x00000000080028cc      0x36e ./Drivers/STM32F3xx_HAL_Driver/Src/stm32f3xx_hal_can.o
                0x00000000080028cc                HAL_CAN_IRQHandler
 .text.HAL_CAN_TxMailbox0CompleteCallback
                0x0000000008002c3a       0x14 ./Drivers/STM32F3xx_HAL_Driver/Src/stm32f3xx_hal_can.o
                0x0000000008002c3a                HAL_CAN_TxMailbox0CompleteCallback
 .text.HAL_CAN_TxMailbox1CompleteCallback
                0x0000000008002c4e       0x14 ./Drivers/STM32F3xx_HAL_Driver/Src/stm32f3xx_hal_can.o
                0x0000000008002c4e                HAL_CAN_TxMailbox1CompleteCallback
 .text.HAL_CAN_TxMailbox2CompleteCallback
                0x0000000008002c62       0x14 ./Drivers/STM32F3xx_HAL_Driver/Src/stm32f3xx_hal_can.o
                0x0000000008002c62                HAL_CAN_TxMailbox2CompleteCallback
 .text.HAL_CAN_TxMailbox0AbortCallback
                0x0000000008002c76       0x14 ./Drivers/STM32F3xx_HAL_Driver/Src/stm32f3xx_hal_can.o
                0x0000000008002c76                HAL_CAN_TxMailbox0AbortCallback
 .text.HAL_CAN_TxMailbox1AbortCallback
                0x0000000008002c8a       0x14 ./Drivers/STM32F3xx_HAL_Driver/Src/stm32f3xx_hal_can.o
                0x0000000008002c8a                HAL_CAN_TxMailbox1AbortCallback
 .text.HAL_CAN_TxMailbox2AbortCallback
                0x0000000008002c9e       0x14 ./Drivers/STM32F3xx_HAL_Driver/Src/stm32f3xx_hal_can.o
                0x0000000008002c9e                HAL_CAN_TxMailbox2AbortCallback
 .text.HAL_CAN_RxFifo0FullCallback
                0x0000000008002cb2       0x14 ./Drivers/STM32F3xx_HAL_Driver/Src/stm32f3xx_hal_can.o
                0x0000000008002cb2                HAL_CAN_RxFifo0FullCallback
 .text.HAL_CAN_RxFifo1MsgPendingCallback
                0x0000000008002cc6       0x14 ./Drivers/STM32F3xx_HAL_Driver/Src/stm32f3xx_hal_can.o
                0x0000000008002cc6                HAL_CAN_RxFifo1MsgPendingCallback
 .text.HAL_CAN_RxFifo1FullCallback
                0x0000000008002cda       0x14 ./Drivers/STM32F3xx_HAL_Driver/Src/stm32f3xx_hal_can.o
                0x0000000008002cda                HAL_CAN_RxFifo1FullCallback
 .text.HAL_CAN_SleepCallback
                0x0000000008002cee       0x14 ./Drivers/STM32F3xx_HAL_Driver/Src/stm32f3xx_hal_can.o
                0x0000000008002cee                HAL_CAN_SleepCallback
 .text.HAL_CAN_WakeUpFromRxMsgCallback
                0x0000000008002d02       0x14 ./Drivers/STM32F3xx_HAL_Driver/Src/stm32f3xx_hal_can.o
                0x0000000008002d02                HAL_CAN_WakeUpFromRxMsgCallback
 .text.HAL_CAN_ErrorCallback
                0x0000000008002d16       0x14 ./Drivers/STM32F3xx_HAL_Driver/Src/stm32f3xx_hal_can.o
                0x0000000008002d16                HAL_CAN_ErrorCallback
 *fill*         0x0000000008002d2a        0x2 
 .text.__NVIC_SetPriorityGrouping
                0x0000000008002d2c       0x48 ./Drivers/STM32F3xx_HAL_Driver/Src/stm32f3xx_hal_cortex.o
 .text.__NVIC_GetPriorityGrouping
                0x0000000008002d74       0x1c ./Drivers/STM32F3xx_HAL_Driver/Src/stm32f3xx_hal_cortex.o
 .text.__NVIC_EnableIRQ
                0x0000000008002d90       0x3c ./Drivers/STM32F3xx_HAL_Driver/Src/stm32f3xx_hal_cortex.o
 .text.__NVIC_SetPriority
                0x0000000008002dcc       0x54 ./Drivers/STM32F3xx_HAL_Driver/Src/stm32f3xx_hal_cortex.o
 .text.NVIC_EncodePriority
                0x0000000008002e20       0x66 ./Drivers/STM32F3xx_HAL_Driver/Src/stm32f3xx_hal_cortex.o
 *fill*         0x0000000008002e86        0x2 
 .text.SysTick_Config
                0x0000000008002e88       0x44 ./Drivers/STM32F3xx_HAL_Driver/Src/stm32f3xx_hal_cortex.o
 .text.HAL_NVIC_SetPriorityGrouping
                0x0000000008002ecc       0x16 ./Drivers/STM32F3xx_HAL_Driver/Src/stm32f3xx_hal_cortex.o
                0x0000000008002ecc                HAL_NVIC_SetPriorityGrouping
 .text.HAL_NVIC_SetPriority
                0x0000000008002ee2       0x38 ./Drivers/STM32F3xx_HAL_Driver/Src/stm32f3xx_hal_cortex.o
                0x0000000008002ee2                HAL_NVIC_SetPriority
 .text.HAL_NVIC_EnableIRQ
                0x0000000008002f1a       0x1c ./Drivers/STM32F3xx_HAL_Driver/Src/stm32f3xx_hal_cortex.o
                0x0000000008002f1a                HAL_NVIC_EnableIRQ
 .text.HAL_SYSTICK_Config
                0x0000000008002f36       0x18 ./Drivers/STM32F3xx_HAL_Driver/Src/stm32f3xx_hal_cortex.o
                0x0000000008002f36                HAL_SYSTICK_Config
 .text.HAL_DMA_Abort
                0x0000000008002f4e       0x72 ./Drivers/STM32F3xx_HAL_Driver/Src/stm32f3xx_hal_dma.o
                0x0000000008002f4e                HAL_DMA_Abort
 .text.HAL_DMA_Abort_IT
                0x0000000008002fc0       0x7c ./Drivers/STM32F3xx_HAL_Driver/Src/stm32f3xx_hal_dma.o
                0x0000000008002fc0                HAL_DMA_Abort_IT
 .text.HAL_GPIO_Init
                0x000000000800303c      0x2f4 ./Drivers/STM32F3xx_HAL_Driver/Src/stm32f3xx_hal_gpio.o
                0x000000000800303c                HAL_GPIO_Init
 .text.HAL_GPIO_WritePin
                0x0000000008003330       0x30 ./Drivers/STM32F3xx_HAL_Driver/Src/stm32f3xx_hal_gpio.o
                0x0000000008003330                HAL_GPIO_WritePin
 .text.HAL_GPIO_TogglePin
                0x0000000008003360       0x34 ./Drivers/STM32F3xx_HAL_Driver/Src/stm32f3xx_hal_gpio.o
                0x0000000008003360                HAL_GPIO_TogglePin
 .text.HAL_RCC_OscConfig
                0x0000000008003394      0xe10 ./Drivers/STM32F3xx_HAL_Driver/Src/stm32f3xx_hal_rcc.o
                0x0000000008003394                HAL_RCC_OscConfig
 .text.HAL_RCC_ClockConfig
                0x00000000080041a4      0x2f8 ./Drivers/STM32F3xx_HAL_Driver/Src/stm32f3xx_hal_rcc.o
                0x00000000080041a4                HAL_RCC_ClockConfig
 .text.HAL_RCC_GetSysClockFreq
                0x000000000800449c       0xd4 ./Drivers/STM32F3xx_HAL_Driver/Src/stm32f3xx_hal_rcc.o
                0x000000000800449c                HAL_RCC_GetSysClockFreq
 .text.HAL_RCC_GetHCLKFreq
                0x0000000008004570       0x18 ./Drivers/STM32F3xx_HAL_Driver/Src/stm32f3xx_hal_rcc.o
                0x0000000008004570                HAL_RCC_GetHCLKFreq
 .text.HAL_RCC_GetPCLK1Freq
                0x0000000008004588       0x44 ./Drivers/STM32F3xx_HAL_Driver/Src/stm32f3xx_hal_rcc.o
                0x0000000008004588                HAL_RCC_GetPCLK1Freq
 .text.HAL_RCC_GetPCLK2Freq
                0x00000000080045cc       0x44 ./Drivers/STM32F3xx_HAL_Driver/Src/stm32f3xx_hal_rcc.o
                0x00000000080045cc                HAL_RCC_GetPCLK2Freq
 .text.HAL_RCCEx_PeriphCLKConfig
                0x0000000008004610      0x360 ./Drivers/STM32F3xx_HAL_Driver/Src/stm32f3xx_hal_rcc_ex.o
                0x0000000008004610                HAL_RCCEx_PeriphCLKConfig
 .text.HAL_SPI_Init
                0x0000000008004970      0x156 ./Drivers/STM32F3xx_HAL_Driver/Src/stm32f3xx_hal_spi.o
                0x0000000008004970                HAL_SPI_Init
 .text.HAL_SPI_Transmit
                0x0000000008004ac6      0x2dc ./Drivers/STM32F3xx_HAL_Driver/Src/stm32f3xx_hal_spi.o
                0x0000000008004ac6                HAL_SPI_Transmit
 .text.HAL_SPI_TransmitReceive
                0x0000000008004da2      0x426 ./Drivers/STM32F3xx_HAL_Driver/Src/stm32f3xx_hal_spi.o
                0x0000000008004da2                HAL_SPI_TransmitReceive
 .text.SPI_WaitFlagStateUntilTimeout
                0x00000000080051c8      0x110 ./Drivers/STM32F3xx_HAL_Driver/Src/stm32f3xx_hal_spi.o
 .text.SPI_WaitFifoStateUntilTimeout
                0x00000000080052d8      0x12c ./Drivers/STM32F3xx_HAL_Driver/Src/stm32f3xx_hal_spi.o
 .text.SPI_EndRxTxTransaction
                0x0000000008005404       0x8c ./Drivers/STM32F3xx_HAL_Driver/Src/stm32f3xx_hal_spi.o
 .text.HAL_UART_Init
                0x0000000008005490       0x9c ./Drivers/STM32F3xx_HAL_Driver/Src/stm32f3xx_hal_uart.o
                0x0000000008005490                HAL_UART_Init
 .text.HAL_UART_Transmit
                0x000000000800552c      0x128 ./Drivers/STM32F3xx_HAL_Driver/Src/stm32f3xx_hal_uart.o
                0x000000000800552c                HAL_UART_Transmit
 .text.HAL_UART_Receive_IT
                0x0000000008005654       0x9c ./Drivers/STM32F3xx_HAL_Driver/Src/stm32f3xx_hal_uart.o
                0x0000000008005654                HAL_UART_Receive_IT
 .text.HAL_UART_IRQHandler
                0x00000000080056f0      0x5bc ./Drivers/STM32F3xx_HAL_Driver/Src/stm32f3xx_hal_uart.o
                0x00000000080056f0                HAL_UART_IRQHandler
 .text.HAL_UART_TxCpltCallback
                0x0000000008005cac       0x14 ./Drivers/STM32F3xx_HAL_Driver/Src/stm32f3xx_hal_uart.o
                0x0000000008005cac                HAL_UART_TxCpltCallback
 .text.HAL_UART_ErrorCallback
                0x0000000008005cc0       0x14 ./Drivers/STM32F3xx_HAL_Driver/Src/stm32f3xx_hal_uart.o
                0x0000000008005cc0                HAL_UART_ErrorCallback
 .text.HAL_UARTEx_RxEventCallback
                0x0000000008005cd4       0x18 ./Drivers/STM32F3xx_HAL_Driver/Src/stm32f3xx_hal_uart.o
                0x0000000008005cd4                HAL_UARTEx_RxEventCallback
 .text.UART_SetConfig
                0x0000000008005cec      0x3a8 ./Drivers/STM32F3xx_HAL_Driver/Src/stm32f3xx_hal_uart.o
                0x0000000008005cec                UART_SetConfig
 .text.UART_AdvFeatureConfig
                0x0000000008006094      0x144 ./Drivers/STM32F3xx_HAL_Driver/Src/stm32f3xx_hal_uart.o
                0x0000000008006094                UART_AdvFeatureConfig
 .text.UART_CheckIdleState
                0x00000000080061d8       0x92 ./Drivers/STM32F3xx_HAL_Driver/Src/stm32f3xx_hal_uart.o
                0x00000000080061d8                UART_CheckIdleState
 .text.UART_WaitOnFlagUntilTimeout
                0x000000000800626a      0x188 ./Drivers/STM32F3xx_HAL_Driver/Src/stm32f3xx_hal_uart.o
                0x000000000800626a                UART_WaitOnFlagUntilTimeout
 *fill*         0x00000000080063f2        0x2 
 .text.UART_Start_Receive_IT
                0x00000000080063f4      0x130 ./Drivers/STM32F3xx_HAL_Driver/Src/stm32f3xx_hal_uart.o
                0x00000000080063f4                UART_Start_Receive_IT
 .text.UART_EndRxTransfer
                0x0000000008006524       0xc6 ./Drivers/STM32F3xx_HAL_Driver/Src/stm32f3xx_hal_uart.o
 .text.UART_DMAAbortOnError
                0x00000000080065ea       0x2c ./Drivers/STM32F3xx_HAL_Driver/Src/stm32f3xx_hal_uart.o
 .text.UART_EndTransmit_IT
                0x0000000008006616       0x54 ./Drivers/STM32F3xx_HAL_Driver/Src/stm32f3xx_hal_uart.o
 .text.UART_RxISR_8BIT
                0x000000000800666a      0x15c ./Drivers/STM32F3xx_HAL_Driver/Src/stm32f3xx_hal_uart.o
 .text.UART_RxISR_16BIT
                0x00000000080067c6      0x15c ./Drivers/STM32F3xx_HAL_Driver/Src/stm32f3xx_hal_uart.o
 .text.HAL_UARTEx_WakeupCallback
                0x0000000008006922       0x14 ./Drivers/STM32F3xx_HAL_Driver/Src/stm32f3xx_hal_uart_ex.o
                0x0000000008006922                HAL_UARTEx_WakeupCallback
 *fill*         0x0000000008006936        0x2 
 .text.MX_FATFS_Init
                0x0000000008006938       0x24 ./FATFS/App/fatfs.o
                0x0000000008006938                MX_FATFS_Init
 .text.get_fattime
                0x000000000800695c       0x10 ./FATFS/App/fatfs.o
                0x000000000800695c                get_fattime
 .text.USER_initialize
                0x000000000800696c       0x1e ./FATFS/Target/user_diskio.o
                0x000000000800696c                USER_initialize
 .text.USER_status
                0x000000000800698a       0x1e ./FATFS/Target/user_diskio.o
                0x000000000800698a                USER_status
 .text.USER_read
                0x00000000080069a8       0x28 ./FATFS/Target/user_diskio.o
                0x00000000080069a8                USER_read
 .text.USER_write
                0x00000000080069d0       0x28 ./FATFS/Target/user_diskio.o
                0x00000000080069d0                USER_write
 .text.USER_ioctl
                0x00000000080069f8       0x28 ./FATFS/Target/user_diskio.o
                0x00000000080069f8                USER_ioctl
 .text.disk_status
                0x0000000008006a20       0x34 ./Middlewares/Third_Party/FatFs/src/diskio.o
                0x0000000008006a20                disk_status
 .text.disk_initialize
                0x0000000008006a54       0x4c ./Middlewares/Third_Party/FatFs/src/diskio.o
                0x0000000008006a54                disk_initialize
 .text.disk_read
                0x0000000008006aa0       0x40 ./Middlewares/Third_Party/FatFs/src/diskio.o
                0x0000000008006aa0                disk_read
 .text.disk_write
                0x0000000008006ae0       0x40 ./Middlewares/Third_Party/FatFs/src/diskio.o
                0x0000000008006ae0                disk_write
 .text.disk_ioctl
                0x0000000008006b20       0x3c ./Middlewares/Third_Party/FatFs/src/diskio.o
                0x0000000008006b20                disk_ioctl
 .text.mem_cpy  0x0000000008006b5c       0x3e ./Middlewares/Third_Party/FatFs/src/ff.o
 .text.mem_set  0x0000000008006b9a       0x36 ./Middlewares/Third_Party/FatFs/src/ff.o
 .text.mem_cmp  0x0000000008006bd0       0x4e ./Middlewares/Third_Party/FatFs/src/ff.o
 .text.chk_chr  0x0000000008006c1e       0x36 ./Middlewares/Third_Party/FatFs/src/ff.o
 .text.chk_lock
                0x0000000008006c54       0xe4 ./Middlewares/Third_Party/FatFs/src/ff.o
 .text.enq_lock
                0x0000000008006d38       0x48 ./Middlewares/Third_Party/FatFs/src/ff.o
 .text.inc_lock
                0x0000000008006d80      0x184 ./Middlewares/Third_Party/FatFs/src/ff.o
 .text.dec_lock
                0x0000000008006f04       0x88 ./Middlewares/Third_Party/FatFs/src/ff.o
 .text.clear_lock
                0x0000000008006f8c       0x54 ./Middlewares/Third_Party/FatFs/src/ff.o
 .text.sync_window
                0x0000000008006fe0       0xb4 ./Middlewares/Third_Party/FatFs/src/ff.o
 .text.move_window
                0x0000000008007094       0x68 ./Middlewares/Third_Party/FatFs/src/ff.o
 .text.sync_fs  0x00000000080070fc      0x19e ./Middlewares/Third_Party/FatFs/src/ff.o
 .text.clust2sect
                0x000000000800729a       0x50 ./Middlewares/Third_Party/FatFs/src/ff.o
                0x000000000800729a                clust2sect
 .text.get_fat  0x00000000080072ea      0x20a ./Middlewares/Third_Party/FatFs/src/ff.o
                0x00000000080072ea                get_fat
 .text.put_fat  0x00000000080074f4      0x2c0 ./Middlewares/Third_Party/FatFs/src/ff.o
                0x00000000080074f4                put_fat
 .text.remove_chain
                0x00000000080077b4       0xd0 ./Middlewares/Third_Party/FatFs/src/ff.o
 .text.create_chain
                0x0000000008007884      0x162 ./Middlewares/Third_Party/FatFs/src/ff.o
 .text.clmt_clust
                0x00000000080079e6       0x88 ./Middlewares/Third_Party/FatFs/src/ff.o
 .text.dir_sdi  0x0000000008007a6e      0x1b6 ./Middlewares/Third_Party/FatFs/src/ff.o
 .text.dir_next
                0x0000000008007c24      0x2c4 ./Middlewares/Third_Party/FatFs/src/ff.o
 .text.dir_alloc
                0x0000000008007ee8       0xa2 ./Middlewares/Third_Party/FatFs/src/ff.o
 .text.ld_clust
                0x0000000008007f8a       0x5e ./Middlewares/Third_Party/FatFs/src/ff.o
 .text.st_clust
                0x0000000008007fe8       0x4e ./Middlewares/Third_Party/FatFs/src/ff.o
 *fill*         0x0000000008008036        0x2 
 .text.cmp_lfn  0x0000000008008038       0xdc ./Middlewares/Third_Party/FatFs/src/ff.o
 .text.fit_lfn  0x0000000008008114       0xec ./Middlewares/Third_Party/FatFs/src/ff.o
 .text.gen_numname
                0x0000000008008200      0x120 ./Middlewares/Third_Party/FatFs/src/ff.o
 .text.sum_sfn  0x0000000008008320       0x42 ./Middlewares/Third_Party/FatFs/src/ff.o
 .text.dir_find
                0x0000000008008362      0x1aa ./Middlewares/Third_Party/FatFs/src/ff.o
 .text.dir_register
                0x000000000800850c      0x260 ./Middlewares/Third_Party/FatFs/src/ff.o
 .text.create_name
                0x000000000800876c      0x384 ./Middlewares/Third_Party/FatFs/src/ff.o
 .text.follow_path
                0x0000000008008af0       0xf2 ./Middlewares/Third_Party/FatFs/src/ff.o
 .text.get_ldnumber
                0x0000000008008be2       0x88 ./Middlewares/Third_Party/FatFs/src/ff.o
 *fill*         0x0000000008008c6a        0x2 
 .text.check_fs
                0x0000000008008c6c       0xdc ./Middlewares/Third_Party/FatFs/src/ff.o
 .text.find_volume
                0x0000000008008d48      0x6b8 ./Middlewares/Third_Party/FatFs/src/ff.o
 .text.validate
                0x0000000008009400       0x7c ./Middlewares/Third_Party/FatFs/src/ff.o
 .text.f_mount  0x000000000800947c       0x94 ./Middlewares/Third_Party/FatFs/src/ff.o
                0x000000000800947c                f_mount
 .text.f_open   0x0000000008009510      0x674 ./Middlewares/Third_Party/FatFs/src/ff.o
                0x0000000008009510                f_open
 .text.f_read   0x0000000008009b84      0x42c ./Middlewares/Third_Party/FatFs/src/ff.o
                0x0000000008009b84                f_read
 .text.f_write  0x0000000008009fb0      0x4e6 ./Middlewares/Third_Party/FatFs/src/ff.o
                0x0000000008009fb0                f_write
 .text.f_sync   0x000000000800a496      0x1bc ./Middlewares/Third_Party/FatFs/src/ff.o
                0x000000000800a496                f_sync
 .text.f_close  0x000000000800a652       0x56 ./Middlewares/Third_Party/FatFs/src/ff.o
                0x000000000800a652                f_close
 .text.f_lseek  0x000000000800a6a8      0x668 ./Middlewares/Third_Party/FatFs/src/ff.o
                0x000000000800a6a8                f_lseek
 .text.f_getfree
                0x000000000800ad10      0x1c4 ./Middlewares/Third_Party/FatFs/src/ff.o
                0x000000000800ad10                f_getfree
 .text.f_gets   0x000000000800aed4       0x7a ./Middlewares/Third_Party/FatFs/src/ff.o
                0x000000000800aed4                f_gets
 .text.putc_bfd
                0x000000000800af4e       0x7a ./Middlewares/Third_Party/FatFs/src/ff.o
 .text.f_puts   0x000000000800afc8       0x72 ./Middlewares/Third_Party/FatFs/src/ff.o
                0x000000000800afc8                f_puts
 *fill*         0x000000000800b03a        0x2 
 .text.FATFS_LinkDriverEx
                0x000000000800b03c       0x98 ./Middlewares/Third_Party/FatFs/src/ff_gen_drv.o
                0x000000000800b03c                FATFS_LinkDriverEx
 .text.FATFS_LinkDriver
                0x000000000800b0d4       0x1e ./Middlewares/Third_Party/FatFs/src/ff_gen_drv.o
                0x000000000800b0d4                FATFS_LinkDriver
 *fill*         0x000000000800b0f2        0x2 
 .text.ff_convert
                0x000000000800b0f4       0x78 ./Middlewares/Third_Party/FatFs/src/option/ccsbcs.o
                0x000000000800b0f4                ff_convert
 .text.ff_wtoupper
                0x000000000800b16c       0x5c ./Middlewares/Third_Party/FatFs/src/option/ccsbcs.o
                0x000000000800b16c                ff_wtoupper
 .text.__errno  0x000000000800b1c8        0xc c:/st/stm32cubeide_1.8.0/stm32cubeide/plugins/com.st.stm32cube.ide.mcu.externaltools.gnu-tools-for-stm32.9-2020-q2-update.win32_2.0.0.202105311346/tools/bin/../lib/gcc/arm-none-eabi/9.3.1/../../../../arm-none-eabi/lib/thumb/v7e-m+fp/hard\libc_nano.a(lib_a-errno.o)
                0x000000000800b1c8                __errno
 .text.__libc_init_array
                0x000000000800b1d4       0x48 c:/st/stm32cubeide_1.8.0/stm32cubeide/plugins/com.st.stm32cube.ide.mcu.externaltools.gnu-tools-for-stm32.9-2020-q2-update.win32_2.0.0.202105311346/tools/bin/../lib/gcc/arm-none-eabi/9.3.1/../../../../arm-none-eabi/lib/thumb/v7e-m+fp/hard\libc_nano.a(lib_a-init.o)
                0x000000000800b1d4                __libc_init_array
 .text.memcpy   0x000000000800b21c       0x1c c:/st/stm32cubeide_1.8.0/stm32cubeide/plugins/com.st.stm32cube.ide.mcu.externaltools.gnu-tools-for-stm32.9-2020-q2-update.win32_2.0.0.202105311346/tools/bin/../lib/gcc/arm-none-eabi/9.3.1/../../../../arm-none-eabi/lib/thumb/v7e-m+fp/hard\libc_nano.a(lib_a-memcpy-stub.o)
                0x000000000800b21c                memcpy
 .text.memset   0x000000000800b238       0x10 c:/st/stm32cubeide_1.8.0/stm32cubeide/plugins/com.st.stm32cube.ide.mcu.externaltools.gnu-tools-for-stm32.9-2020-q2-update.win32_2.0.0.202105311346/tools/bin/../lib/gcc/arm-none-eabi/9.3.1/../../../../arm-none-eabi/lib/thumb/v7e-m+fp/hard\libc_nano.a(lib_a-memset.o)
                0x000000000800b238                memset
 .text.sprintf  0x000000000800b248       0x40 c:/st/stm32cubeide_1.8.0/stm32cubeide/plugins/com.st.stm32cube.ide.mcu.externaltools.gnu-tools-for-stm32.9-2020-q2-update.win32_2.0.0.202105311346/tools/bin/../lib/gcc/arm-none-eabi/9.3.1/../../../../arm-none-eabi/lib/thumb/v7e-m+fp/hard\libc_nano.a(lib_a-sprintf.o)
                0x000000000800b248                siprintf
                0x000000000800b248                sprintf
 .text.__ssputs_r
                0x000000000800b288       0xb6 c:/st/stm32cubeide_1.8.0/stm32cubeide/plugins/com.st.stm32cube.ide.mcu.externaltools.gnu-tools-for-stm32.9-2020-q2-update.win32_2.0.0.202105311346/tools/bin/../lib/gcc/arm-none-eabi/9.3.1/../../../../arm-none-eabi/lib/thumb/v7e-m+fp/hard\libc_nano.a(lib_a-nano-svfprintf.o)
                0x000000000800b288                __ssputs_r
 *fill*         0x000000000800b33e        0x2 
 .text._svfprintf_r
                0x000000000800b340      0x200 c:/st/stm32cubeide_1.8.0/stm32cubeide/plugins/com.st.stm32cube.ide.mcu.externaltools.gnu-tools-for-stm32.9-2020-q2-update.win32_2.0.0.202105311346/tools/bin/../lib/gcc/arm-none-eabi/9.3.1/../../../../arm-none-eabi/lib/thumb/v7e-m+fp/hard\libc_nano.a(lib_a-nano-svfprintf.o)
                0x000000000800b340                _svfiprintf_r
                0x000000000800b340                _svfprintf_r
 .text._printf_common
                0x000000000800b540       0xda c:/st/stm32cubeide_1.8.0/stm32cubeide/plugins/com.st.stm32cube.ide.mcu.externaltools.gnu-tools-for-stm32.9-2020-q2-update.win32_2.0.0.202105311346/tools/bin/../lib/gcc/arm-none-eabi/9.3.1/../../../../arm-none-eabi/lib/thumb/v7e-m+fp/hard\libc_nano.a(lib_a-nano-vfprintf_i.o)
                0x000000000800b540                _printf_common
 *fill*         0x000000000800b61a        0x2 
 .text._printf_i
                0x000000000800b61c      0x24c c:/st/stm32cubeide_1.8.0/stm32cubeide/plugins/com.st.stm32cube.ide.mcu.externaltools.gnu-tools-for-stm32.9-2020-q2-update.win32_2.0.0.202105311346/tools/bin/../lib/gcc/arm-none-eabi/9.3.1/../../../../arm-none-eabi/lib/thumb/v7e-m+fp/hard\libc_nano.a(lib_a-nano-vfprintf_i.o)
                0x000000000800b61c                _printf_i
 .text.memmove  0x000000000800b868       0x34 c:/st/stm32cubeide_1.8.0/stm32cubeide/plugins/com.st.stm32cube.ide.mcu.externaltools.gnu-tools-for-stm32.9-2020-q2-update.win32_2.0.0.202105311346/tools/bin/../lib/gcc/arm-none-eabi/9.3.1/../../../../arm-none-eabi/lib/thumb/v7e-m+fp/hard\libc_nano.a(lib_a-memmove.o)
                0x000000000800b868                memmove
 .text._free_r  0x000000000800b89c       0xa0 c:/st/stm32cubeide_1.8.0/stm32cubeide/plugins/com.st.stm32cube.ide.mcu.externaltools.gnu-tools-for-stm32.9-2020-q2-update.win32_2.0.0.202105311346/tools/bin/../lib/gcc/arm-none-eabi/9.3.1/../../../../arm-none-eabi/lib/thumb/v7e-m+fp/hard\libc_nano.a(lib_a-nano-freer.o)
                0x000000000800b89c                _free_r
 .text._malloc_r
                0x000000000800b93c       0xb4 c:/st/stm32cubeide_1.8.0/stm32cubeide/plugins/com.st.stm32cube.ide.mcu.externaltools.gnu-tools-for-stm32.9-2020-q2-update.win32_2.0.0.202105311346/tools/bin/../lib/gcc/arm-none-eabi/9.3.1/../../../../arm-none-eabi/lib/thumb/v7e-m+fp/hard\libc_nano.a(lib_a-nano-mallocr.o)
                0x000000000800b93c                _malloc_r
 .text._realloc_r
                0x000000000800b9f0       0x4c c:/st/stm32cubeide_1.8.0/stm32cubeide/plugins/com.st.stm32cube.ide.mcu.externaltools.gnu-tools-for-stm32.9-2020-q2-update.win32_2.0.0.202105311346/tools/bin/../lib/gcc/arm-none-eabi/9.3.1/../../../../arm-none-eabi/lib/thumb/v7e-m+fp/hard\libc_nano.a(lib_a-nano-reallocr.o)
                0x000000000800b9f0                _realloc_r
 .text._sbrk_r  0x000000000800ba3c       0x20 c:/st/stm32cubeide_1.8.0/stm32cubeide/plugins/com.st.stm32cube.ide.mcu.externaltools.gnu-tools-for-stm32.9-2020-q2-update.win32_2.0.0.202105311346/tools/bin/../lib/gcc/arm-none-eabi/9.3.1/../../../../arm-none-eabi/lib/thumb/v7e-m+fp/hard\libc_nano.a(lib_a-sbrkr.o)
                0x000000000800ba3c                _sbrk_r
 .text.__malloc_lock
                0x000000000800ba5c        0xc c:/st/stm32cubeide_1.8.0/stm32cubeide/plugins/com.st.stm32cube.ide.mcu.externaltools.gnu-tools-for-stm32.9-2020-q2-update.win32_2.0.0.202105311346/tools/bin/../lib/gcc/arm-none-eabi/9.3.1/../../../../arm-none-eabi/lib/thumb/v7e-m+fp/hard\libc_nano.a(lib_a-mlock.o)
                0x000000000800ba5c                __malloc_lock
 .text.__malloc_unlock
                0x000000000800ba68        0xc c:/st/stm32cubeide_1.8.0/stm32cubeide/plugins/com.st.stm32cube.ide.mcu.externaltools.gnu-tools-for-stm32.9-2020-q2-update.win32_2.0.0.202105311346/tools/bin/../lib/gcc/arm-none-eabi/9.3.1/../../../../arm-none-eabi/lib/thumb/v7e-m+fp/hard\libc_nano.a(lib_a-mlock.o)
                0x000000000800ba68                __malloc_unlock
 .text._malloc_usable_size_r
                0x000000000800ba74       0x10 c:/st/stm32cubeide_1.8.0/stm32cubeide/plugins/com.st.stm32cube.ide.mcu.externaltools.gnu-tools-for-stm32.9-2020-q2-update.win32_2.0.0.202105311346/tools/bin/../lib/gcc/arm-none-eabi/9.3.1/../../../../arm-none-eabi/lib/thumb/v7e-m+fp/hard\libc_nano.a(lib_a-nano-msizer.o)
                0x000000000800ba74                _malloc_usable_size_r
 .text.__retarget_lock_acquire_recursive
                0x000000000800ba84        0x2 c:/st/stm32cubeide_1.8.0/stm32cubeide/plugins/com.st.stm32cube.ide.mcu.externaltools.gnu-tools-for-stm32.9-2020-q2-update.win32_2.0.0.202105311346/tools/bin/../lib/gcc/arm-none-eabi/9.3.1/../../../../arm-none-eabi/lib/thumb/v7e-m+fp/hard\libc_nano.a(lib_a-lock.o)
                0x000000000800ba84                __retarget_lock_acquire_recursive
 .text.__retarget_lock_release_recursive
                0x000000000800ba86        0x2 c:/st/stm32cubeide_1.8.0/stm32cubeide/plugins/com.st.stm32cube.ide.mcu.externaltools.gnu-tools-for-stm32.9-2020-q2-update.win32_2.0.0.202105311346/tools/bin/../lib/gcc/arm-none-eabi/9.3.1/../../../../arm-none-eabi/lib/thumb/v7e-m+fp/hard\libc_nano.a(lib_a-lock.o)
                0x000000000800ba86                __retarget_lock_release_recursive
 *(.glue_7)
 .glue_7        0x000000000800ba88        0x0 linker stubs
 *(.glue_7t)
 .glue_7t       0x000000000800ba88        0x0 linker stubs
 *(.eh_frame)
 .eh_frame      0x000000000800ba88        0x0 c:/st/stm32cubeide_1.8.0/stm32cubeide/plugins/com.st.stm32cube.ide.mcu.externaltools.gnu-tools-for-stm32.9-2020-q2-update.win32_2.0.0.202105311346/tools/bin/../lib/gcc/arm-none-eabi/9.3.1/thumb/v7e-m+fp/hard/crtbegin.o
 *(.init)
 .init          0x000000000800ba88        0x4 c:/st/stm32cubeide_1.8.0/stm32cubeide/plugins/com.st.stm32cube.ide.mcu.externaltools.gnu-tools-for-stm32.9-2020-q2-update.win32_2.0.0.202105311346/tools/bin/../lib/gcc/arm-none-eabi/9.3.1/thumb/v7e-m+fp/hard/crti.o
                0x000000000800ba88                _init
 .init          0x000000000800ba8c        0x8 c:/st/stm32cubeide_1.8.0/stm32cubeide/plugins/com.st.stm32cube.ide.mcu.externaltools.gnu-tools-for-stm32.9-2020-q2-update.win32_2.0.0.202105311346/tools/bin/../lib/gcc/arm-none-eabi/9.3.1/thumb/v7e-m+fp/hard/crtn.o
 *(.fini)
 .fini          0x000000000800ba94        0x4 c:/st/stm32cubeide_1.8.0/stm32cubeide/plugins/com.st.stm32cube.ide.mcu.externaltools.gnu-tools-for-stm32.9-2020-q2-update.win32_2.0.0.202105311346/tools/bin/../lib/gcc/arm-none-eabi/9.3.1/thumb/v7e-m+fp/hard/crti.o
                0x000000000800ba94                _fini
 .fini          0x000000000800ba98        0x8 c:/st/stm32cubeide_1.8.0/stm32cubeide/plugins/com.st.stm32cube.ide.mcu.externaltools.gnu-tools-for-stm32.9-2020-q2-update.win32_2.0.0.202105311346/tools/bin/../lib/gcc/arm-none-eabi/9.3.1/thumb/v7e-m+fp/hard/crtn.o
                0x000000000800baa0                . = ALIGN (0x4)
                0x000000000800baa0                _etext = .

.vfp11_veneer   0x000000000800baa0        0x0
 .vfp11_veneer  0x000000000800baa0        0x0 linker stubs

.v4_bx          0x000000000800baa0        0x0
 .v4_bx         0x000000000800baa0        0x0 linker stubs

.iplt           0x000000000800baa0        0x0
 .iplt          0x000000000800baa0        0x0 c:/st/stm32cubeide_1.8.0/stm32cubeide/plugins/com.st.stm32cube.ide.mcu.externaltools.gnu-tools-for-stm32.9-2020-q2-update.win32_2.0.0.202105311346/tools/bin/../lib/gcc/arm-none-eabi/9.3.1/thumb/v7e-m+fp/hard/crtbegin.o

.rodata         0x000000000800baa0      0x98c
                0x000000000800baa0                . = ALIGN (0x4)
 *(.rodata)
 .rodata        0x000000000800baa0      0x388 ./Core/Src/main.o
 .rodata        0x000000000800be28       0x48 ./Middlewares/Third_Party/FatFs/src/ff.o
 *(.rodata*)
 .rodata.AHBPrescTable
                0x000000000800be70       0x10 ./Core/Src/system_stm32f3xx.o
                0x000000000800be70                AHBPrescTable
 .rodata.APBPrescTable
                0x000000000800be80        0x8 ./Core/Src/system_stm32f3xx.o
                0x000000000800be80                APBPrescTable
 .rodata.aPLLMULFactorTable
                0x000000000800be88       0x10 ./Drivers/STM32F3xx_HAL_Driver/Src/stm32f3xx_hal_rcc.o
                0x000000000800be88                aPLLMULFactorTable
 .rodata.aPredivFactorTable
                0x000000000800be98       0x10 ./Drivers/STM32F3xx_HAL_Driver/Src/stm32f3xx_hal_rcc.o
                0x000000000800be98                aPredivFactorTable
 .rodata.ExCvt  0x000000000800bea8       0x80 ./Middlewares/Third_Party/FatFs/src/ff.o
 .rodata.LfnOfs
                0x000000000800bf28        0xd ./Middlewares/Third_Party/FatFs/src/ff.o
 *fill*         0x000000000800bf35        0x3 
 .rodata.Tbl    0x000000000800bf38      0x100 ./Middlewares/Third_Party/FatFs/src/option/ccsbcs.o
 .rodata.tbl_lower.8279
                0x000000000800c038      0x1e0 ./Middlewares/Third_Party/FatFs/src/option/ccsbcs.o
 .rodata.tbl_upper.8280
                0x000000000800c218      0x1e0 ./Middlewares/Third_Party/FatFs/src/option/ccsbcs.o
 .rodata._svfprintf_r.str1.1
                0x000000000800c3f8       0x11 c:/st/stm32cubeide_1.8.0/stm32cubeide/plugins/com.st.stm32cube.ide.mcu.externaltools.gnu-tools-for-stm32.9-2020-q2-update.win32_2.0.0.202105311346/tools/bin/../lib/gcc/arm-none-eabi/9.3.1/../../../../arm-none-eabi/lib/thumb/v7e-m+fp/hard\libc_nano.a(lib_a-nano-svfprintf.o)
 .rodata._printf_i.str1.1
                0x000000000800c409       0x22 c:/st/stm32cubeide_1.8.0/stm32cubeide/plugins/com.st.stm32cube.ide.mcu.externaltools.gnu-tools-for-stm32.9-2020-q2-update.win32_2.0.0.202105311346/tools/bin/../lib/gcc/arm-none-eabi/9.3.1/../../../../arm-none-eabi/lib/thumb/v7e-m+fp/hard\libc_nano.a(lib_a-nano-vfprintf_i.o)
                0x000000000800c42c                . = ALIGN (0x4)
 *fill*         0x000000000800c42b        0x1 

.rel.dyn        0x000000000800c42c        0x0
 .rel.iplt      0x000000000800c42c        0x0 c:/st/stm32cubeide_1.8.0/stm32cubeide/plugins/com.st.stm32cube.ide.mcu.externaltools.gnu-tools-for-stm32.9-2020-q2-update.win32_2.0.0.202105311346/tools/bin/../lib/gcc/arm-none-eabi/9.3.1/thumb/v7e-m+fp/hard/crtbegin.o

.ARM.extab      0x000000000800c42c        0x0
                0x000000000800c42c                . = ALIGN (0x4)
 *(.ARM.extab* .gnu.linkonce.armextab.*)
                0x000000000800c42c                . = ALIGN (0x4)

.ARM            0x000000000800c42c        0x0
                0x000000000800c42c                . = ALIGN (0x4)
                0x000000000800c42c                __exidx_start = .
 *(.ARM.exidx*)
                0x000000000800c42c                __exidx_end = .
                0x000000000800c42c                . = ALIGN (0x4)

.preinit_array  0x000000000800c42c        0x0
                0x000000000800c42c                . = ALIGN (0x4)
                0x000000000800c42c                PROVIDE (__preinit_array_start = .)
 *(.preinit_array*)
                0x000000000800c42c                PROVIDE (__preinit_array_end = .)
                0x000000000800c42c                . = ALIGN (0x4)

.init_array     0x000000000800c42c        0x4
                0x000000000800c42c                . = ALIGN (0x4)
                0x000000000800c42c                PROVIDE (__init_array_start = .)
 *(SORT_BY_NAME(.init_array.*))
 *(.init_array*)
 .init_array    0x000000000800c42c        0x4 c:/st/stm32cubeide_1.8.0/stm32cubeide/plugins/com.st.stm32cube.ide.mcu.externaltools.gnu-tools-for-stm32.9-2020-q2-update.win32_2.0.0.202105311346/tools/bin/../lib/gcc/arm-none-eabi/9.3.1/thumb/v7e-m+fp/hard/crtbegin.o
                0x000000000800c430                PROVIDE (__init_array_end = .)
                0x000000000800c430                . = ALIGN (0x4)

.fini_array     0x000000000800c430        0x4
                0x000000000800c430                . = ALIGN (0x4)
                [!provide]                        PROVIDE (__fini_array_start = .)
 *(SORT_BY_NAME(.fini_array.*))
 *(.fini_array*)
 .fini_array    0x000000000800c430        0x4 c:/st/stm32cubeide_1.8.0/stm32cubeide/plugins/com.st.stm32cube.ide.mcu.externaltools.gnu-tools-for-stm32.9-2020-q2-update.win32_2.0.0.202105311346/tools/bin/../lib/gcc/arm-none-eabi/9.3.1/thumb/v7e-m+fp/hard/crtbegin.o
                [!provide]                        PROVIDE (__fini_array_end = .)
                0x000000000800c434                . = ALIGN (0x4)
                0x000000000800c434                _sidata = LOADADDR (.data)

.data           0x0000000020000000       0x88 load address 0x000000000800c434
                0x0000000020000000                . = ALIGN (0x4)
                0x0000000020000000                _sdata = .
 *(.data)
 *(.data*)
 .data.Stat     0x0000000020000000        0x1 ./Core/Src/fatfs_sd.o
 *fill*         0x0000000020000001        0x3 
 .data.SystemCoreClock
                0x0000000020000004        0x4 ./Core/Src/system_stm32f3xx.o
                0x0000000020000004                SystemCoreClock
 .data.uwTickPrio
                0x0000000020000008        0x4 ./Drivers/STM32F3xx_HAL_Driver/Src/stm32f3xx_hal.o
                0x0000000020000008                uwTickPrio
 .data.uwTickFreq
                0x000000002000000c        0x1 ./Drivers/STM32F3xx_HAL_Driver/Src/stm32f3xx_hal.o
                0x000000002000000c                uwTickFreq
 *fill*         0x000000002000000d        0x3 
 .data.USER_Driver
                0x0000000020000010       0x14 ./FATFS/Target/user_diskio.o
                0x0000000020000010                USER_Driver
 .data._impure_ptr
                0x0000000020000024        0x4 c:/st/stm32cubeide_1.8.0/stm32cubeide/plugins/com.st.stm32cube.ide.mcu.externaltools.gnu-tools-for-stm32.9-2020-q2-update.win32_2.0.0.202105311346/tools/bin/../lib/gcc/arm-none-eabi/9.3.1/../../../../arm-none-eabi/lib/thumb/v7e-m+fp/hard\libc_nano.a(lib_a-impure.o)
                0x0000000020000024                _impure_ptr
 .data.impure_data
                0x0000000020000028       0x60 c:/st/stm32cubeide_1.8.0/stm32cubeide/plugins/com.st.stm32cube.ide.mcu.externaltools.gnu-tools-for-stm32.9-2020-q2-update.win32_2.0.0.202105311346/tools/bin/../lib/gcc/arm-none-eabi/9.3.1/../../../../arm-none-eabi/lib/thumb/v7e-m+fp/hard\libc_nano.a(lib_a-impure.o)
 *(.RamFunc)
 *(.RamFunc*)
                0x0000000020000088                . = ALIGN (0x4)
                0x0000000020000088                _edata = .
                0x000000000800c4bc                _siccmram = LOADADDR (.ccmram)

.igot.plt       0x0000000020000088        0x0 load address 0x000000000800c4bc
 .igot.plt      0x0000000020000088        0x0 c:/st/stm32cubeide_1.8.0/stm32cubeide/plugins/com.st.stm32cube.ide.mcu.externaltools.gnu-tools-for-stm32.9-2020-q2-update.win32_2.0.0.202105311346/tools/bin/../lib/gcc/arm-none-eabi/9.3.1/thumb/v7e-m+fp/hard/crtbegin.o

.ccmram         0x0000000010000000        0x0 load address 0x000000000800c4bc
                0x0000000010000000                . = ALIGN (0x4)
                0x0000000010000000                _sccmram = .
 *(.ccmram)
 *(.ccmram*)
                0x0000000010000000                . = ALIGN (0x4)
                0x0000000010000000                _eccmram = .
                0x0000000010000000                . = ALIGN (0x4)

.bss            0x0000000020000088     0x48fc
                0x0000000020000088                _sbss = .
                0x0000000020000088                __bss_start__ = _sbss
 *(.bss)
 .bss           0x0000000020000088       0x1c c:/st/stm32cubeide_1.8.0/stm32cubeide/plugins/com.st.stm32cube.ide.mcu.externaltools.gnu-tools-for-stm32.9-2020-q2-update.win32_2.0.0.202105311346/tools/bin/../lib/gcc/arm-none-eabi/9.3.1/thumb/v7e-m+fp/hard/crtbegin.o
 *(.bss*)
 .bss.CardType  0x00000000200000a4        0x1 ./Core/Src/fatfs_sd.o
 .bss.PowerFlag
                0x00000000200000a5        0x1 ./Core/Src/fatfs_sd.o
 *fill*         0x00000000200000a6        0x2 
 .bss.CAN_data_checkFlag
                0x00000000200000a8        0x4 ./Core/Src/main.o
                0x00000000200000a8                CAN_data_checkFlag
 .bss.uart_rx_flag
                0x00000000200000ac        0x4 ./Core/Src/main.o
                0x00000000200000ac                uart_rx_flag
 .bss.FatFsCnt  0x00000000200000b0        0x1 ./Core/Src/stm32f3xx_it.o
                0x00000000200000b0                FatFsCnt
 *fill*         0x00000000200000b1        0x3 
 .bss.__sbrk_heap_end
                0x00000000200000b4        0x4 ./Core/Src/sysmem.o
 .bss.FatFs     0x00000000200000b8        0x4 ./Middlewares/Third_Party/FatFs/src/ff.o
 .bss.Fsid      0x00000000200000bc        0x2 ./Middlewares/Third_Party/FatFs/src/ff.o
 *fill*         0x00000000200000be        0x2 
 .bss.Files     0x00000000200000c0       0x18 ./Middlewares/Third_Party/FatFs/src/ff.o
 .bss.LfnBuf    0x00000000200000d8      0x200 ./Middlewares/Third_Party/FatFs/src/ff.o
 .bss.disk      0x00000000200002d8        0xc ./Middlewares/Third_Party/FatFs/src/ff_gen_drv.o
                0x00000000200002d8                disk
 .bss.__malloc_free_list
                0x00000000200002e4        0x4 c:/st/stm32cubeide_1.8.0/stm32cubeide/plugins/com.st.stm32cube.ide.mcu.externaltools.gnu-tools-for-stm32.9-2020-q2-update.win32_2.0.0.202105311346/tools/bin/../lib/gcc/arm-none-eabi/9.3.1/../../../../arm-none-eabi/lib/thumb/v7e-m+fp/hard\libc_nano.a(lib_a-nano-mallocr.o)
                0x00000000200002e4                __malloc_free_list
 .bss.__malloc_sbrk_start
                0x00000000200002e8        0x4 c:/st/stm32cubeide_1.8.0/stm32cubeide/plugins/com.st.stm32cube.ide.mcu.externaltools.gnu-tools-for-stm32.9-2020-q2-update.win32_2.0.0.202105311346/tools/bin/../lib/gcc/arm-none-eabi/9.3.1/../../../../arm-none-eabi/lib/thumb/v7e-m+fp/hard\libc_nano.a(lib_a-nano-mallocr.o)
                0x00000000200002e8                __malloc_sbrk_start
 *(COMMON)
 COMMON         0x00000000200002ec     0x2619 ./Core/Src/main.o
                0x00000000200002ec                fre_clust
                0x00000000200002f0                dummy_pack_voltage
                0x00000000200002f4                hspi2
                0x0000000020000358                fno
                0x0000000020000378                fs
                0x00000000200013a8                hcan
                0x00000000200013d0                Rx_data
                0x00000000200013dc                br
                0x00000000200013e0                dummy_timer
                0x00000000200013e4                free_space
                0x00000000200013e8                buffer
                0x00000000200017e8                TxData
                0x00000000200017f0                bw
                0x00000000200017f4                dummy_temperature
                0x00000000200017f8                TxMailbox
                0x00000000200017fc                pfs
                0x0000000020001800                fresult
                0x0000000020001804                RxData
                0x000000002000180c                huart2
                0x0000000020001890                total
                0x0000000020001894                TxHeader
                0x00000000200018ac                RxHeader
                0x00000000200018c8                dummy_pack_current
                0x00000000200018cc                uart_rx_data
                0x00000000200018d8                fil
                0x0000000020002904                dummy_cell_votlages
 *fill*         0x0000000020002905        0x1 
 COMMON         0x0000000020002906        0x4 ./Core/Src/stm32f3xx_it.o
                0x0000000020002906                Timer2
                0x0000000020002908                Timer1
 *fill*         0x000000002000290a        0x2 
 COMMON         0x000000002000290c        0x4 ./Drivers/STM32F3xx_HAL_Driver/Src/stm32f3xx_hal.o
                0x000000002000290c                uwTick
 COMMON         0x0000000020002910     0x2064 ./FATFS/App/fatfs.o
                0x0000000020002910                USERPath
                0x0000000020002914                retUSER
                0x0000000020002918                USERFile
                0x0000000020003944                USERFatFS
 COMMON         0x0000000020004974        0x4 c:/st/stm32cubeide_1.8.0/stm32cubeide/plugins/com.st.stm32cube.ide.mcu.externaltools.gnu-tools-for-stm32.9-2020-q2-update.win32_2.0.0.202105311346/tools/bin/../lib/gcc/arm-none-eabi/9.3.1/../../../../arm-none-eabi/lib/thumb/v7e-m+fp/hard\libc_nano.a(lib_a-reent.o)
                0x0000000020004974                errno
 COMMON         0x0000000020004978        0x9 c:/st/stm32cubeide_1.8.0/stm32cubeide/plugins/com.st.stm32cube.ide.mcu.externaltools.gnu-tools-for-stm32.9-2020-q2-update.win32_2.0.0.202105311346/tools/bin/../lib/gcc/arm-none-eabi/9.3.1/../../../../arm-none-eabi/lib/thumb/v7e-m+fp/hard\libc_nano.a(lib_a-lock.o)
                0x0000000020004978                __lock___atexit_recursive_mutex
                0x0000000020004979                __lock___arc4random_mutex
                0x000000002000497a                __lock___env_recursive_mutex
                0x000000002000497b                __lock___sinit_recursive_mutex
                0x000000002000497c                __lock___malloc_recursive_mutex
                0x000000002000497d                __lock___at_quick_exit_mutex
                0x000000002000497e                __lock___dd_hash_mutex
                0x000000002000497f                __lock___tz_mutex
                0x0000000020004980                __lock___sfp_recursive_mutex
                0x0000000020004984                . = ALIGN (0x4)
 *fill*         0x0000000020004981        0x3 
                0x0000000020004984                _ebss = .
                0x0000000020004984                __bss_end__ = _ebss

._user_heap_stack
                0x0000000020004984      0x604
                0x0000000020004988                . = ALIGN (0x8)
 *fill*         0x0000000020004984        0x4 
                [!provide]                        PROVIDE (end = .)
                0x0000000020004988                PROVIDE (_end = .)
                0x0000000020004b88                . = (. + _Min_Heap_Size)
 *fill*         0x0000000020004988      0x200 
                0x0000000020004f88                . = (. + _Min_Stack_Size)
 *fill*         0x0000000020004b88      0x400 
                0x0000000020004f88                . = ALIGN (0x8)

/DISCARD/
 libc.a(*)
 libm.a(*)
 libgcc.a(*)

.ARM.attributes
                0x0000000000000000       0x30
 *(.ARM.attributes)
 .ARM.attributes
                0x0000000000000000       0x1e c:/st/stm32cubeide_1.8.0/stm32cubeide/plugins/com.st.stm32cube.ide.mcu.externaltools.gnu-tools-for-stm32.9-2020-q2-update.win32_2.0.0.202105311346/tools/bin/../lib/gcc/arm-none-eabi/9.3.1/thumb/v7e-m+fp/hard/crti.o
 .ARM.attributes
                0x000000000000001e       0x34 c:/st/stm32cubeide_1.8.0/stm32cubeide/plugins/com.st.stm32cube.ide.mcu.externaltools.gnu-tools-for-stm32.9-2020-q2-update.win32_2.0.0.202105311346/tools/bin/../lib/gcc/arm-none-eabi/9.3.1/thumb/v7e-m+fp/hard/crtbegin.o
 .ARM.attributes
                0x0000000000000052       0x34 ./Core/Src/fatfs_sd.o
 .ARM.attributes
                0x0000000000000086       0x34 ./Core/Src/main.o
 .ARM.attributes
                0x00000000000000ba       0x34 ./Core/Src/stm32f3xx_hal_msp.o
 .ARM.attributes
                0x00000000000000ee       0x34 ./Core/Src/stm32f3xx_it.o
 .ARM.attributes
                0x0000000000000122       0x34 ./Core/Src/sysmem.o
 .ARM.attributes
                0x0000000000000156       0x34 ./Core/Src/system_stm32f3xx.o
 .ARM.attributes
                0x000000000000018a       0x21 ./Core/Startup/startup_stm32f303cctx.o
 .ARM.attributes
                0x00000000000001ab       0x34 ./Drivers/STM32F3xx_HAL_Driver/Src/stm32f3xx_hal.o
 .ARM.attributes
                0x00000000000001df       0x34 ./Drivers/STM32F3xx_HAL_Driver/Src/stm32f3xx_hal_can.o
 .ARM.attributes
                0x0000000000000213       0x34 ./Drivers/STM32F3xx_HAL_Driver/Src/stm32f3xx_hal_cortex.o
 .ARM.attributes
                0x0000000000000247       0x34 ./Drivers/STM32F3xx_HAL_Driver/Src/stm32f3xx_hal_dma.o
 .ARM.attributes
                0x000000000000027b       0x34 ./Drivers/STM32F3xx_HAL_Driver/Src/stm32f3xx_hal_gpio.o
 .ARM.attributes
                0x00000000000002af       0x34 ./Drivers/STM32F3xx_HAL_Driver/Src/stm32f3xx_hal_rcc.o
 .ARM.attributes
                0x00000000000002e3       0x34 ./Drivers/STM32F3xx_HAL_Driver/Src/stm32f3xx_hal_rcc_ex.o
 .ARM.attributes
                0x0000000000000317       0x34 ./Drivers/STM32F3xx_HAL_Driver/Src/stm32f3xx_hal_spi.o
 .ARM.attributes
                0x000000000000034b       0x34 ./Drivers/STM32F3xx_HAL_Driver/Src/stm32f3xx_hal_uart.o
 .ARM.attributes
                0x000000000000037f       0x34 ./Drivers/STM32F3xx_HAL_Driver/Src/stm32f3xx_hal_uart_ex.o
 .ARM.attributes
                0x00000000000003b3       0x34 ./FATFS/App/fatfs.o
 .ARM.attributes
                0x00000000000003e7       0x34 ./FATFS/Target/user_diskio.o
 .ARM.attributes
                0x000000000000041b       0x34 ./Middlewares/Third_Party/FatFs/src/diskio.o
 .ARM.attributes
                0x000000000000044f       0x34 ./Middlewares/Third_Party/FatFs/src/ff.o
 .ARM.attributes
                0x0000000000000483       0x34 ./Middlewares/Third_Party/FatFs/src/ff_gen_drv.o
 .ARM.attributes
                0x00000000000004b7       0x34 ./Middlewares/Third_Party/FatFs/src/option/ccsbcs.o
 .ARM.attributes
                0x00000000000004eb       0x34 c:/st/stm32cubeide_1.8.0/stm32cubeide/plugins/com.st.stm32cube.ide.mcu.externaltools.gnu-tools-for-stm32.9-2020-q2-update.win32_2.0.0.202105311346/tools/bin/../lib/gcc/arm-none-eabi/9.3.1/../../../../arm-none-eabi/lib/thumb/v7e-m+fp/hard\libc_nano.a(lib_a-errno.o)
 .ARM.attributes
                0x000000000000051f       0x32 c:/st/stm32cubeide_1.8.0/stm32cubeide/plugins/com.st.stm32cube.ide.mcu.externaltools.gnu-tools-for-stm32.9-2020-q2-update.win32_2.0.0.202105311346/tools/bin/../lib/gcc/arm-none-eabi/9.3.1/../../../../arm-none-eabi/lib/thumb/v7e-m+fp/hard\libc_nano.a(lib_a-impure.o)
 .ARM.attributes
                0x0000000000000551       0x34 c:/st/stm32cubeide_1.8.0/stm32cubeide/plugins/com.st.stm32cube.ide.mcu.externaltools.gnu-tools-for-stm32.9-2020-q2-update.win32_2.0.0.202105311346/tools/bin/../lib/gcc/arm-none-eabi/9.3.1/../../../../arm-none-eabi/lib/thumb/v7e-m+fp/hard\libc_nano.a(lib_a-init.o)
 .ARM.attributes
                0x0000000000000585       0x34 c:/st/stm32cubeide_1.8.0/stm32cubeide/plugins/com.st.stm32cube.ide.mcu.externaltools.gnu-tools-for-stm32.9-2020-q2-update.win32_2.0.0.202105311346/tools/bin/../lib/gcc/arm-none-eabi/9.3.1/../../../../arm-none-eabi/lib/thumb/v7e-m+fp/hard\libc_nano.a(lib_a-memcpy-stub.o)
 .ARM.attributes
                0x00000000000005b9       0x34 c:/st/stm32cubeide_1.8.0/stm32cubeide/plugins/com.st.stm32cube.ide.mcu.externaltools.gnu-tools-for-stm32.9-2020-q2-update.win32_2.0.0.202105311346/tools/bin/../lib/gcc/arm-none-eabi/9.3.1/../../../../arm-none-eabi/lib/thumb/v7e-m+fp/hard\libc_nano.a(lib_a-memset.o)
 .ARM.attributes
                0x00000000000005ed       0x34 c:/st/stm32cubeide_1.8.0/stm32cubeide/plugins/com.st.stm32cube.ide.mcu.externaltools.gnu-tools-for-stm32.9-2020-q2-update.win32_2.0.0.202105311346/tools/bin/../lib/gcc/arm-none-eabi/9.3.1/../../../../arm-none-eabi/lib/thumb/v7e-m+fp/hard\libc_nano.a(lib_a-sprintf.o)
 .ARM.attributes
                0x0000000000000621       0x17 c:/st/stm32cubeide_1.8.0/stm32cubeide/plugins/com.st.stm32cube.ide.mcu.externaltools.gnu-tools-for-stm32.9-2020-q2-update.win32_2.0.0.202105311346/tools/bin/../lib/gcc/arm-none-eabi/9.3.1/../../../../arm-none-eabi/lib/thumb/v7e-m+fp/hard\libc_nano.a(lib_a-strlen.o)
 .ARM.attributes
                0x0000000000000638       0x34 c:/st/stm32cubeide_1.8.0/stm32cubeide/plugins/com.st.stm32cube.ide.mcu.externaltools.gnu-tools-for-stm32.9-2020-q2-update.win32_2.0.0.202105311346/tools/bin/../lib/gcc/arm-none-eabi/9.3.1/../../../../arm-none-eabi/lib/thumb/v7e-m+fp/hard\libc_nano.a(lib_a-nano-svfprintf.o)
 .ARM.attributes
                0x000000000000066c       0x34 c:/st/stm32cubeide_1.8.0/stm32cubeide/plugins/com.st.stm32cube.ide.mcu.externaltools.gnu-tools-for-stm32.9-2020-q2-update.win32_2.0.0.202105311346/tools/bin/../lib/gcc/arm-none-eabi/9.3.1/../../../../arm-none-eabi/lib/thumb/v7e-m+fp/hard\libc_nano.a(lib_a-nano-vfprintf_i.o)
 .ARM.attributes
                0x00000000000006a0       0x1c c:/st/stm32cubeide_1.8.0/stm32cubeide/plugins/com.st.stm32cube.ide.mcu.externaltools.gnu-tools-for-stm32.9-2020-q2-update.win32_2.0.0.202105311346/tools/bin/../lib/gcc/arm-none-eabi/9.3.1/../../../../arm-none-eabi/lib/thumb/v7e-m+fp/hard\libc_nano.a(lib_a-memchr.o)
 .ARM.attributes
                0x00000000000006bc       0x34 c:/st/stm32cubeide_1.8.0/stm32cubeide/plugins/com.st.stm32cube.ide.mcu.externaltools.gnu-tools-for-stm32.9-2020-q2-update.win32_2.0.0.202105311346/tools/bin/../lib/gcc/arm-none-eabi/9.3.1/../../../../arm-none-eabi/lib/thumb/v7e-m+fp/hard\libc_nano.a(lib_a-memmove.o)
 .ARM.attributes
                0x00000000000006f0       0x34 c:/st/stm32cubeide_1.8.0/stm32cubeide/plugins/com.st.stm32cube.ide.mcu.externaltools.gnu-tools-for-stm32.9-2020-q2-update.win32_2.0.0.202105311346/tools/bin/../lib/gcc/arm-none-eabi/9.3.1/../../../../arm-none-eabi/lib/thumb/v7e-m+fp/hard\libc_nano.a(lib_a-nano-freer.o)
 .ARM.attributes
                0x0000000000000724       0x34 c:/st/stm32cubeide_1.8.0/stm32cubeide/plugins/com.st.stm32cube.ide.mcu.externaltools.gnu-tools-for-stm32.9-2020-q2-update.win32_2.0.0.202105311346/tools/bin/../lib/gcc/arm-none-eabi/9.3.1/../../../../arm-none-eabi/lib/thumb/v7e-m+fp/hard\libc_nano.a(lib_a-nano-mallocr.o)
 .ARM.attributes
                0x0000000000000758       0x34 c:/st/stm32cubeide_1.8.0/stm32cubeide/plugins/com.st.stm32cube.ide.mcu.externaltools.gnu-tools-for-stm32.9-2020-q2-update.win32_2.0.0.202105311346/tools/bin/../lib/gcc/arm-none-eabi/9.3.1/../../../../arm-none-eabi/lib/thumb/v7e-m+fp/hard\libc_nano.a(lib_a-nano-reallocr.o)
 .ARM.attributes
                0x000000000000078c       0x34 c:/st/stm32cubeide_1.8.0/stm32cubeide/plugins/com.st.stm32cube.ide.mcu.externaltools.gnu-tools-for-stm32.9-2020-q2-update.win32_2.0.0.202105311346/tools/bin/../lib/gcc/arm-none-eabi/9.3.1/../../../../arm-none-eabi/lib/thumb/v7e-m+fp/hard\libc_nano.a(lib_a-sbrkr.o)
 .ARM.attributes
                0x00000000000007c0       0x34 c:/st/stm32cubeide_1.8.0/stm32cubeide/plugins/com.st.stm32cube.ide.mcu.externaltools.gnu-tools-for-stm32.9-2020-q2-update.win32_2.0.0.202105311346/tools/bin/../lib/gcc/arm-none-eabi/9.3.1/../../../../arm-none-eabi/lib/thumb/v7e-m+fp/hard\libc_nano.a(lib_a-mlock.o)
 .ARM.attributes
                0x00000000000007f4       0x34 c:/st/stm32cubeide_1.8.0/stm32cubeide/plugins/com.st.stm32cube.ide.mcu.externaltools.gnu-tools-for-stm32.9-2020-q2-update.win32_2.0.0.202105311346/tools/bin/../lib/gcc/arm-none-eabi/9.3.1/../../../../arm-none-eabi/lib/thumb/v7e-m+fp/hard\libc_nano.a(lib_a-nano-msizer.o)
 .ARM.attributes
                0x0000000000000828       0x34 c:/st/stm32cubeide_1.8.0/stm32cubeide/plugins/com.st.stm32cube.ide.mcu.externaltools.gnu-tools-for-stm32.9-2020-q2-update.win32_2.0.0.202105311346/tools/bin/../lib/gcc/arm-none-eabi/9.3.1/../../../../arm-none-eabi/lib/thumb/v7e-m+fp/hard\libc_nano.a(lib_a-reent.o)
 .ARM.attributes
                0x000000000000085c       0x34 c:/st/stm32cubeide_1.8.0/stm32cubeide/plugins/com.st.stm32cube.ide.mcu.externaltools.gnu-tools-for-stm32.9-2020-q2-update.win32_2.0.0.202105311346/tools/bin/../lib/gcc/arm-none-eabi/9.3.1/../../../../arm-none-eabi/lib/thumb/v7e-m+fp/hard\libc_nano.a(lib_a-lock.o)
 .ARM.attributes
                0x0000000000000890       0x1e c:/st/stm32cubeide_1.8.0/stm32cubeide/plugins/com.st.stm32cube.ide.mcu.externaltools.gnu-tools-for-stm32.9-2020-q2-update.win32_2.0.0.202105311346/tools/bin/../lib/gcc/arm-none-eabi/9.3.1/thumb/v7e-m+fp/hard\libgcc.a(_arm_muldf3.o)
 .ARM.attributes
                0x00000000000008ae       0x1e c:/st/stm32cubeide_1.8.0/stm32cubeide/plugins/com.st.stm32cube.ide.mcu.externaltools.gnu-tools-for-stm32.9-2020-q2-update.win32_2.0.0.202105311346/tools/bin/../lib/gcc/arm-none-eabi/9.3.1/thumb/v7e-m+fp/hard\libgcc.a(_arm_addsubdf3.o)
 .ARM.attributes
                0x00000000000008cc       0x1e c:/st/stm32cubeide_1.8.0/stm32cubeide/plugins/com.st.stm32cube.ide.mcu.externaltools.gnu-tools-for-stm32.9-2020-q2-update.win32_2.0.0.202105311346/tools/bin/../lib/gcc/arm-none-eabi/9.3.1/thumb/v7e-m+fp/hard\libgcc.a(_arm_fixunsdfsi.o)
 .ARM.attributes
                0x00000000000008ea       0x1e c:/st/stm32cubeide_1.8.0/stm32cubeide/plugins/com.st.stm32cube.ide.mcu.externaltools.gnu-tools-for-stm32.9-2020-q2-update.win32_2.0.0.202105311346/tools/bin/../lib/gcc/arm-none-eabi/9.3.1/thumb/v7e-m+fp/hard/crtn.o
OUTPUT(BMSv1.0_Unit_Tests.elf elf32-littlearm)
LOAD linker stubs
LOAD c:/st/stm32cubeide_1.8.0/stm32cubeide/plugins/com.st.stm32cube.ide.mcu.externaltools.gnu-tools-for-stm32.9-2020-q2-update.win32_2.0.0.202105311346/tools/bin/../lib/gcc/arm-none-eabi/9.3.1/../../../../arm-none-eabi/lib/thumb/v7e-m+fp/hard\libc.a
LOAD c:/st/stm32cubeide_1.8.0/stm32cubeide/plugins/com.st.stm32cube.ide.mcu.externaltools.gnu-tools-for-stm32.9-2020-q2-update.win32_2.0.0.202105311346/tools/bin/../lib/gcc/arm-none-eabi/9.3.1/../../../../arm-none-eabi/lib/thumb/v7e-m+fp/hard\libm.a
LOAD c:/st/stm32cubeide_1.8.0/stm32cubeide/plugins/com.st.stm32cube.ide.mcu.externaltools.gnu-tools-for-stm32.9-2020-q2-update.win32_2.0.0.202105311346/tools/bin/../lib/gcc/arm-none-eabi/9.3.1/thumb/v7e-m+fp/hard\libgcc.a

.debug_info     0x0000000000000000    0x159ea
 .debug_info    0x0000000000000000      0xcc4 ./Core/Src/fatfs_sd.o
 .debug_info    0x0000000000000cc4     0x1db0 ./Core/Src/main.o
 .debug_info    0x0000000000002a74     0x134e ./Core/Src/stm32f3xx_hal_msp.o
 .debug_info    0x0000000000003dc2      0xc11 ./Core/Src/stm32f3xx_it.o
 .debug_info    0x00000000000049d3      0xa25 ./Core/Src/sysmem.o
 .debug_info    0x00000000000053f8      0x49a ./Core/Src/system_stm32f3xx.o
 .debug_info    0x0000000000005892       0x22 ./Core/Startup/startup_stm32f303cctx.o
 .debug_info    0x00000000000058b4      0x83d ./Drivers/STM32F3xx_HAL_Driver/Src/stm32f3xx_hal.o
 .debug_info    0x00000000000060f1     0x108d ./Drivers/STM32F3xx_HAL_Driver/Src/stm32f3xx_hal_can.o
 .debug_info    0x000000000000717e      0xe44 ./Drivers/STM32F3xx_HAL_Driver/Src/stm32f3xx_hal_cortex.o
 .debug_info    0x0000000000007fc2      0x839 ./Drivers/STM32F3xx_HAL_Driver/Src/stm32f3xx_hal_dma.o
 .debug_info    0x00000000000087fb      0x779 ./Drivers/STM32F3xx_HAL_Driver/Src/stm32f3xx_hal_gpio.o
 .debug_info    0x0000000000008f74     0x15b5 ./Drivers/STM32F3xx_HAL_Driver/Src/stm32f3xx_hal_rcc.o
 .debug_info    0x000000000000a529      0x6b4 ./Drivers/STM32F3xx_HAL_Driver/Src/stm32f3xx_hal_rcc_ex.o
 .debug_info    0x000000000000abdd     0x17f6 ./Drivers/STM32F3xx_HAL_Driver/Src/stm32f3xx_hal_spi.o
 .debug_info    0x000000000000c3d3     0x3af9 ./Drivers/STM32F3xx_HAL_Driver/Src/stm32f3xx_hal_uart.o
 .debug_info    0x000000000000fecc      0xccb ./Drivers/STM32F3xx_HAL_Driver/Src/stm32f3xx_hal_uart_ex.o
 .debug_info    0x0000000000010b97      0xb01 ./FATFS/App/fatfs.o
 .debug_info    0x0000000000011698      0xfe4 ./FATFS/Target/user_diskio.o
 .debug_info    0x000000000001267c      0x501 ./Middlewares/Third_Party/FatFs/src/diskio.o
 .debug_info    0x0000000000012b7d     0x274c ./Middlewares/Third_Party/FatFs/src/ff.o
 .debug_info    0x00000000000152c9      0x498 ./Middlewares/Third_Party/FatFs/src/ff_gen_drv.o
 .debug_info    0x0000000000015761      0x289 ./Middlewares/Third_Party/FatFs/src/option/ccsbcs.o

.debug_abbrev   0x0000000000000000     0x30b1
 .debug_abbrev  0x0000000000000000      0x28d ./Core/Src/fatfs_sd.o
 .debug_abbrev  0x000000000000028d      0x388 ./Core/Src/main.o
 .debug_abbrev  0x0000000000000615      0x213 ./Core/Src/stm32f3xx_hal_msp.o
 .debug_abbrev  0x0000000000000828      0x1b8 ./Core/Src/stm32f3xx_it.o
 .debug_abbrev  0x00000000000009e0      0x1bf ./Core/Src/sysmem.o
 .debug_abbrev  0x0000000000000b9f      0x145 ./Core/Src/system_stm32f3xx.o
 .debug_abbrev  0x0000000000000ce4       0x12 ./Core/Startup/startup_stm32f303cctx.o
 .debug_abbrev  0x0000000000000cf6      0x1ed ./Drivers/STM32F3xx_HAL_Driver/Src/stm32f3xx_hal.o
 .debug_abbrev  0x0000000000000ee3      0x246 ./Drivers/STM32F3xx_HAL_Driver/Src/stm32f3xx_hal_can.o
 .debug_abbrev  0x0000000000001129      0x33c ./Drivers/STM32F3xx_HAL_Driver/Src/stm32f3xx_hal_cortex.o
 .debug_abbrev  0x0000000000001465      0x228 ./Drivers/STM32F3xx_HAL_Driver/Src/stm32f3xx_hal_dma.o
 .debug_abbrev  0x000000000000168d      0x1e8 ./Drivers/STM32F3xx_HAL_Driver/Src/stm32f3xx_hal_gpio.o
 .debug_abbrev  0x0000000000001875      0x2c4 ./Drivers/STM32F3xx_HAL_Driver/Src/stm32f3xx_hal_rcc.o
 .debug_abbrev  0x0000000000001b39      0x23e ./Drivers/STM32F3xx_HAL_Driver/Src/stm32f3xx_hal_rcc_ex.o
 .debug_abbrev  0x0000000000001d77      0x254 ./Drivers/STM32F3xx_HAL_Driver/Src/stm32f3xx_hal_spi.o
 .debug_abbrev  0x0000000000001fcb      0x2b3 ./Drivers/STM32F3xx_HAL_Driver/Src/stm32f3xx_hal_uart.o
 .debug_abbrev  0x000000000000227e      0x2a2 ./Drivers/STM32F3xx_HAL_Driver/Src/stm32f3xx_hal_uart_ex.o
 .debug_abbrev  0x0000000000002520      0x1f7 ./FATFS/App/fatfs.o
 .debug_abbrev  0x0000000000002717      0x287 ./FATFS/Target/user_diskio.o
 .debug_abbrev  0x000000000000299e      0x18b ./Middlewares/Third_Party/FatFs/src/diskio.o
 .debug_abbrev  0x0000000000002b29      0x2b0 ./Middlewares/Third_Party/FatFs/src/ff.o
 .debug_abbrev  0x0000000000002dd9      0x1bc ./Middlewares/Third_Party/FatFs/src/ff_gen_drv.o
 .debug_abbrev  0x0000000000002f95      0x11c ./Middlewares/Third_Party/FatFs/src/option/ccsbcs.o

.debug_aranges  0x0000000000000000      0xec0
 .debug_aranges
                0x0000000000000000       0xa8 ./Core/Src/fatfs_sd.o
 .debug_aranges
                0x00000000000000a8       0x80 ./Core/Src/main.o
 .debug_aranges
                0x0000000000000128       0x50 ./Core/Src/stm32f3xx_hal_msp.o
 .debug_aranges
                0x0000000000000178       0x78 ./Core/Src/stm32f3xx_it.o
 .debug_aranges
                0x00000000000001f0       0x20 ./Core/Src/sysmem.o
 .debug_aranges
                0x0000000000000210       0x28 ./Core/Src/system_stm32f3xx.o
 .debug_aranges
                0x0000000000000238       0x28 ./Core/Startup/startup_stm32f303cctx.o
 .debug_aranges
                0x0000000000000260       0xe0 ./Drivers/STM32F3xx_HAL_Driver/Src/stm32f3xx_hal.o
 .debug_aranges
                0x0000000000000340      0x138 ./Drivers/STM32F3xx_HAL_Driver/Src/stm32f3xx_hal_can.o
 .debug_aranges
                0x0000000000000478      0x118 ./Drivers/STM32F3xx_HAL_Driver/Src/stm32f3xx_hal_cortex.o
 .debug_aranges
                0x0000000000000590       0x88 ./Drivers/STM32F3xx_HAL_Driver/Src/stm32f3xx_hal_dma.o
 .debug_aranges
                0x0000000000000618       0x58 ./Drivers/STM32F3xx_HAL_Driver/Src/stm32f3xx_hal_gpio.o
 .debug_aranges
                0x0000000000000670       0x88 ./Drivers/STM32F3xx_HAL_Driver/Src/stm32f3xx_hal_rcc.o
 .debug_aranges
                0x00000000000006f8       0x38 ./Drivers/STM32F3xx_HAL_Driver/Src/stm32f3xx_hal_rcc_ex.o
 .debug_aranges
                0x0000000000000730      0x1d8 ./Drivers/STM32F3xx_HAL_Driver/Src/stm32f3xx_hal_spi.o
 .debug_aranges
                0x0000000000000908      0x228 ./Drivers/STM32F3xx_HAL_Driver/Src/stm32f3xx_hal_uart.o
 .debug_aranges
                0x0000000000000b30       0x68 ./Drivers/STM32F3xx_HAL_Driver/Src/stm32f3xx_hal_uart_ex.o
 .debug_aranges
                0x0000000000000b98       0x28 ./FATFS/App/fatfs.o
 .debug_aranges
                0x0000000000000bc0       0x40 ./FATFS/Target/user_diskio.o
 .debug_aranges
                0x0000000000000c00       0x48 ./Middlewares/Third_Party/FatFs/src/diskio.o
 .debug_aranges
                0x0000000000000c48      0x210 ./Middlewares/Third_Party/FatFs/src/ff.o
 .debug_aranges
                0x0000000000000e58       0x40 ./Middlewares/Third_Party/FatFs/src/ff_gen_drv.o
 .debug_aranges
                0x0000000000000e98       0x28 ./Middlewares/Third_Party/FatFs/src/option/ccsbcs.o

.debug_ranges   0x0000000000000000      0xd88
 .debug_ranges  0x0000000000000000       0x98 ./Core/Src/fatfs_sd.o
 .debug_ranges  0x0000000000000098       0x70 ./Core/Src/main.o
 .debug_ranges  0x0000000000000108       0x40 ./Core/Src/stm32f3xx_hal_msp.o
 .debug_ranges  0x0000000000000148       0x68 ./Core/Src/stm32f3xx_it.o
 .debug_ranges  0x00000000000001b0       0x10 ./Core/Src/sysmem.o
 .debug_ranges  0x00000000000001c0       0x18 ./Core/Src/system_stm32f3xx.o
 .debug_ranges  0x00000000000001d8       0x20 ./Core/Startup/startup_stm32f303cctx.o
 .debug_ranges  0x00000000000001f8       0xd0 ./Drivers/STM32F3xx_HAL_Driver/Src/stm32f3xx_hal.o
 .debug_ranges  0x00000000000002c8      0x128 ./Drivers/STM32F3xx_HAL_Driver/Src/stm32f3xx_hal_can.o
 .debug_ranges  0x00000000000003f0      0x108 ./Drivers/STM32F3xx_HAL_Driver/Src/stm32f3xx_hal_cortex.o
 .debug_ranges  0x00000000000004f8       0x78 ./Drivers/STM32F3xx_HAL_Driver/Src/stm32f3xx_hal_dma.o
 .debug_ranges  0x0000000000000570       0x48 ./Drivers/STM32F3xx_HAL_Driver/Src/stm32f3xx_hal_gpio.o
 .debug_ranges  0x00000000000005b8       0x78 ./Drivers/STM32F3xx_HAL_Driver/Src/stm32f3xx_hal_rcc.o
 .debug_ranges  0x0000000000000630       0x28 ./Drivers/STM32F3xx_HAL_Driver/Src/stm32f3xx_hal_rcc_ex.o
 .debug_ranges  0x0000000000000658      0x1c8 ./Drivers/STM32F3xx_HAL_Driver/Src/stm32f3xx_hal_spi.o
 .debug_ranges  0x0000000000000820      0x248 ./Drivers/STM32F3xx_HAL_Driver/Src/stm32f3xx_hal_uart.o
 .debug_ranges  0x0000000000000a68       0x58 ./Drivers/STM32F3xx_HAL_Driver/Src/stm32f3xx_hal_uart_ex.o
 .debug_ranges  0x0000000000000ac0       0x18 ./FATFS/App/fatfs.o
 .debug_ranges  0x0000000000000ad8       0x30 ./FATFS/Target/user_diskio.o
 .debug_ranges  0x0000000000000b08       0x38 ./Middlewares/Third_Party/FatFs/src/diskio.o
 .debug_ranges  0x0000000000000b40      0x200 ./Middlewares/Third_Party/FatFs/src/ff.o
 .debug_ranges  0x0000000000000d40       0x30 ./Middlewares/Third_Party/FatFs/src/ff_gen_drv.o
 .debug_ranges  0x0000000000000d70       0x18 ./Middlewares/Third_Party/FatFs/src/option/ccsbcs.o

.debug_macro    0x0000000000000000    0x1ebbf
 .debug_macro   0x0000000000000000      0x227 ./Core/Src/fatfs_sd.o
 .debug_macro   0x0000000000000227      0xaa8 ./Core/Src/fatfs_sd.o
 .debug_macro   0x0000000000000ccf      0x15d ./Core/Src/fatfs_sd.o
 .debug_macro   0x0000000000000e2c       0x2e ./Core/Src/fatfs_sd.o
 .debug_macro   0x0000000000000e5a       0x28 ./Core/Src/fatfs_sd.o
 .debug_macro   0x0000000000000e82       0x22 ./Core/Src/fatfs_sd.o
 .debug_macro   0x0000000000000ea4       0x8e ./Core/Src/fatfs_sd.o
 .debug_macro   0x0000000000000f32       0x51 ./Core/Src/fatfs_sd.o
 .debug_macro   0x0000000000000f83      0x103 ./Core/Src/fatfs_sd.o
 .debug_macro   0x0000000000001086       0x6a ./Core/Src/fatfs_sd.o
 .debug_macro   0x00000000000010f0      0x1df ./Core/Src/fatfs_sd.o
 .debug_macro   0x00000000000012cf       0x1c ./Core/Src/fatfs_sd.o
 .debug_macro   0x00000000000012eb       0x22 ./Core/Src/fatfs_sd.o
 .debug_macro   0x000000000000130d       0xdf ./Core/Src/fatfs_sd.o
 .debug_macro   0x00000000000013ec     0x102d ./Core/Src/fatfs_sd.o
 .debug_macro   0x0000000000002419      0x11f ./Core/Src/fatfs_sd.o
 .debug_macro   0x0000000000002538    0x12a3a ./Core/Src/fatfs_sd.o
 .debug_macro   0x0000000000014f72       0x6d ./Core/Src/fatfs_sd.o
 .debug_macro   0x0000000000014fdf     0x3540 ./Core/Src/fatfs_sd.o
 .debug_macro   0x000000000001851f      0x174 ./Core/Src/fatfs_sd.o
 .debug_macro   0x0000000000018693       0x55 ./Core/Src/fatfs_sd.o
 .debug_macro   0x00000000000186e8      0x962 ./Core/Src/fatfs_sd.o
 .debug_macro   0x000000000001904a      0x5fe ./Core/Src/fatfs_sd.o
 .debug_macro   0x0000000000019648      0x1b6 ./Core/Src/fatfs_sd.o
 .debug_macro   0x00000000000197fe      0x1fb ./Core/Src/fatfs_sd.o
 .debug_macro   0x00000000000199f9      0x1dc ./Core/Src/fatfs_sd.o
 .debug_macro   0x0000000000019bd5      0x1bc ./Core/Src/fatfs_sd.o
 .debug_macro   0x0000000000019d91       0x30 ./Core/Src/fatfs_sd.o
 .debug_macro   0x0000000000019dc1       0x3c ./Core/Src/fatfs_sd.o
 .debug_macro   0x0000000000019dfd      0x236 ./Core/Src/fatfs_sd.o
 .debug_macro   0x000000000001a033      0x408 ./Core/Src/fatfs_sd.o
 .debug_macro   0x000000000001a43b       0xc5 ./Core/Src/fatfs_sd.o
 .debug_macro   0x000000000001a500      0x21d ./Core/Src/fatfs_sd.o
 .debug_macro   0x000000000001a71d      0x22c ./Core/Src/fatfs_sd.o
 .debug_macro   0x000000000001a949       0x5b ./Core/Src/fatfs_sd.o
 .debug_macro   0x000000000001a9a4       0xa5 ./Core/Src/fatfs_sd.o
 .debug_macro   0x000000000001aa49       0x81 ./Core/Src/fatfs_sd.o
 .debug_macro   0x000000000001aaca       0xd3 ./Core/Src/fatfs_sd.o
 .debug_macro   0x000000000001ab9d      0x2fe ./Core/Src/fatfs_sd.o
 .debug_macro   0x000000000001ae9b      0x5a5 ./Core/Src/fatfs_sd.o
 .debug_macro   0x000000000001b440       0x3e ./Core/Src/fatfs_sd.o
 .debug_macro   0x000000000001b47e      0x275 ./Core/Src/fatfs_sd.o
 .debug_macro   0x000000000001b6f3       0x16 ./Core/Src/fatfs_sd.o
 .debug_macro   0x000000000001b709       0x7c ./Core/Src/fatfs_sd.o
 .debug_macro   0x000000000001b785       0x88 ./Core/Src/fatfs_sd.o
 .debug_macro   0x000000000001b80d      0x23f ./Core/Src/main.o
 .debug_macro   0x000000000001ba4c       0xde ./Core/Src/main.o
 .debug_macro   0x000000000001bb2a       0xf5 ./Core/Src/main.o
 .debug_macro   0x000000000001bc1f       0x8e ./Core/Src/main.o
 .debug_macro   0x000000000001bcad      0x1ec ./Core/Src/stm32f3xx_hal_msp.o
 .debug_macro   0x000000000001be99      0x1f6 ./Core/Src/stm32f3xx_it.o
 .debug_macro   0x000000000001c08f       0xff ./Core/Src/sysmem.o
 .debug_macro   0x000000000001c18e      0x23b ./Core/Src/sysmem.o
 .debug_macro   0x000000000001c3c9      0x1e2 ./Core/Src/system_stm32f3xx.o
 .debug_macro   0x000000000001c5ab      0x206 ./Drivers/STM32F3xx_HAL_Driver/Src/stm32f3xx_hal.o
 .debug_macro   0x000000000001c7b1      0x1ea ./Drivers/STM32F3xx_HAL_Driver/Src/stm32f3xx_hal_can.o
 .debug_macro   0x000000000001c99b      0x1e2 ./Drivers/STM32F3xx_HAL_Driver/Src/stm32f3xx_hal_cortex.o
 .debug_macro   0x000000000001cb7d      0x1e2 ./Drivers/STM32F3xx_HAL_Driver/Src/stm32f3xx_hal_dma.o
 .debug_macro   0x000000000001cd5f      0x1e9 ./Drivers/STM32F3xx_HAL_Driver/Src/stm32f3xx_hal_gpio.o
 .debug_macro   0x000000000001cf48      0x206 ./Drivers/STM32F3xx_HAL_Driver/Src/stm32f3xx_hal_rcc.o
 .debug_macro   0x000000000001d14e      0x1e2 ./Drivers/STM32F3xx_HAL_Driver/Src/stm32f3xx_hal_rcc_ex.o
 .debug_macro   0x000000000001d330      0x1ea ./Drivers/STM32F3xx_HAL_Driver/Src/stm32f3xx_hal_spi.o
 .debug_macro   0x000000000001d51a      0x1ff ./Drivers/STM32F3xx_HAL_Driver/Src/stm32f3xx_hal_uart.o
 .debug_macro   0x000000000001d719      0x1e2 ./Drivers/STM32F3xx_HAL_Driver/Src/stm32f3xx_hal_uart_ex.o
 .debug_macro   0x000000000001d8fb      0x24b ./FATFS/App/fatfs.o
 .debug_macro   0x000000000001db46       0xd8 ./FATFS/App/fatfs.o
 .debug_macro   0x000000000001dc1e      0x30c ./FATFS/Target/user_diskio.o
 .debug_macro   0x000000000001df2a       0x10 ./FATFS/Target/user_diskio.o
 .debug_macro   0x000000000001df3a       0x20 ./FATFS/Target/user_diskio.o
 .debug_macro   0x000000000001df5a       0xd9 ./FATFS/Target/user_diskio.o
 .debug_macro   0x000000000001e033       0x4f ./FATFS/Target/user_diskio.o
 .debug_macro   0x000000000001e082      0x22c ./Middlewares/Third_Party/FatFs/src/diskio.o
 .debug_macro   0x000000000001e2ae      0x473 ./Middlewares/Third_Party/FatFs/src/ff.o
 .debug_macro   0x000000000001e721       0x58 ./Middlewares/Third_Party/FatFs/src/ff.o
 .debug_macro   0x000000000001e779      0x22c ./Middlewares/Third_Party/FatFs/src/ff_gen_drv.o
 .debug_macro   0x000000000001e9a5      0x21a ./Middlewares/Third_Party/FatFs/src/option/ccsbcs.o

.debug_line     0x0000000000000000    0x153d6
 .debug_line    0x0000000000000000      0xe1e ./Core/Src/fatfs_sd.o
 .debug_line    0x0000000000000e1e      0xb9b ./Core/Src/main.o
 .debug_line    0x00000000000019b9      0x7f5 ./Core/Src/stm32f3xx_hal_msp.o
 .debug_line    0x00000000000021ae      0x82e ./Core/Src/stm32f3xx_it.o
 .debug_line    0x00000000000029dc      0x4f8 ./Core/Src/sysmem.o
 .debug_line    0x0000000000002ed4      0x77f ./Core/Src/system_stm32f3xx.o
 .debug_line    0x0000000000003653       0x88 ./Core/Startup/startup_stm32f303cctx.o
 .debug_line    0x00000000000036db      0x9b4 ./Drivers/STM32F3xx_HAL_Driver/Src/stm32f3xx_hal.o
 .debug_line    0x000000000000408f     0x1153 ./Drivers/STM32F3xx_HAL_Driver/Src/stm32f3xx_hal_can.o
 .debug_line    0x00000000000051e2      0xc79 ./Drivers/STM32F3xx_HAL_Driver/Src/stm32f3xx_hal_cortex.o
 .debug_line    0x0000000000005e5b      0xcc6 ./Drivers/STM32F3xx_HAL_Driver/Src/stm32f3xx_hal_dma.o