Archive member included to satisfy reference by file (symbol)

c:/st/stm32cubeide_1.8.0/stm32cubeide/plugins/com.st.stm32cube.ide.mcu.externaltools.gnu-tools-for-stm32.9-2020-q2-update.win32_2.0.0.202105311346/tools/bin/../lib/gcc/arm-none-eabi/9.3.1/../../../../arm-none-eabi/lib/thumb/v7e-m+fp/hard\libm.a(lib_a-w_log.o)
                              ./Core/Src/driverSWLTC6804.o (log)
c:/st/stm32cubeide_1.8.0/stm32cubeide/plugins/com.st.stm32cube.ide.mcu.externaltools.gnu-tools-for-stm32.9-2020-q2-update.win32_2.0.0.202105311346/tools/bin/../lib/gcc/arm-none-eabi/9.3.1/../../../../arm-none-eabi/lib/thumb/v7e-m+fp/hard\libm.a(lib_a-e_log.o)
                              c:/st/stm32cubeide_1.8.0/stm32cubeide/plugins/com.st.stm32cube.ide.mcu.externaltools.gnu-tools-for-stm32.9-2020-q2-update.win32_2.0.0.202105311346/tools/bin/../lib/gcc/arm-none-eabi/9.3.1/../../../../arm-none-eabi/lib/thumb/v7e-m+fp/hard\libm.a(lib_a-w_log.o) (__ieee754_log)
c:/st/stm32cubeide_1.8.0/stm32cubeide/plugins/com.st.stm32cube.ide.mcu.externaltools.gnu-tools-for-stm32.9-2020-q2-update.win32_2.0.0.202105311346/tools/bin/../lib/gcc/arm-none-eabi/9.3.1/../../../../arm-none-eabi/lib/thumb/v7e-m+fp/hard\libm.a(lib_a-s_lib_ver.o)
                              c:/st/stm32cubeide_1.8.0/stm32cubeide/plugins/com.st.stm32cube.ide.mcu.externaltools.gnu-tools-for-stm32.9-2020-q2-update.win32_2.0.0.202105311346/tools/bin/../lib/gcc/arm-none-eabi/9.3.1/../../../../arm-none-eabi/lib/thumb/v7e-m+fp/hard\libm.a(lib_a-w_log.o) (__fdlib_version)
c:/st/stm32cubeide_1.8.0/stm32cubeide/plugins/com.st.stm32cube.ide.mcu.externaltools.gnu-tools-for-stm32.9-2020-q2-update.win32_2.0.0.202105311346/tools/bin/../lib/gcc/arm-none-eabi/9.3.1/../../../../arm-none-eabi/lib/thumb/v7e-m+fp/hard\libm.a(lib_a-s_nan.o)
                              c:/st/stm32cubeide_1.8.0/stm32cubeide/plugins/com.st.stm32cube.ide.mcu.externaltools.gnu-tools-for-stm32.9-2020-q2-update.win32_2.0.0.202105311346/tools/bin/../lib/gcc/arm-none-eabi/9.3.1/../../../../arm-none-eabi/lib/thumb/v7e-m+fp/hard\libm.a(lib_a-w_log.o) (nan)
c:/st/stm32cubeide_1.8.0/stm32cubeide/plugins/com.st.stm32cube.ide.mcu.externaltools.gnu-tools-for-stm32.9-2020-q2-update.win32_2.0.0.202105311346/tools/bin/../lib/gcc/arm-none-eabi/9.3.1/../../../../arm-none-eabi/lib/thumb/v7e-m+fp/hard\libc_nano.a(lib_a-errno.o)
                              ./Core/Src/syscalls.o (__errno)
c:/st/stm32cubeide_1.8.0/stm32cubeide/plugins/com.st.stm32cube.ide.mcu.externaltools.gnu-tools-for-stm32.9-2020-q2-update.win32_2.0.0.202105311346/tools/bin/../lib/gcc/arm-none-eabi/9.3.1/../../../../arm-none-eabi/lib/thumb/v7e-m+fp/hard\libc_nano.a(lib_a-exit.o)
                              c:/st/stm32cubeide_1.8.0/stm32cubeide/plugins/com.st.stm32cube.ide.mcu.externaltools.gnu-tools-for-stm32.9-2020-q2-update.win32_2.0.0.202105311346/tools/bin/../lib/gcc/arm-none-eabi/9.3.1/../../../../arm-none-eabi/lib/thumb/v7e-m+fp/hard/crt0.o (exit)
c:/st/stm32cubeide_1.8.0/stm32cubeide/plugins/com.st.stm32cube.ide.mcu.externaltools.gnu-tools-for-stm32.9-2020-q2-update.win32_2.0.0.202105311346/tools/bin/../lib/gcc/arm-none-eabi/9.3.1/../../../../arm-none-eabi/lib/thumb/v7e-m+fp/hard\libc_nano.a(lib_a-impure.o)
                              c:/st/stm32cubeide_1.8.0/stm32cubeide/plugins/com.st.stm32cube.ide.mcu.externaltools.gnu-tools-for-stm32.9-2020-q2-update.win32_2.0.0.202105311346/tools/bin/../lib/gcc/arm-none-eabi/9.3.1/../../../../arm-none-eabi/lib/thumb/v7e-m+fp/hard\libc_nano.a(lib_a-exit.o) (_global_impure_ptr)
c:/st/stm32cubeide_1.8.0/stm32cubeide/plugins/com.st.stm32cube.ide.mcu.externaltools.gnu-tools-for-stm32.9-2020-q2-update.win32_2.0.0.202105311346/tools/bin/../lib/gcc/arm-none-eabi/9.3.1/../../../../arm-none-eabi/lib/thumb/v7e-m+fp/hard\libc_nano.a(lib_a-init.o)
                              c:/st/stm32cubeide_1.8.0/stm32cubeide/plugins/com.st.stm32cube.ide.mcu.externaltools.gnu-tools-for-stm32.9-2020-q2-update.win32_2.0.0.202105311346/tools/bin/../lib/gcc/arm-none-eabi/9.3.1/../../../../arm-none-eabi/lib/thumb/v7e-m+fp/hard/crt0.o (__libc_init_array)
c:/st/stm32cubeide_1.8.0/stm32cubeide/plugins/com.st.stm32cube.ide.mcu.externaltools.gnu-tools-for-stm32.9-2020-q2-update.win32_2.0.0.202105311346/tools/bin/../lib/gcc/arm-none-eabi/9.3.1/../../../../arm-none-eabi/lib/thumb/v7e-m+fp/hard\libc_nano.a(lib_a-malloc.o)
                              ./Core/Src/driverHWSPI1.o (malloc)
c:/st/stm32cubeide_1.8.0/stm32cubeide/plugins/com.st.stm32cube.ide.mcu.externaltools.gnu-tools-for-stm32.9-2020-q2-update.win32_2.0.0.202105311346/tools/bin/../lib/gcc/arm-none-eabi/9.3.1/../../../../arm-none-eabi/lib/thumb/v7e-m+fp/hard\libc_nano.a(lib_a-memcpy-stub.o)
                              ./Core/Src/driverHWSPI1.o (memcpy)
[...]
Memory Configuration

Name             Origin             Length             Attributes
CCMRAM           0x0000000010000000 0x0000000000002000 xrw
RAM              0x0000000020000000 0x000000000000a000 xrw
FLASH            0x0000000008000000 0x0000000000040000 xr
*default*        0x0000000000000000 0xffffffffffffffff

Linker script and memory map

LOAD c:/st/stm32cubeide_1.8.0/stm32cubeide/plugins/com.st.stm32cube.ide.mcu.externaltools.gnu-tools-for-stm32.9-2020-q2-update.win32_2.0.0.202105311346/tools/bin/../lib/gcc/arm-none-eabi/9.3.1/thumb/v7e-m+fp/hard/crti.o
LOAD c:/st/stm32cubeide_1.8.0/stm32cubeide/plugins/com.st.stm32cube.ide.mcu.externaltools.gnu-tools-for-stm32.9-2020-q2-update.win32_2.0.0.202105311346/tools/bin/../lib/gcc/arm-none-eabi/9.3.1/thumb/v7e-m+fp/hard/crtbegin.o
LOAD c:/st/stm32cubeide_1.8.0/stm32cubeide/plugins/com.st.stm32cube.ide.mcu.externaltools.gnu-tools-for-stm32.9-2020-q2-update.win32_2.0.0.202105311346/tools/bin/../lib/gcc/arm-none-eabi/9.3.1/../../../../arm-none-eabi/lib/thumb/v7e-m+fp/hard/crt0.o
LOAD ./Core/Src/driverHWSPI1.o
LOAD ./Core/Src/driverSWLTC6804.o
LOAD ./Core/Src/fatfs_sd.o
LOAD ./Core/Src/main.o
LOAD ./Core/Src/modDelay.o
LOAD ./Core/Src/stm32f3xx_hal_msp.o
LOAD ./Core/Src/stm32f3xx_it.o
LOAD ./Core/Src/syscalls.o
LOAD ./Core/Src/sysmem.o
LOAD ./Core/Src/system_stm32f3xx.o
LOAD ./Core/Startup/startup_stm32f303cctx.o
LOAD ./Drivers/STM32F3xx_HAL_Driver/Src/stm32f3xx_hal.o
LOAD ./Drivers/STM32F3xx_HAL_Driver/Src/stm32f3xx_hal_can.o
LOAD ./Drivers/STM32F3xx_HAL_Driver/Src/stm32f3xx_hal_cortex.o
LOAD ./Drivers/STM32F3xx_HAL_Driver/Src/stm32f3xx_hal_dma.o
LOAD ./Drivers/STM32F3xx_HAL_Driver/Src/stm32f3xx_hal_exti.o
LOAD ./Drivers/STM32F3xx_HAL_Driver/Src/stm32f3xx_hal_flash.o
LOAD ./Drivers/STM32F3xx_HAL_Driver/Src/stm32f3xx_hal_flash_ex.o
LOAD ./Drivers/STM32F3xx_HAL_Driver/Src/stm32f3xx_hal_gpio.o
LOAD ./Drivers/STM32F3xx_HAL_Driver/Src/stm32f3xx_hal_i2c.o
LOAD ./Drivers/STM32F3xx_HAL_Driver/Src/stm32f3xx_hal_i2c_ex.o
LOAD ./Drivers/STM32F3xx_HAL_Driver/Src/stm32f3xx_hal_pwr.o
LOAD ./Drivers/STM32F3xx_HAL_Driver/Src/stm32f3xx_hal_pwr_ex.o
LOAD ./Drivers/STM32F3xx_HAL_Driver/Src/stm32f3xx_hal_rcc.o
LOAD ./Drivers/STM32F3xx_HAL_Driver/Src/stm32f3xx_hal_rcc_ex.o
LOAD ./Drivers/STM32F3xx_HAL_Driver/Src/stm32f3xx_hal_rtc.o
LOAD ./Drivers/STM32F3xx_HAL_Driver/Src/stm32f3xx_hal_rtc_ex.o
LOAD ./Drivers/STM32F3xx_HAL_Driver/Src/stm32f3xx_hal_spi.o
LOAD ./Drivers/STM32F3xx_HAL_Driver/Src/stm32f3xx_hal_spi_ex.o
LOAD ./Drivers/STM32F3xx_HAL_Driver/Src/stm32f3xx_hal_tim.o
LOAD ./Drivers/STM32F3xx_HAL_Driver/Src/stm32f3xx_hal_tim_ex.o
LOAD ./Drivers/STM32F3xx_HAL_Driver/Src/stm32f3xx_hal_uart.o
LOAD ./Drivers/STM32F3xx_HAL_Driver/Src/stm32f3xx_hal_uart_ex.o
LOAD ./FATFS/App/fatfs.o
LOAD ./FATFS/Target/user_diskio.o
LOAD ./Middlewares/Third_Party/FatFs/src/diskio.o
LOAD ./Middlewares/Third_Party/FatFs/src/ff.o
LOAD ./Middlewares/Third_Party/FatFs/src/ff_gen_drv.o
LOAD ./Middlewares/Third_Party/FatFs/src/option/ccsbcs.o
LOAD ./Middlewares/Third_Party/FatFs/src/option/syscall.o
START GROUP
LOAD c:/st/stm32cubeide_1.8.0/stm32cubeide/plugins/com.st.stm32cube.ide.mcu.externaltools.gnu-tools-for-stm32.9-2020-q2-update.win32_2.0.0.202105311346/tools/bin/../lib/gcc/arm-none-eabi/9.3.1/../../../../arm-none-eabi/lib/thumb/v7e-m+fp/hard\libstdc++_nano.a
LOAD c:/st/stm32cubeide_1.8.0/stm32cubeide/plugins/com.st.stm32cube.ide.mcu.externaltools.gnu-tools-for-stm32.9-2020-q2-update.win32_2.0.0.202105311346/tools/bin/../lib/gcc/arm-none-eabi/9.3.1/../../../../arm-none-eabi/lib/thumb/v7e-m+fp/hard\libsupc++_nano.a
END GROUP
LOAD c:/st/stm32cubeide_1.8.0/stm32cubeide/plugins/com.st.stm32cube.ide.mcu.externaltools.gnu-tools-for-stm32.9-2020-q2-update.win32_2.0.0.202105311346/tools/bin/../lib/gcc/arm-none-eabi/9.3.1/../../../../arm-none-eabi/lib/thumb/v7e-m+fp/hard\libstdc++_nano.a
LOAD c:/st/stm32cubeide_1.8.0/stm32cubeide/plugins/com.st.stm32cube.ide.mcu.externaltools.gnu-tools-for-stm32.9-2020-q2-update.win32_2.0.0.202105311346/tools/bin/../lib/gcc/arm-none-eabi/9.3.1/../../../../arm-none-eabi/lib/thumb/v7e-m+fp/hard\libm.a
LOAD c:/st/stm32cubeide_1.8.0/stm32cubeide/plugins/com.st.stm32cube.ide.mcu.externaltools.gnu-tools-for-stm32.9-2020-q2-update.win32_2.0.0.202105311346/tools/bin/../lib/gcc/arm-none-eabi/9.3.1/../../../../arm-none-eabi/lib/thumb/v7e-m+fp/hard\libc_nano.a
START GROUP
LOAD c:/st/stm32cubeide_1.8.0/stm32cubeide/plugins/com.st.stm32cube.ide.mcu.externaltools.gnu-tools-for-stm32.9-2020-q2-update.win32_2.0.0.202105311346/tools/bin/../lib/gcc/arm-none-eabi/9.3.1/thumb/v7e-m+fp/hard\libgcc.a
LOAD c:/st/stm32cubeide_1.8.0/stm32cubeide/plugins/com.st.stm32cube.ide.mcu.externaltools.gnu-tools-for-stm32.9-2020-q2-update.win32_2.0.0.202105311346/tools/bin/../lib/gcc/arm-none-eabi/9.3.1/../../../../arm-none-eabi/lib/thumb/v7e-m+fp/hard\libc_nano.a
END GROUP
START GROUP
LOAD c:/st/stm32cubeide_1.8.0/stm32cubeide/plugins/com.st.stm32cube.ide.mcu.externaltools.gnu-tools-for-stm32.9-2020-q2-update.win32_2.0.0.202105311346/tools/bin/../lib/gcc/arm-none-eabi/9.3.1/thumb/v7e-m+fp/hard\libgcc.a
LOAD c:/st/stm32cubeide_1.8.0/stm32cubeide/plugins/com.st.stm32cube.ide.mcu.externaltools.gnu-tools-for-stm32.9-2020-q2-update.win32_2.0.0.202105311346/tools/bin/../lib/gcc/arm-none-eabi/9.3.1/../../../../arm-none-eabi/lib/thumb/v7e-m+fp/hard\libc_nano.a
LOAD c:/st/stm32cubeide_1.8.0/stm32cubeide/plugins/com.st.stm32cube.ide.mcu.externaltools.gnu-tools-for-stm32.9-2020-q2-update.win32_2.0.0.202105311346/tools/bin/../lib/gcc/arm-none-eabi/9.3.1/../../../../arm-none-eabi/lib/thumb/v7e-m+fp/hard\libnosys.a
END GROUP
START GROUP
LOAD c:/st/stm32cubeide_1.8.0/stm32cubeide/plugins/com.st.stm32cube.ide.mcu.externaltools.gnu-tools-for-stm32.9-2020-q2-update.win32_2.0.0.202105311346/tools/bin/../lib/gcc/arm-none-eabi/9.3.1/thumb/v7e-m+fp/hard\libgcc.a
LOAD c:/st/stm32cubeide_1.8.0/stm32cubeide/plugins/com.st.stm32cube.ide.mcu.externaltools.gnu-tools-for-stm32.9-2020-q2-update.win32_2.0.0.202105311346/tools/bin/../lib/gcc/arm-none-eabi/9.3.1/../../../../arm-none-eabi/lib/thumb/v7e-m+fp/hard\libc_nano.a
LOAD c:/st/stm32cubeide_1.8.0/stm32cubeide/plugins/com.st.stm32cube.ide.mcu.externaltools.gnu-tools-for-stm32.9-2020-q2-update.win32_2.0.0.202105311346/tools/bin/../lib/gcc/arm-none-eabi/9.3.1/../../../../arm-none-eabi/lib/thumb/v7e-m+fp/hard\libnosys.a
END GROUP
LOAD c:/st/stm32cubeide_1.8.0/stm32cubeide/plugins/com.st.stm32cube.ide.mcu.externaltools.gnu-tools-for-stm32.9-2020-q2-update.win32_2.0.0.202105311346/tools/bin/../lib/gcc/arm-none-eabi/9.3.1/thumb/v7e-m+fp/hard/crtend.o
LOAD c:/st/stm32cubeide_1.8.0/stm32cubeide/plugins/com.st.stm32cube.ide.mcu.externaltools.gnu-tools-for-stm32.9-2020-q2-update.win32_2.0.0.202105311346/tools/bin/../lib/gcc/arm-none-eabi/9.3.1/thumb/v7e-m+fp/hard/crtn.o
                0x000000002000a000                _estack = (ORIGIN (RAM) + LENGTH (RAM))
                0x0000000000000200                _Min_Heap_Size = 0x200
                0x0000000000000400                _Min_Stack_Size = 0x400

.isr_vector     0x0000000008000000      0x188
                0x0000000008000000                . = ALIGN (0x4)
 *(.isr_vector)
 .isr_vector    0x0000000008000000      0x188 ./Core/Startup/startup_stm32f303cctx.o
                0x0000000008000000                g_pfnVectors
                0x0000000008000188                . = ALIGN (0x4)

.text           0x0000000008000190    0x10538
                0x0000000008000190                . = ALIGN (0x4)
 *(.text)
 .text          0x0000000008000190       0x40 c:/st/stm32cubeide_1.8.0/stm32cubeide/plugins/com.st.stm32cube.ide.mcu.externaltools.gnu-tools-for-stm32.9-2020-q2-update.win32_2.0.0.202105311346/tools/bin/../lib/gcc/arm-none-eabi/9.3.1/thumb/v7e-m+fp/hard/crtbegin.o
 .text          0x00000000080001d0       0x10 c:/st/stm32cubeide_1.8.0/stm32cubeide/plugins/com.st.stm32cube.ide.mcu.externaltools.gnu-tools-for-stm32.9-2020-q2-update.win32_2.0.0.202105311346/tools/bin/../lib/gcc/arm-none-eabi/9.3.1/../../../../arm-none-eabi/lib/thumb/v7e-m+fp/hard\libc_nano.a(lib_a-strlen.o)
                0x00000000080001d0                strlen
 .text          0x00000000080001e0       0xa0 c:/st/stm32cubeide_1.8.0/stm32cubeide/plugins/com.st.stm32cube.ide.mcu.externaltools.gnu-tools-for-stm32.9-2020-q2-update.win32_2.0.0.202105311346/tools/bin/../lib/gcc/arm-none-eabi/9.3.1/../../../../arm-none-eabi/lib/thumb/v7e-m+fp/hard\libc_nano.a(lib_a-memchr.o)
                0x00000000080001e0                memchr
 .text          0x0000000008000280      0x378 c:/st/stm32cubeide_1.8.0/stm32cubeide/plugins/com.st.stm32cube.ide.mcu.externaltools.gnu-tools-for-stm32.9-2020-q2-update.win32_2.0.0.202105311346/tools/bin/../lib/gcc/arm-none-eabi/9.3.1/thumb/v7e-m+fp/hard\libgcc.a(_arm_addsubdf3.o)
                0x0000000008000280                __aeabi_drsub
                0x0000000008000288                __aeabi_dsub
                0x0000000008000288                __subdf3
                0x000000000800028c                __aeabi_dadd
                0x000000000800028c                __adddf3
                0x0000000008000504                __floatunsidf
                0x0000000008000504                __aeabi_ui2d
                0x0000000008000524                __floatsidf
                0x0000000008000524                __aeabi_i2d
                0x0000000008000548                __aeabi_f2d
                0x0000000008000548                __extendsfdf2
                0x000000000800058c                __floatundidf
                0x000000000800058c                __aeabi_ul2d
                0x000000000800059c                __floatdidf
                0x000000000800059c                __aeabi_l2d
 .text          0x00000000080005f8      0x424 c:/st/stm32cubeide_1.8.0/stm32cubeide/plugins/com.st.stm32cube.ide.mcu.externaltools.gnu-tools-for-stm32.9-2020-q2-update.win32_2.0.0.202105311346/tools/bin/../lib/gcc/arm-none-eabi/9.3.1/thumb/v7e-m+fp/hard\libgcc.a(_arm_muldivdf3.o)
                0x00000000080005f8                __aeabi_dmul
                0x00000000080005f8                __muldf3
                0x000000000800084c                __divdf3
                0x000000000800084c                __aeabi_ddiv
 .text          0x0000000008000a1c      0x110 c:/st/stm32cubeide_1.8.0/stm32cubeide/plugins/com.st.stm32cube.ide.mcu.externaltools.gnu-tools-for-stm32.9-2020-q2-update.win32_2.0.0.202105311346/tools/bin/../lib/gcc/arm-none-eabi/9.3.1/thumb/v7e-m+fp/hard\libgcc.a(_arm_cmpdf2.o)
                0x0000000008000a1c                __gtdf2
                0x0000000008000a1c                __gedf2
                0x0000000008000a24                __ltdf2
                0x0000000008000a24                __ledf2
                0x0000000008000a2c                __nedf2
                0x0000000008000a2c                __eqdf2
                0x0000000008000a2c                __cmpdf2
                0x0000000008000aa8                __aeabi_cdrcmple
                0x0000000008000ab8                __aeabi_cdcmpeq
                0x0000000008000ab8                __aeabi_cdcmple
                0x0000000008000ac8                __aeabi_dcmpeq
                0x0000000008000adc                __aeabi_dcmplt
                0x0000000008000af0                __aeabi_dcmple
                0x0000000008000b04                __aeabi_dcmpge
                0x0000000008000b18                __aeabi_dcmpgt
 .text          0x0000000008000b2c       0x2c c:/st/stm32cubeide_1.8.0/stm32cubeide/plugins/com.st.stm32cube.ide.mcu.externaltools.gnu-tools-for-stm32.9-2020-q2-update.win32_2.0.0.202105311346/tools/bin/../lib/gcc/arm-none-eabi/9.3.1/thumb/v7e-m+fp/hard\libgcc.a(_arm_unorddf2.o)
                0x0000000008000b2c                __unorddf2
                0x0000000008000b2c                __aeabi_dcmpun
 .text          0x0000000008000b58       0x50 c:/st/stm32cubeide_1.8.0/stm32cubeide/plugins/com.st.stm32cube.ide.mcu.externaltools.gnu-tools-for-stm32.9-2020-q2-update.win32_2.0.0.202105311346/tools/bin/../lib/gcc/arm-none-eabi/9.3.1/thumb/v7e-m+fp/hard\libgcc.a(_arm_fixdfsi.o)
                0x0000000008000b58                __aeabi_d2iz
                0x0000000008000b58                __fixdfsi
 .text          0x0000000008000ba8       0x40 c:/st/stm32cubeide_1.8.0/stm32cubeide/plugins/com.st.stm32cube.ide.mcu.externaltools.gnu-tools-for-stm32.9-2020-q2-update.win32_2.0.0.202105311346/tools/bin/../lib/gcc/arm-none-eabi/9.3.1/thumb/v7e-m+fp/hard\libgcc.a(_arm_fixunsdfsi.o)
                0x0000000008000ba8                __aeabi_d2uiz
                0x0000000008000ba8                __fixunsdfsi
 .text          0x0000000008000be8       0xa0 c:/st/stm32cubeide_1.8.0/stm32cubeide/plugins/com.st.stm32cube.ide.mcu.externaltools.gnu-tools-for-stm32.9-2020-q2-update.win32_2.0.0.202105311346/tools/bin/../lib/gcc/arm-none-eabi/9.3.1/thumb/v7e-m+fp/hard\libgcc.a(_arm_truncdfsf2.o)
                0x0000000008000be8                __truncdfsf2
                0x0000000008000be8                __aeabi_d2f
 *(.text*)
 .text.driverHWSPI1Init
                0x0000000008000c88       0x90 ./Core/Src/driverHWSPI1.o
                0x0000000008000c88                driverHWSPI1Init
 .text.driverHWSPI1Write
                0x0000000008000d18       0x7c ./Core/Src/driverHWSPI1.o
                0x0000000008000d18                driverHWSPI1Write
 .text.driverHWSPI1WriteRead
                0x0000000008000d94       0xc8 ./Core/Src/driverHWSPI1.o
                0x0000000008000d94                driverHWSPI1WriteRead
 .text.driverSWLTC6804DelayMS
                0x0000000008000e5c       0x2e ./Core/Src/driverSWLTC6804.o
                0x0000000008000e5c                driverSWLTC6804DelayMS
 *fill*         0x0000000008000e8a        0x2 
 .text.driverSWLTC6804Init
                0x0000000008000e8c      0x120 ./Core/Src/driverSWLTC6804.o
                0x0000000008000e8c                driverSWLTC6804Init
 .text.driverSWLTC6804ResetCellVoltageRegisters
                0x0000000008000fac       0x42 ./Core/Src/driverSWLTC6804.o
                0x0000000008000fac                driverSWLTC6804ResetCellVoltageRegisters
 .text.driverSWLTC6804StartCellVoltageConversion
                0x0000000008000fee       0x80 ./Core/Src/driverSWLTC6804.o
                0x0000000008000fee                driverSWLTC6804StartCellVoltageConversion
 *fill*         0x000000000800106e        0x2 
 .text.driverSWLTC6804ReadCellVoltagesArray
                0x0000000008001070      0x1a8 ./Core/Src/driverSWLTC6804.o
                0x0000000008001070                driverSWLTC6804ReadCellVoltagesArray
 .text.driverSWLTC6804ReadCellVoltageRegisters
                0x0000000008001218      0x290 ./Core/Src/driverSWLTC6804.o
                0x0000000008001218                driverSWLTC6804ReadCellVoltageRegisters
 .text.driverSWLTC6804ReadCellVoltageGroups
                0x00000000080014a8       0xb4 ./Core/Src/driverSWLTC6804.o
                0x00000000080014a8                driverSWLTC6804ReadCellVoltageGroups
 *fill*         0x000000000800155c        0x4 
 .text.driverSWLTC6804WriteConfigRegister
                0x0000000008001560      0x344 ./Core/Src/driverSWLTC6804.o
                0x0000000008001560                driverSWLTC6804WriteConfigRegister
 .text.driverSWLTC6804WriteConfigRegisterB
                0x00000000080018a4      0x29c ./Core/Src/driverSWLTC6804.o
                0x00000000080018a4                driverSWLTC6804WriteConfigRegisterB
 .text.driverSWLTC6804CalcPEC15
                0x0000000008001b40       0x68 ./Core/Src/driverSWLTC6804.o
                0x0000000008001b40                driverSWLTC6804CalcPEC15
 .text.driverSWLTC6804ReadConfigRegister
                0x0000000008001ba8       0xe2 ./Core/Src/driverSWLTC6804.o
                0x0000000008001ba8                driverSWLTC6804ReadConfigRegister
 .text.driverSWLTC6804Write
                0x0000000008001c8a       0x22 ./Core/Src/driverSWLTC6804.o
                0x0000000008001c8a                driverSWLTC6804Write
 .text.driverSWLTC6804WriteRead
                0x0000000008001cac       0x32 ./Core/Src/driverSWLTC6804.o
                0x0000000008001cac                driverSWLTC6804WriteRead
 .text.driverSWLTC6804WakeIC
                0x0000000008001cde       0x32 ./Core/Src/driverSWLTC6804.o
                0x0000000008001cde                driverSWLTC6804WakeIC
 .text.SELECT   0x0000000008001d10       0x20 ./Core/Src/fatfs_sd.o
 .text.DESELECT
                0x0000000008001d30       0x20 ./Core/Src/fatfs_sd.o
 .text.SPI_TxByte
                0x0000000008001d50       0x34 ./Core/Src/fatfs_sd.o
 .text.SPI_TxBuffer
                0x0000000008001d84       0x34 ./Core/Src/fatfs_sd.o
 .text.SPI_RxByte
                0x0000000008001db8       0x38 ./Core/Src/fatfs_sd.o
 .text.SPI_RxBytePtr
                0x0000000008001df0       0x1c ./Core/Src/fatfs_sd.o
 .text.SD_ReadyWait
                0x0000000008001e0c       0x34 ./Core/Src/fatfs_sd.o
 .text.SD_PowerOn
                0x0000000008001e40       0x84 ./Core/Src/fatfs_sd.o
 .text.SD_PowerOff
                0x0000000008001ec4       0x18 ./Core/Src/fatfs_sd.o
 .text.SD_CheckPower
                0x0000000008001edc       0x18 ./Core/Src/fatfs_sd.o
 .text.SD_RxDataBlock
                0x0000000008001ef4       0x60 ./Core/Src/fatfs_sd.o
 .text.SD_TxDataBlock
                0x0000000008001f54       0x86 ./Core/Src/fatfs_sd.o
 .text.SD_SendCmd
                0x0000000008001fda       0xa8 ./Core/Src/fatfs_sd.o
 *fill*         0x0000000008002082        0x2 
 .text.SD_disk_initialize
                0x0000000008002084      0x1d8 ./Core/Src/fatfs_sd.o
                0x0000000008002084                SD_disk_initialize
 .text.SD_disk_status
                0x000000000800225c       0x2c ./Core/Src/fatfs_sd.o
                0x000000000800225c                SD_disk_status
 .text.SD_disk_read
                0x0000000008002288       0xd4 ./Core/Src/fatfs_sd.o
                0x0000000008002288                SD_disk_read
 .text.SD_disk_write
                0x000000000800235c      0x108 ./Core/Src/fatfs_sd.o
                0x000000000800235c                SD_disk_write
 .text.SD_disk_ioctl
                0x0000000008002464      0x258 ./Core/Src/fatfs_sd.o
                0x0000000008002464                SD_disk_ioctl
 .text.bufsize  0x00000000080026bc       0x2e ./Core/Src/main.o
                0x00000000080026bc                bufsize
 *fill*         0x00000000080026ea        0x2 
 .text.clear_buffer
                0x00000000080026ec       0x38 ./Core/Src/main.o
                0x00000000080026ec                clear_buffer
 .text.send_uart
                0x0000000008002724       0x30 ./Core/Src/main.o
                0x0000000008002724                send_uart
 *fill*         0x0000000008002754        0x4 
 .text.write_to_csvfile
                0x0000000008002758      0x2bc ./Core/Src/main.o
                0x0000000008002758                write_to_csvfile
 .text.HAL_CAN_RxFifo0MsgPendingCallback
                0x0000000008002a14       0x38 ./Core/Src/main.o
                0x0000000008002a14                HAL_CAN_RxFifo0MsgPendingCallback
 .text.HAL_UART_RxCpltCallback
                0x0000000008002a4c       0x2c ./Core/Src/main.o
                0x0000000008002a4c                HAL_UART_RxCpltCallback
 .text.set_time
                0x0000000008002a78       0x80 ./Core/Src/main.o
                0x0000000008002a78                set_time
 .text.get_time
                0x0000000008002af8       0x7c ./Core/Src/main.o
                0x0000000008002af8                get_time
 .text.HAL_GPIO_EXTI_Callback
                0x0000000008002b74       0x5c ./Core/Src/main.o
                0x0000000008002b74                HAL_GPIO_EXTI_Callback
 .text.sd_init  0x0000000008002bd0      0x358 ./Core/Src/main.o
                0x0000000008002bd0                sd_init
 .text.CellMonitorsArrayTranslate
                0x0000000008002f28       0xbc ./Core/Src/main.o
                0x0000000008002f28                CellMonitorsArrayTranslate
 .text.init_LTC6813
                0x0000000008002fe4      0x100 ./Core/Src/main.o
                0x0000000008002fe4                init_LTC6813
 .text.unit_test_LTC6813
                0x00000000080030e4      0x284 ./Core/Src/main.o
                0x00000000080030e4                unit_test_LTC6813
 .text.main     0x0000000008003368      0x194 ./Core/Src/main.o
                0x0000000008003368                main
 .text.SystemClock_Config
                0x00000000080034fc       0xd8 ./Core/Src/main.o
                0x00000000080034fc                SystemClock_Config
 .text.MX_CAN_Init
                0x00000000080035d4       0xa8 ./Core/Src/main.o
 .text.MX_RTC_Init
                0x000000000800367c       0xc0 ./Core/Src/main.o
 .text.MX_SPI1_Init
                0x000000000800373c       0x7c ./Core/Src/main.o
 .text.MX_SPI2_Init
                0x00000000080037b8       0x7c ./Core/Src/main.o
 .text.MX_USART2_UART_Init
                0x0000000008003834       0x60 ./Core/Src/main.o
 .text.MX_GPIO_Init
                0x0000000008003894      0x104 ./Core/Src/main.o
 .text.Error_Handler
                0x0000000008003998        0xa ./Core/Src/main.o
                0x0000000008003998                Error_Handler
 .text.modDelayTick1ms
                0x00000000080039a2       0x34 ./Core/Src/modDelay.o
                0x00000000080039a2                modDelayTick1ms
 *fill*         0x00000000080039d6        0x2 
 .text.HAL_MspInit
                0x00000000080039d8       0x48 ./Core/Src/stm32f3xx_hal_msp.o
                0x00000000080039d8                HAL_MspInit
 .text.HAL_CAN_MspInit
                0x0000000008003a20       0x98 ./Core/Src/stm32f3xx_hal_msp.o
                0x0000000008003a20                HAL_CAN_MspInit
 .text.HAL_RTC_MspInit
                0x0000000008003ab8       0x4c ./Core/Src/stm32f3xx_hal_msp.o
                0x0000000008003ab8                HAL_RTC_MspInit
 .text.HAL_SPI_MspInit
                0x0000000008003b04       0xec ./Core/Src/stm32f3xx_hal_msp.o
                0x0000000008003b04                HAL_SPI_MspInit
 .text.HAL_UART_MspInit
                0x0000000008003bf0       0x94 ./Core/Src/stm32f3xx_hal_msp.o
                0x0000000008003bf0                HAL_UART_MspInit
 .text.SDTimer_Handler
                0x0000000008003c84       0x48 ./Core/Src/stm32f3xx_it.o
                0x0000000008003c84                SDTimer_Handler
 .text.NMI_Handler
                0x0000000008003ccc        0x6 ./Core/Src/stm32f3xx_it.o
                0x0000000008003ccc                NMI_Handler
 .text.HardFault_Handler
                0x0000000008003cd2        0x6 ./Core/Src/stm32f3xx_it.o
                0x0000000008003cd2                HardFault_Handler
 .text.MemManage_Handler
                0x0000000008003cd8        0x6 ./Core/Src/stm32f3xx_it.o
                0x0000000008003cd8                MemManage_Handler
 .text.BusFault_Handler
                0x0000000008003cde        0x6 ./Core/Src/stm32f3xx_it.o
                0x0000000008003cde                BusFault_Handler
 .text.UsageFault_Handler
                0x0000000008003ce4        0x6 ./Core/Src/stm32f3xx_it.o
                0x0000000008003ce4                UsageFault_Handler
 .text.SVC_Handler
                0x0000000008003cea        0xe ./Core/Src/stm32f3xx_it.o
                0x0000000008003cea                SVC_Handler
 .text.DebugMon_Handler
                0x0000000008003cf8        0xe ./Core/Src/stm32f3xx_it.o
                0x0000000008003cf8                DebugMon_Handler
 .text.PendSV_Handler
                0x0000000008003d06        0xe ./Core/Src/stm32f3xx_it.o
                0x0000000008003d06                PendSV_Handler
 .text.SysTick_Handler
                0x0000000008003d14       0x34 ./Core/Src/stm32f3xx_it.o
                0x0000000008003d14                SysTick_Handler
 .text.USB_LP_CAN_RX0_IRQHandler
                0x0000000008003d48       0x14 ./Core/Src/stm32f3xx_it.o
                0x0000000008003d48                USB_LP_CAN_RX0_IRQHandler
 .text.EXTI9_5_IRQHandler
                0x0000000008003d5c        0xe ./Core/Src/stm32f3xx_it.o
                0x0000000008003d5c                EXTI9_5_IRQHandler
 *fill*         0x0000000008003d6a        0x2 
 .text.USART2_IRQHandler
                0x0000000008003d6c       0x14 ./Core/Src/stm32f3xx_it.o
                0x0000000008003d6c                USART2_IRQHandler
 .text._getpid  0x0000000008003d80       0x10 ./Core/Src/syscalls.o
                0x0000000008003d80                _getpid
 .text._kill    0x0000000008003d90       0x20 ./Core/Src/syscalls.o
                0x0000000008003d90                _kill
 .text._exit    0x0000000008003db0       0x14 ./Core/Src/syscalls.o
                0x0000000008003db0                _exit
 .text._read    0x0000000008003dc4       0x3a ./Core/Src/syscalls.o
                0x0000000008003dc4                _read
 .text._write   0x0000000008003dfe       0x38 ./Core/Src/syscalls.o
                0x0000000008003dfe                _write
 .text._close   0x0000000008003e36       0x18 ./Core/Src/syscalls.o
                0x0000000008003e36                _close
 .text._fstat   0x0000000008003e4e       0x20 ./Core/Src/syscalls.o
                0x0000000008003e4e                _fstat
 .text._isatty  0x0000000008003e6e       0x16 ./Core/Src/syscalls.o
                0x0000000008003e6e                _isatty
 .text._lseek   0x0000000008003e84       0x1a ./Core/Src/syscalls.o
                0x0000000008003e84                _lseek
 *fill*         0x0000000008003e9e        0x2 
 .text._sbrk    0x0000000008003ea0       0x6c ./Core/Src/sysmem.o
                0x0000000008003ea0                _sbrk
 .text.SystemInit
                0x0000000008003f0c       0x24 ./Core/Src/system_stm32f3xx.o
                0x0000000008003f0c                SystemInit
 .text.Reset_Handler
                0x0000000008003f30       0x50 ./Core/Startup/startup_stm32f303cctx.o
                0x0000000008003f30                Reset_Handler
 .text.Default_Handler
                0x0000000008003f80        0x2 ./Core/Startup/startup_stm32f303cctx.o
                0x0000000008003f80                RTC_Alarm_IRQHandler
                0x0000000008003f80                TIM8_TRG_COM_IRQHandler
                0x0000000008003f80                TIM8_CC_IRQHandler
                0x0000000008003f80                TIM1_CC_IRQHandler
                0x0000000008003f80                USB_HP_IRQHandler
                0x0000000008003f80                PVD_IRQHandler
                0x0000000008003f80                TAMP_STAMP_IRQHandler
                0x0000000008003f80                EXTI3_IRQHandler
                0x0000000008003f80                USB_HP_CAN_TX_IRQHandler
                0x0000000008003f80                EXTI0_IRQHandler
                0x0000000008003f80                I2C2_EV_IRQHandler
                0x0000000008003f80                FPU_IRQHandler
                0x0000000008003f80                TIM1_UP_TIM16_IRQHandler
                0x0000000008003f80                ADC1_2_IRQHandler
                0x0000000008003f80                SPI1_IRQHandler
                0x0000000008003f80                CAN_SCE_IRQHandler
                0x0000000008003f80                TIM6_DAC_IRQHandler
                0x0000000008003f80                TIM8_UP_IRQHandler
                0x0000000008003f80                DMA2_Channel2_IRQHandler
                0x0000000008003f80                DMA1_Channel4_IRQHandler
                0x0000000008003f80                USART3_IRQHandler
                0x0000000008003f80                DMA1_Channel7_IRQHandler
                0x0000000008003f80                UART5_IRQHandler
                0x0000000008003f80                ADC3_IRQHandler
                0x0000000008003f80                TIM4_IRQHandler
                0x0000000008003f80                CAN_RX1_IRQHandler
                0x0000000008003f80                DMA2_Channel1_IRQHandler
                0x0000000008003f80                I2C1_EV_IRQHandler
                0x0000000008003f80                DMA1_Channel6_IRQHandler
                0x0000000008003f80                UART4_IRQHandler
                0x0000000008003f80                DMA2_Channel4_IRQHandler
                0x0000000008003f80                TIM3_IRQHandler
                0x0000000008003f80                RCC_IRQHandler
                0x0000000008003f80                DMA1_Channel1_IRQHandler
                0x0000000008003f80                Default_Handler
                0x0000000008003f80                USBWakeUp_RMP_IRQHandler
                0x0000000008003f80                EXTI15_10_IRQHandler
                0x0000000008003f80                TIM7_IRQHandler
                0x0000000008003f80                RTC_WKUP_IRQHandler
                0x0000000008003f80                SPI2_IRQHandler
                0x0000000008003f80                DMA2_Channel5_IRQHandler
                0x0000000008003f80                DMA1_Channel5_IRQHandler
                0x0000000008003f80                USB_LP_IRQHandler
                0x0000000008003f80                EXTI4_IRQHandler
                0x0000000008003f80                TIM1_TRG_COM_TIM17_IRQHandler
                0x0000000008003f80                DMA1_Channel3_IRQHandler
                0x0000000008003f80                ADC4_IRQHandler
                0x0000000008003f80                WWDG_IRQHandler
                0x0000000008003f80                TIM2_IRQHandler
                0x0000000008003f80                COMP7_IRQHandler
                0x0000000008003f80                COMP1_2_3_IRQHandler
                0x0000000008003f80                EXTI1_IRQHandler
                0x0000000008003f80                COMP4_5_6_IRQHandler
                0x0000000008003f80                I2C2_ER_IRQHandler
                0x0000000008003f80                DMA1_Channel2_IRQHandler
                0x0000000008003f80                TIM8_BRK_IRQHandler
                0x0000000008003f80                FLASH_IRQHandler
                0x0000000008003f80                USART1_IRQHandler
                0x0000000008003f80                SPI3_IRQHandler
                0x0000000008003f80                I2C1_ER_IRQHandler
                0x0000000008003f80                USBWakeUp_IRQHandler
                0x0000000008003f80                DMA2_Channel3_IRQHandler
                0x0000000008003f80                EXTI2_TSC_IRQHandler
                0x0000000008003f80                TIM1_BRK_TIM15_IRQHandler
 *fill*         0x0000000008003f82        0x2 
 .text.HAL_Init
                0x0000000008003f84       0x2c ./Drivers/STM32F3xx_HAL_Driver/Src/stm32f3xx_hal.o
                0x0000000008003f84                HAL_Init
 .text.HAL_InitTick
                0x0000000008003fb0       0x60 ./Drivers/STM32F3xx_HAL_Driver/Src/stm32f3xx_hal.o
                0x0000000008003fb0                HAL_InitTick
 .text.HAL_IncTick
                0x0000000008004010       0x28 ./Drivers/STM32F3xx_HAL_Driver/Src/stm32f3xx_hal.o
                0x0000000008004010                HAL_IncTick
 .text.HAL_GetTick
                0x0000000008004038       0x18 ./Drivers/STM32F3xx_HAL_Driver/Src/stm32f3xx_hal.o
                0x0000000008004038                HAL_GetTick
 .text.HAL_Delay
                0x0000000008004050       0x48 ./Drivers/STM32F3xx_HAL_Driver/Src/stm32f3xx_hal.o
                0x0000000008004050                HAL_Delay
 .text.HAL_CAN_Init
                0x0000000008004098      0x1f6 ./Drivers/STM32F3xx_HAL_Driver/Src/stm32f3xx_hal_can.o
                0x0000000008004098                HAL_CAN_Init
 .text.HAL_CAN_ConfigFilter
                0x000000000800428e      0x194 ./Drivers/STM32F3xx_HAL_Driver/Src/stm32f3xx_hal_can.o
                0x000000000800428e                HAL_CAN_ConfigFilter
 .text.HAL_CAN_Start
                0x0000000008004422       0x88 ./Drivers/STM32F3xx_HAL_Driver/Src/stm32f3xx_hal_can.o
                0x0000000008004422                HAL_CAN_Start
 .text.HAL_CAN_AddTxMessage
                0x00000000080044aa      0x1b6 ./Drivers/STM32F3xx_HAL_Driver/Src/stm32f3xx_hal_can.o
                0x00000000080044aa                HAL_CAN_AddTxMessage
 .text.HAL_CAN_GetRxMessage
                0x0000000008004660      0x224 ./Drivers/STM32F3xx_HAL_Driver/Src/stm32f3xx_hal_can.o
                0x0000000008004660                HAL_CAN_GetRxMessage
 .text.HAL_CAN_ActivateNotification
                0x0000000008004884       0x4c ./Drivers/STM32F3xx_HAL_Driver/Src/stm32f3xx_hal_can.o
                0x0000000008004884                HAL_CAN_ActivateNotification
 .text.HAL_CAN_IRQHandler
                0x00000000080048d0      0x36e ./Drivers/STM32F3xx_HAL_Driver/Src/stm32f3xx_hal_can.o
                0x00000000080048d0                HAL_CAN_IRQHandler
 .text.HAL_CAN_TxMailbox0CompleteCallback
                0x0000000008004c3e       0x14 ./Drivers/STM32F3xx_HAL_Driver/Src/stm32f3xx_hal_can.o
                0x0000000008004c3e                HAL_CAN_TxMailbox0CompleteCallback
 .text.HAL_CAN_TxMailbox1CompleteCallback
                0x0000000008004c52       0x14 ./Drivers/STM32F3xx_HAL_Driver/Src/stm32f3xx_hal_can.o
                0x0000000008004c52                HAL_CAN_TxMailbox1CompleteCallback
 .text.HAL_CAN_TxMailbox2CompleteCallback
                0x0000000008004c66       0x14 ./Drivers/STM32F3xx_HAL_Driver/Src/stm32f3xx_hal_can.o
                0x0000000008004c66                HAL_CAN_TxMailbox2CompleteCallback
 .text.HAL_CAN_TxMailbox0AbortCallback
                0x0000000008004c7a       0x14 ./Drivers/STM32F3xx_HAL_Driver/Src/stm32f3xx_hal_can.o
                0x0000000008004c7a                HAL_CAN_TxMailbox0AbortCallback
 .text.HAL_CAN_TxMailbox1AbortCallback
                0x0000000008004c8e       0x14 ./Drivers/STM32F3xx_HAL_Driver/Src/stm32f3xx_hal_can.o
                0x0000000008004c8e                HAL_CAN_TxMailbox1AbortCallback
 .text.HAL_CAN_TxMailbox2AbortCallback
                0x0000000008004ca2       0x14 ./Drivers/STM32F3xx_HAL_Driver/Src/stm32f3xx_hal_can.o
                0x0000000008004ca2                HAL_CAN_TxMailbox2AbortCallback
 .text.HAL_CAN_RxFifo0FullCallback
                0x0000000008004cb6       0x14 ./Drivers/STM32F3xx_HAL_Driver/Src/stm32f3xx_hal_can.o
                0x0000000008004cb6                HAL_CAN_RxFifo0FullCallback
 .text.HAL_CAN_RxFifo1MsgPendingCallback
                0x0000000008004cca       0x14 ./Drivers/STM32F3xx_HAL_Driver/Src/stm32f3xx_hal_can.o
                0x0000000008004cca                HAL_CAN_RxFifo1MsgPendingCallback
 .text.HAL_CAN_RxFifo1FullCallback
                0x0000000008004cde       0x14 ./Drivers/STM32F3xx_HAL_Driver/Src/stm32f3xx_hal_can.o
                0x0000000008004cde                HAL_CAN_RxFifo1FullCallback
 .text.HAL_CAN_SleepCallback
                0x0000000008004cf2       0x14 ./Drivers/STM32F3xx_HAL_Driver/Src/stm32f3xx_hal_can.o
                0x0000000008004cf2                HAL_CAN_SleepCallback
 .text.HAL_CAN_WakeUpFromRxMsgCallback
                0x0000000008004d06       0x14 ./Drivers/STM32F3xx_HAL_Driver/Src/stm32f3xx_hal_can.o
                0x0000000008004d06                HAL_CAN_WakeUpFromRxMsgCallback
 .text.HAL_CAN_ErrorCallback
                0x0000000008004d1a       0x14 ./Drivers/STM32F3xx_HAL_Driver/Src/stm32f3xx_hal_can.o
                0x0000000008004d1a                HAL_CAN_ErrorCallback
 *fill*         0x0000000008004d2e        0x2 
 .text.__NVIC_SetPriorityGrouping
                0x0000000008004d30       0x48 ./Drivers/STM32F3xx_HAL_Driver/Src/stm32f3xx_hal_cortex.o
 .text.__NVIC_GetPriorityGrouping
                0x0000000008004d78       0x1c ./Drivers/STM32F3xx_HAL_Driver/Src/stm32f3xx_hal_cortex.o
 .text.__NVIC_EnableIRQ
                0x0000000008004d94       0x3c ./Drivers/STM32F3xx_HAL_Driver/Src/stm32f3xx_hal_cortex.o
 .text.__NVIC_SetPriority
                0x0000000008004dd0       0x54 ./Drivers/STM32F3xx_HAL_Driver/Src/stm32f3xx_hal_cortex.o
 .text.NVIC_EncodePriority
                0x0000000008004e24       0x66 ./Drivers/STM32F3xx_HAL_Driver/Src/stm32f3xx_hal_cortex.o
 *fill*         0x0000000008004e8a        0x2 
 .text.SysTick_Config
                0x0000000008004e8c       0x44 ./Drivers/STM32F3xx_HAL_Driver/Src/stm32f3xx_hal_cortex.o
 .text.HAL_NVIC_SetPriorityGrouping
                0x0000000008004ed0       0x16 ./Drivers/STM32F3xx_HAL_Driver/Src/stm32f3xx_hal_cortex.o
                0x0000000008004ed0                HAL_NVIC_SetPriorityGrouping
 .text.HAL_NVIC_SetPriority
                0x0000000008004ee6       0x38 ./Drivers/STM32F3xx_HAL_Driver/Src/stm32f3xx_hal_cortex.o
                0x0000000008004ee6                HAL_NVIC_SetPriority
 .text.HAL_NVIC_EnableIRQ
                0x0000000008004f1e       0x1c ./Drivers/STM32F3xx_HAL_Driver/Src/stm32f3xx_hal_cortex.o
                0x0000000008004f1e                HAL_NVIC_EnableIRQ
 .text.HAL_SYSTICK_Config
                0x0000000008004f3a       0x18 ./Drivers/STM32F3xx_HAL_Driver/Src/stm32f3xx_hal_cortex.o
                0x0000000008004f3a                HAL_SYSTICK_Config
 .text.HAL_DMA_Abort
                0x0000000008004f52       0x72 ./Drivers/STM32F3xx_HAL_Driver/Src/stm32f3xx_hal_dma.o
                0x0000000008004f52                HAL_DMA_Abort
 .text.HAL_DMA_Abort_IT
                0x0000000008004fc4       0x7c ./Drivers/STM32F3xx_HAL_Driver/Src/stm32f3xx_hal_dma.o
                0x0000000008004fc4                HAL_DMA_Abort_IT
 .text.HAL_GPIO_Init
                0x0000000008005040      0x2f4 ./Drivers/STM32F3xx_HAL_Driver/Src/stm32f3xx_hal_gpio.o
                0x0000000008005040                HAL_GPIO_Init
 .text.HAL_GPIO_ReadPin
                0x0000000008005334       0x30 ./Drivers/STM32F3xx_HAL_Driver/Src/stm32f3xx_hal_gpio.o
                0x0000000008005334                HAL_GPIO_ReadPin
 .text.HAL_GPIO_WritePin
                0x0000000008005364       0x30 ./Drivers/STM32F3xx_HAL_Driver/Src/stm32f3xx_hal_gpio.o
                0x0000000008005364                HAL_GPIO_WritePin
 .text.HAL_GPIO_TogglePin
                0x0000000008005394       0x34 ./Drivers/STM32F3xx_HAL_Driver/Src/stm32f3xx_hal_gpio.o
                0x0000000008005394                HAL_GPIO_TogglePin
 .text.HAL_GPIO_EXTI_IRQHandler
                0x00000000080053c8       0x30 ./Drivers/STM32F3xx_HAL_Driver/Src/stm32f3xx_hal_gpio.o
                0x00000000080053c8                HAL_GPIO_EXTI_IRQHandler
 .text.HAL_PWR_EnableBkUpAccess
                0x00000000080053f8       0x20 ./Drivers/STM32F3xx_HAL_Driver/Src/stm32f3xx_hal_pwr.o
                0x00000000080053f8                HAL_PWR_EnableBkUpAccess
 .text.HAL_RCC_OscConfig
                0x0000000008005418      0xe10 ./Drivers/STM32F3xx_HAL_Driver/Src/stm32f3xx_hal_rcc.o
                0x0000000008005418                HAL_RCC_OscConfig
 .text.HAL_RCC_ClockConfig
                0x0000000008006228      0x2f8 ./Drivers/STM32F3xx_HAL_Driver/Src/stm32f3xx_hal_rcc.o
                0x0000000008006228                HAL_RCC_ClockConfig
 .text.HAL_RCC_GetSysClockFreq
                0x0000000008006520       0xd4 ./Drivers/STM32F3xx_HAL_Driver/Src/stm32f3xx_hal_rcc.o
                0x0000000008006520                HAL_RCC_GetSysClockFreq
 .text.HAL_RCC_GetHCLKFreq
                0x00000000080065f4       0x18 ./Drivers/STM32F3xx_HAL_Driver/Src/stm32f3xx_hal_rcc.o
                0x00000000080065f4                HAL_RCC_GetHCLKFreq
 .text.HAL_RCC_GetPCLK1Freq
                0x000000000800660c       0x44 ./Drivers/STM32F3xx_HAL_Driver/Src/stm32f3xx_hal_rcc.o
                0x000000000800660c                HAL_RCC_GetPCLK1Freq
 .text.HAL_RCC_GetPCLK2Freq
                0x0000000008006650       0x44 ./Drivers/STM32F3xx_HAL_Driver/Src/stm32f3xx_hal_rcc.o
                0x0000000008006650                HAL_RCC_GetPCLK2Freq
 .text.HAL_RCCEx_PeriphCLKConfig
                0x0000000008006694      0x360 ./Drivers/STM32F3xx_HAL_Driver/Src/stm32f3xx_hal_rcc_ex.o
                0x0000000008006694                HAL_RCCEx_PeriphCLKConfig
 .text.HAL_RTC_Init
                0x00000000080069f4      0x122 ./Drivers/STM32F3xx_HAL_Driver/Src/stm32f3xx_hal_rtc.o
                0x00000000080069f4                HAL_RTC_Init
 .text.HAL_RTC_SetTime
                0x0000000008006b16      0x17a ./Drivers/STM32F3xx_HAL_Driver/Src/stm32f3xx_hal_rtc.o
                0x0000000008006b16                HAL_RTC_SetTime
 .text.HAL_RTC_GetTime
                0x0000000008006c90       0xbc ./Drivers/STM32F3xx_HAL_Driver/Src/stm32f3xx_hal_rtc.o
                0x0000000008006c90                HAL_RTC_GetTime
 .text.HAL_RTC_SetDate
                0x0000000008006d4c      0x14e ./Drivers/STM32F3xx_HAL_Driver/Src/stm32f3xx_hal_rtc.o
                0x0000000008006d4c                HAL_RTC_SetDate
 .text.HAL_RTC_GetDate
                0x0000000008006e9a       0x9e ./Drivers/STM32F3xx_HAL_Driver/Src/stm32f3xx_hal_rtc.o
                0x0000000008006e9a                HAL_RTC_GetDate
 .text.HAL_RTC_WaitForSynchro
                0x0000000008006f38       0x50 ./Drivers/STM32F3xx_HAL_Driver/Src/stm32f3xx_hal_rtc.o
                0x0000000008006f38                HAL_RTC_WaitForSynchro
 .text.RTC_EnterInitMode
                0x0000000008006f88       0x58 ./Drivers/STM32F3xx_HAL_Driver/Src/stm32f3xx_hal_rtc.o
                0x0000000008006f88                RTC_EnterInitMode
 .text.RTC_ByteToBcd2
                0x0000000008006fe0       0x3c ./Drivers/STM32F3xx_HAL_Driver/Src/stm32f3xx_hal_rtc.o
                0x0000000008006fe0                RTC_ByteToBcd2
 .text.RTC_Bcd2ToByte
                0x000000000800701c       0x3c ./Drivers/STM32F3xx_HAL_Driver/Src/stm32f3xx_hal_rtc.o
                0x000000000800701c                RTC_Bcd2ToByte
 .text.HAL_RTCEx_BKUPWrite
                0x0000000008007058       0x34 ./Drivers/STM32F3xx_HAL_Driver/Src/stm32f3xx_hal_rtc_ex.o
                0x0000000008007058                HAL_RTCEx_BKUPWrite
 .text.HAL_RTCEx_BKUPRead
                0x000000000800708c       0x30 ./Drivers/STM32F3xx_HAL_Driver/Src/stm32f3xx_hal_rtc_ex.o
                0x000000000800708c                HAL_RTCEx_BKUPRead
 .text.HAL_SPI_Init
                0x00000000080070bc      0x156 ./Drivers/STM32F3xx_HAL_Driver/Src/stm32f3xx_hal_spi.o
                0x00000000080070bc                HAL_SPI_Init
 .text.HAL_SPI_Transmit
                0x0000000008007212      0x2dc ./Drivers/STM32F3xx_HAL_Driver/Src/stm32f3xx_hal_spi.o
                0x0000000008007212                HAL_SPI_Transmit
 .text.HAL_SPI_TransmitReceive
                0x00000000080074ee      0x426 ./Drivers/STM32F3xx_HAL_Driver/Src/stm32f3xx_hal_spi.o
                0x00000000080074ee                HAL_SPI_TransmitReceive
 .text.SPI_WaitFlagStateUntilTimeout
                0x0000000008007914      0x110 ./Drivers/STM32F3xx_HAL_Driver/Src/stm32f3xx_hal_spi.o
 .text.SPI_WaitFifoStateUntilTimeout
                0x0000000008007a24      0x12c ./Drivers/STM32F3xx_HAL_Driver/Src/stm32f3xx_hal_spi.o
 .text.SPI_EndRxTxTransaction
                0x0000000008007b50       0x8c ./Drivers/STM32F3xx_HAL_Driver/Src/stm32f3xx_hal_spi.o
 .text.HAL_UART_Init
                0x0000000008007bdc       0x9c ./Drivers/STM32F3xx_HAL_Driver/Src/stm32f3xx_hal_uart.o
                0x0000000008007bdc                HAL_UART_Init
 .text.HAL_UART_Transmit
                0x0000000008007c78      0x128 ./Drivers/STM32F3xx_HAL_Driver/Src/stm32f3xx_hal_uart.o
                0x0000000008007c78                HAL_UART_Transmit
 .text.HAL_UART_Receive_IT
                0x0000000008007da0       0x9c ./Drivers/STM32F3xx_HAL_Driver/Src/stm32f3xx_hal_uart.o
                0x0000000008007da0                HAL_UART_Receive_IT
 .text.HAL_UART_IRQHandler
                0x0000000008007e3c      0x5bc ./Drivers/STM32F3xx_HAL_Driver/Src/stm32f3xx_hal_uart.o
                0x0000000008007e3c                HAL_UART_IRQHandler
 .text.HAL_UART_TxCpltCallback
                0x00000000080083f8       0x14 ./Drivers/STM32F3xx_HAL_Driver/Src/stm32f3xx_hal_uart.o
                0x00000000080083f8                HAL_UART_TxCpltCallback
 .text.HAL_UART_ErrorCallback
                0x000000000800840c       0x14 ./Drivers/STM32F3xx_HAL_Driver/Src/stm32f3xx_hal_uart.o
                0x000000000800840c                HAL_UART_ErrorCallback
 .text.HAL_UARTEx_RxEventCallback
                0x0000000008008420       0x18 ./Drivers/STM32F3xx_HAL_Driver/Src/stm32f3xx_hal_uart.o
                0x0000000008008420                HAL_UARTEx_RxEventCallback
 .text.UART_SetConfig
                0x0000000008008438      0x3a8 ./Drivers/STM32F3xx_HAL_Driver/Src/stm32f3xx_hal_uart.o
                0x0000000008008438                UART_SetConfig
 .text.UART_AdvFeatureConfig
                0x00000000080087e0      0x144 ./Drivers/STM32F3xx_HAL_Driver/Src/stm32f3xx_hal_uart.o
                0x00000000080087e0                UART_AdvFeatureConfig
 .text.UART_CheckIdleState
                0x0000000008008924       0x92 ./Drivers/STM32F3xx_HAL_Driver/Src/stm32f3xx_hal_uart.o
                0x0000000008008924                UART_CheckIdleState
 .text.UART_WaitOnFlagUntilTimeout
                0x00000000080089b6      0x188 ./Drivers/STM32F3xx_HAL_Driver/Src/stm32f3xx_hal_uart.o
                0x00000000080089b6                UART_WaitOnFlagUntilTimeout
 *fill*         0x0000000008008b3e        0x2 
 .text.UART_Start_Receive_IT
                0x0000000008008b40      0x130 ./Drivers/STM32F3xx_HAL_Driver/Src/stm32f3xx_hal_uart.o
                0x0000000008008b40                UART_Start_Receive_IT
 .text.UART_EndRxTransfer
                0x0000000008008c70       0xc6 ./Drivers/STM32F3xx_HAL_Driver/Src/stm32f3xx_hal_uart.o
 .text.UART_DMAAbortOnError
                0x0000000008008d36       0x2c ./Drivers/STM32F3xx_HAL_Driver/Src/stm32f3xx_hal_uart.o
 .text.UART_EndTransmit_IT
                0x0000000008008d62       0x54 ./Drivers/STM32F3xx_HAL_Driver/Src/stm32f3xx_hal_uart.o
 .text.UART_RxISR_8BIT
                0x0000000008008db6      0x15c ./Drivers/STM32F3xx_HAL_Driver/Src/stm32f3xx_hal_uart.o
 .text.UART_RxISR_16BIT
                0x0000000008008f12      0x15c ./Drivers/STM32F3xx_HAL_Driver/Src/stm32f3xx_hal_uart.o
 .text.HAL_UARTEx_WakeupCallback
                0x000000000800906e       0x14 ./Drivers/STM32F3xx_HAL_Driver/Src/stm32f3xx_hal_uart_ex.o
                0x000000000800906e                HAL_UARTEx_WakeupCallback
 *fill*         0x0000000008009082        0x2 
 .text.MX_FATFS_Init
                0x0000000008009084       0x24 ./FATFS/App/fatfs.o
                0x0000000008009084                MX_FATFS_Init
 .text.get_fattime
                0x00000000080090a8       0x10 ./FATFS/App/fatfs.o
                0x00000000080090a8                get_fattime
 .text.USER_initialize
                0x00000000080090b8       0x1e ./FATFS/Target/user_diskio.o
                0x00000000080090b8                USER_initialize
 .text.USER_status
                0x00000000080090d6       0x1e ./FATFS/Target/user_diskio.o
                0x00000000080090d6                USER_status
 .text.USER_read
                0x00000000080090f4       0x28 ./FATFS/Target/user_diskio.o
                0x00000000080090f4                USER_read
 .text.USER_write
                0x000000000800911c       0x28 ./FATFS/Target/user_diskio.o
                0x000000000800911c                USER_write
 .text.USER_ioctl
                0x0000000008009144       0x28 ./FATFS/Target/user_diskio.o
                0x0000000008009144                USER_ioctl
 .text.disk_status
                0x000000000800916c       0x34 ./Middlewares/Third_Party/FatFs/src/diskio.o
                0x000000000800916c                disk_status
 .text.disk_initialize
                0x00000000080091a0       0x4c ./Middlewares/Third_Party/FatFs/src/diskio.o
                0x00000000080091a0                disk_initialize
 .text.disk_read
                0x00000000080091ec       0x40 ./Middlewares/Third_Party/FatFs/src/diskio.o
                0x00000000080091ec                disk_read
 .text.disk_write
                0x000000000800922c       0x40 ./Middlewares/Third_Party/FatFs/src/diskio.o
                0x000000000800922c                disk_write
 .text.disk_ioctl
                0x000000000800926c       0x3c ./Middlewares/Third_Party/FatFs/src/diskio.o
                0x000000000800926c                disk_ioctl
 .text.mem_cpy  0x00000000080092a8       0x3e ./Middlewares/Third_Party/FatFs/src/ff.o
 .text.mem_set  0x00000000080092e6       0x36 ./Middlewares/Third_Party/FatFs/src/ff.o
 .text.mem_cmp  0x000000000800931c       0x4e ./Middlewares/Third_Party/FatFs/src/ff.o
 .text.chk_chr  0x000000000800936a       0x36 ./Middlewares/Third_Party/FatFs/src/ff.o
 .text.chk_lock
                0x00000000080093a0       0xe4 ./Middlewares/Third_Party/FatFs/src/ff.o
 .text.enq_lock
                0x0000000008009484       0x48 ./Middlewares/Third_Party/FatFs/src/ff.o
 .text.inc_lock
                0x00000000080094cc      0x184 ./Middlewares/Third_Party/FatFs/src/ff.o
 .text.dec_lock
                0x0000000008009650       0x88 ./Middlewares/Third_Party/FatFs/src/ff.o
 .text.clear_lock
                0x00000000080096d8       0x54 ./Middlewares/Third_Party/FatFs/src/ff.o
 .text.sync_window
                0x000000000800972c       0xb4 ./Middlewares/Third_Party/FatFs/src/ff.o
 .text.move_window
                0x00000000080097e0       0x68 ./Middlewares/Third_Party/FatFs/src/ff.o
 .text.sync_fs  0x0000000008009848      0x19e ./Middlewares/Third_Party/FatFs/src/ff.o
 .text.clust2sect
                0x00000000080099e6       0x50 ./Middlewares/Third_Party/FatFs/src/ff.o
                0x00000000080099e6                clust2sect
 .text.get_fat  0x0000000008009a36      0x20a ./Middlewares/Third_Party/FatFs/src/ff.o
                0x0000000008009a36                get_fat
 .text.put_fat  0x0000000008009c40      0x2c0 ./Middlewares/Third_Party/FatFs/src/ff.o
                0x0000000008009c40                put_fat
 .text.remove_chain
                0x0000000008009f00       0xd0 ./Middlewares/Third_Party/FatFs/src/ff.o
 .text.create_chain
                0x0000000008009fd0      0x162 ./Middlewares/Third_Party/FatFs/src/ff.o
 .text.clmt_clust
                0x000000000800a132       0x88 ./Middlewares/Third_Party/FatFs/src/ff.o
 .text.dir_sdi  0x000000000800a1ba      0x1b6 ./Middlewares/Third_Party/FatFs/src/ff.o
 .text.dir_next
                0x000000000800a370      0x2c4 ./Middlewares/Third_Party/FatFs/src/ff.o
 .text.dir_alloc
                0x000000000800a634       0xa2 ./Middlewares/Third_Party/FatFs/src/ff.o
 .text.ld_clust
                0x000000000800a6d6       0x5e ./Middlewares/Third_Party/FatFs/src/ff.o
 .text.st_clust
                0x000000000800a734       0x4e ./Middlewares/Third_Party/FatFs/src/ff.o
 *fill*         0x000000000800a782        0x2 
 .text.cmp_lfn  0x000000000800a784       0xdc ./Middlewares/Third_Party/FatFs/src/ff.o
 .text.fit_lfn  0x000000000800a860       0xec ./Middlewares/Third_Party/FatFs/src/ff.o
 .text.gen_numname
                0x000000000800a94c      0x120 ./Middlewares/Third_Party/FatFs/src/ff.o
 .text.sum_sfn  0x000000000800aa6c       0x42 ./Middlewares/Third_Party/FatFs/src/ff.o
 .text.dir_find
                0x000000000800aaae      0x1aa ./Middlewares/Third_Party/FatFs/src/ff.o
 .text.dir_register
                0x000000000800ac58      0x260 ./Middlewares/Third_Party/FatFs/src/ff.o
 .text.create_name
                0x000000000800aeb8      0x384 ./Middlewares/Third_Party/FatFs/src/ff.o
 .text.follow_path
                0x000000000800b23c       0xf2 ./Middlewares/Third_Party/FatFs/src/ff.o
 .text.get_ldnumber
                0x000000000800b32e       0x88 ./Middlewares/Third_Party/FatFs/src/ff.o
 *fill*         0x000000000800b3b6        0x2 
 .text.check_fs
                0x000000000800b3b8       0xdc ./Middlewares/Third_Party/FatFs/src/ff.o
 .text.find_volume
                0x000000000800b494      0x6b8 ./Middlewares/Third_Party/FatFs/src/ff.o
 .text.validate
                0x000000000800bb4c       0x7c ./Middlewares/Third_Party/FatFs/src/ff.o
 .text.f_mount  0x000000000800bbc8       0x94 ./Middlewares/Third_Party/FatFs/src/ff.o
                0x000000000800bbc8                f_mount
 .text.f_open   0x000000000800bc5c      0x674 ./Middlewares/Third_Party/FatFs/src/ff.o
                0x000000000800bc5c                f_open
 .text.f_read   0x000000000800c2d0      0x42c ./Middlewares/Third_Party/FatFs/src/ff.o
                0x000000000800c2d0                f_read
 .text.f_write  0x000000000800c6fc      0x4e6 ./Middlewares/Third_Party/FatFs/src/ff.o
                0x000000000800c6fc                f_write
 .text.f_sync   0x000000000800cbe2      0x1bc ./Middlewares/Third_Party/FatFs/src/ff.o
                0x000000000800cbe2                f_sync
 .text.f_close  0x000000000800cd9e       0x56 ./Middlewares/Third_Party/FatFs/src/ff.o
                0x000000000800cd9e                f_close
 .text.f_lseek  0x000000000800cdf4      0x668 ./Middlewares/Third_Party/FatFs/src/ff.o
                0x000000000800cdf4                f_lseek
 .text.f_getfree
                0x000000000800d45c      0x1c4 ./Middlewares/Third_Party/FatFs/src/ff.o
                0x000000000800d45c                f_getfree
 .text.f_gets   0x000000000800d620       0x7a ./Middlewares/Third_Party/FatFs/src/ff.o
                0x000000000800d620                f_gets
 .text.putc_bfd
                0x000000000800d69a       0x7a ./Middlewares/Third_Party/FatFs/src/ff.o
 .text.f_puts   0x000000000800d714       0x72 ./Middlewares/Third_Party/FatFs/src/ff.o
                0x000000000800d714                f_puts
 *fill*         0x000000000800d786        0x2 
 .text.FATFS_LinkDriverEx
                0x000000000800d788       0x98 ./Middlewares/Third_Party/FatFs/src/ff_gen_drv.o
                0x000000000800d788                FATFS_LinkDriverEx
 .text.FATFS_LinkDriver
                0x000000000800d820       0x1e ./Middlewares/Third_Party/FatFs/src/ff_gen_drv.o
                0x000000000800d820                FATFS_LinkDriver
 *fill*         0x000000000800d83e        0x2 
 .text.ff_convert
                0x000000000800d840       0x78 ./Middlewares/Third_Party/FatFs/src/option/ccsbcs.o
                0x000000000800d840                ff_convert
 .text.ff_wtoupper
                0x000000000800d8b8       0x5c ./Middlewares/Third_Party/FatFs/src/option/ccsbcs.o
                0x000000000800d8b8                ff_wtoupper
 .text.__errno  0x000000000800d914        0xc c:/st/stm32cubeide_1.8.0/stm32cubeide/plugins/com.st.stm32cube.ide.mcu.externaltools.gnu-tools-for-stm32.9-2020-q2-update.win32_2.0.0.202105311346/tools/bin/../lib/gcc/arm-none-eabi/9.3.1/../../../../arm-none-eabi/lib/thumb/v7e-m+fp/hard\libc_nano.a(lib_a-errno.o)
                0x000000000800d914                __errno
 .text.__libc_init_array
                0x000000000800d920       0x48 c:/st/stm32cubeide_1.8.0/stm32cubeide/plugins/com.st.stm32cube.ide.mcu.externaltools.gnu-tools-for-stm32.9-2020-q2-update.win32_2.0.0.202105311346/tools/bin/../lib/gcc/arm-none-eabi/9.3.1/../../../../arm-none-eabi/lib/thumb/v7e-m+fp/hard\libc_nano.a(lib_a-init.o)
                0x000000000800d920                __libc_init_array
 .text.malloc   0x000000000800d968       0x10 c:/st/stm32cubeide_1.8.0/stm32cubeide/plugins/com.st.stm32cube.ide.mcu.externaltools.gnu-tools-for-stm32.9-2020-q2-update.win32_2.0.0.202105311346/tools/bin/../lib/gcc/arm-none-eabi/9.3.1/../../../../arm-none-eabi/lib/thumb/v7e-m+fp/hard\libc_nano.a(lib_a-malloc.o)
                0x000000000800d968                malloc
 .text.free     0x000000000800d978       0x10 c:/st/stm32cubeide_1.8.0/stm32cubeide/plugins/com.st.stm32cube.ide.mcu.externaltools.gnu-tools-for-stm32.9-2020-q2-update.win32_2.0.0.202105311346/tools/bin/../lib/gcc/arm-none-eabi/9.3.1/../../../../arm-none-eabi/lib/thumb/v7e-m+fp/hard\libc_nano.a(lib_a-malloc.o)
                0x000000000800d978                free
 .text.memcpy   0x000000000800d988       0x1c c:/st/stm32cubeide_1.8.0/stm32cubeide/plugins/com.st.stm32cube.ide.mcu.externaltools.gnu-tools-for-stm32.9-2020-q2-update.win32_2.0.0.202105311346/tools/bin/../lib/gcc/arm-none-eabi/9.3.1/../../../../arm-none-eabi/lib/thumb/v7e-m+fp/hard\libc_nano.a(lib_a-memcpy-stub.o)
                0x000000000800d988                memcpy
 .text.memset   0x000000000800d9a4       0x10 c:/st/stm32cubeide_1.8.0/stm32cubeide/plugins/com.st.stm32cube.ide.mcu.externaltools.gnu-tools-for-stm32.9-2020-q2-update.win32_2.0.0.202105311346/tools/bin/../lib/gcc/arm-none-eabi/9.3.1/../../../../arm-none-eabi/lib/thumb/v7e-m+fp/hard\libc_nano.a(lib_a-memset.o)
                0x000000000800d9a4                memset
 .text._free_r  0x000000000800d9b4       0xa0 c:/st/stm32cubeide_1.8.0/stm32cubeide/plugins/com.st.stm32cube.ide.mcu.externaltools.gnu-tools-for-stm32.9-2020-q2-update.win32_2.0.0.202105311346/tools/bin/../lib/gcc/arm-none-eabi/9.3.1/../../../../arm-none-eabi/lib/thumb/v7e-m+fp/hard\libc_nano.a(lib_a-nano-freer.o)
                0x000000000800d9b4                _free_r
 .text._malloc_r
                0x000000000800da54       0xb4 c:/st/stm32cubeide_1.8.0/stm32cubeide/plugins/com.st.stm32cube.ide.mcu.externaltools.gnu-tools-for-stm32.9-2020-q2-update.win32_2.0.0.202105311346/tools/bin/../lib/gcc/arm-none-eabi/9.3.1/../../../../arm-none-eabi/lib/thumb/v7e-m+fp/hard\libc_nano.a(lib_a-nano-mallocr.o)
                0x000000000800da54                _malloc_r
 .text.__cvt    0x000000000800db08       0xc4 c:/st/stm32cubeide_1.8.0/stm32cubeide/plugins/com.st.stm32cube.ide.mcu.externaltools.gnu-tools-for-stm32.9-2020-q2-update.win32_2.0.0.202105311346/tools/bin/../lib/gcc/arm-none-eabi/9.3.1/../../../../arm-none-eabi/lib/thumb/v7e-m+fp/hard\libc_nano.a(lib_a-nano-vfprintf_float.o)
                0x000000000800db08                __cvt
 .text.__exponent
                0x000000000800dbcc       0x7c c:/st/stm32cubeide_1.8.0/stm32cubeide/plugins/com.st.stm32cube.ide.mcu.externaltools.gnu-tools-for-stm32.9-2020-q2-update.win32_2.0.0.202105311346/tools/bin/../lib/gcc/arm-none-eabi/9.3.1/../../../../arm-none-eabi/lib/thumb/v7e-m+fp/hard\libc_nano.a(lib_a-nano-vfprintf_float.o)
                0x000000000800dbcc                __exponent
 .text._printf_float
                0x000000000800dc48      0x46c c:/st/stm32cubeide_1.8.0/stm32cubeide/plugins/com.st.stm32cube.ide.mcu.externaltools.gnu-tools-for-stm32.9-2020-q2-update.win32_2.0.0.202105311346/tools/bin/../lib/gcc/arm-none-eabi/9.3.1/../../../../arm-none-eabi/lib/thumb/v7e-m+fp/hard\libc_nano.a(lib_a-nano-vfprintf_float.o)
                0x000000000800dc48                _printf_float
 .text._printf_common
                0x000000000800e0b4       0xda c:/st/stm32cubeide_1.8.0/stm32cubeide/plugins/com.st.stm32cube.ide.mcu.externaltools.gnu-tools-for-stm32.9-2020-q2-update.win32_2.0.0.202105311346/tools/bin/../lib/gcc/arm-none-eabi/9.3.1/../../../../arm-none-eabi/lib/thumb/v7e-m+fp/hard\libc_nano.a(lib_a-nano-vfprintf_i.o)
                0x000000000800e0b4                _printf_common
 *fill*         0x000000000800e18e        0x2 
 .text._printf_i
                0x000000000800e190      0x24c c:/st/stm32cubeide_1.8.0/stm32cubeide/plugins/com.st.stm32cube.ide.mcu.externaltools.gnu-tools-for-stm32.9-2020-q2-update.win32_2.0.0.202105311346/tools/bin/../lib/gcc/arm-none-eabi/9.3.1/../../../../arm-none-eabi/lib/thumb/v7e-m+fp/hard\libc_nano.a(lib_a-nano-vfprintf_i.o)
                0x000000000800e190                _printf_i
 .text._sbrk_r  0x000000000800e3dc       0x20 c:/st/stm32cubeide_1.8.0/stm32cubeide/plugins/com.st.stm32cube.ide.mcu.externaltools.gnu-tools-for-stm32.9-2020-q2-update.win32_2.0.0.202105311346/tools/bin/../lib/gcc/arm-none-eabi/9.3.1/../../../../arm-none-eabi/lib/thumb/v7e-m+fp/hard\libc_nano.a(lib_a-sbrkr.o)
                0x000000000800e3dc                _sbrk_r
 .text.sprintf  0x000000000800e3fc       0x40 c:/st/stm32cubeide_1.8.0/stm32cubeide/plugins/com.st.stm32cube.ide.mcu.externaltools.gnu-tools-for-stm32.9-2020-q2-update.win32_2.0.0.202105311346/tools/bin/../lib/gcc/arm-none-eabi/9.3.1/../../../../arm-none-eabi/lib/thumb/v7e-m+fp/hard\libc_nano.a(lib_a-sprintf.o)
                0x000000000800e3fc                siprintf
                0x000000000800e3fc                sprintf
 .text.quorem   0x000000000800e43c      0x116 c:/st/stm32cubeide_1.8.0/stm32cubeide/plugins/com.st.stm32cube.ide.mcu.externaltools.gnu-tools-for-stm32.9-2020-q2-update.win32_2.0.0.202105311346/tools/bin/../lib/gcc/arm-none-eabi/9.3.1/../../../../arm-none-eabi/lib/thumb/v7e-m+fp/hard\libc_nano.a(lib_a-dtoa.o)
 *fill*         0x000000000800e552        0x6 
 .text._dtoa_r  0x000000000800e558      0xbd8 c:/st/stm32cubeide_1.8.0/stm32cubeide/plugins/com.st.stm32cube.ide.mcu.externaltools.gnu-tools-for-stm32.9-2020-q2-update.win32_2.0.0.202105311346/tools/bin/../lib/gcc/arm-none-eabi/9.3.1/../../../../arm-none-eabi/lib/thumb/v7e-m+fp/hard\libc_nano.a(lib_a-dtoa.o)
                0x000000000800e558                _dtoa_r
 .text._localeconv_r
                0x000000000800f130        0x8 c:/st/stm32cubeide_1.8.0/stm32cubeide/plugins/com.st.stm32cube.ide.mcu.externaltools.gnu-tools-for-stm32.9-2020-q2-update.win32_2.0.0.202105311346/tools/bin/../lib/gcc/arm-none-eabi/9.3.1/../../../../arm-none-eabi/lib/thumb/v7e-m+fp/hard\libc_nano.a(lib_a-localeconv.o)
                0x000000000800f130                _localeconv_r
 .text.__malloc_lock
                0x000000000800f138        0xc c:/st/stm32cubeide_1.8.0/stm32cubeide/plugins/com.st.stm32cube.ide.mcu.externaltools.gnu-tools-for-stm32.9-2020-q2-update.win32_2.0.0.202105311346/tools/bin/../lib/gcc/arm-none-eabi/9.3.1/../../../../arm-none-eabi/lib/thumb/v7e-m+fp/hard\libc_nano.a(lib_a-mlock.o)
                0x000000000800f138                __malloc_lock
 .text.__malloc_unlock
                0x000000000800f144        0xc c:/st/stm32cubeide_1.8.0/stm32cubeide/plugins/com.st.stm32cube.ide.mcu.externaltools.gnu-tools-for-stm32.9-2020-q2-update.win32_2.0.0.202105311346/tools/bin/../lib/gcc/arm-none-eabi/9.3.1/../../../../arm-none-eabi/lib/thumb/v7e-m+fp/hard\libc_nano.a(lib_a-mlock.o)
                0x000000000800f144                __malloc_unlock
 .text._Balloc  0x000000000800f150       0x80 c:/st/stm32cubeide_1.8.0/stm32cubeide/plugins/com.st.stm32cube.ide.mcu.externaltools.gnu-tools-for-stm32.9-2020-q2-update.win32_2.0.0.202105311346/tools/bin/../lib/gcc/arm-none-eabi/9.3.1/../../../../arm-none-eabi/lib/thumb/v7e-m+fp/hard\libc_nano.a(lib_a-mprec.o)
                0x000000000800f150                _Balloc
 .text._Bfree   0x000000000800f1d0       0x44 c:/st/stm32cubeide_1.8.0/stm32cubeide/plugins/com.st.stm32cube.ide.mcu.externaltools.gnu-tools-for-stm32.9-2020-q2-update.win32_2.0.0.202105311346/tools/bin/../lib/gcc/arm-none-eabi/9.3.1/../../../../arm-none-eabi/lib/thumb/v7e-m+fp/hard\libc_nano.a(lib_a-mprec.o)
                0x000000000800f1d0                _Bfree
 .text.__multadd
                0x000000000800f214       0x94 c:/st/stm32cubeide_1.8.0/stm32cubeide/plugins/com.st.stm32cube.ide.mcu.externaltools.gnu-tools-for-stm32.9-2020-q2-update.win32_2.0.0.202105311346/tools/bin/../lib/gcc/arm-none-eabi/9.3.1/../../../../arm-none-eabi/lib/thumb/v7e-m+fp/hard\libc_nano.a(lib_a-mprec.o)
                0x000000000800f214                __multadd
 .text.__hi0bits
                0x000000000800f2a8       0x40 c:/st/stm32cubeide_1.8.0/stm32cubeide/plugins/com.st.stm32cube.ide.mcu.externaltools.gnu-tools-for-stm32.9-2020-q2-update.win32_2.0.0.202105311346/tools/bin/../lib/gcc/arm-none-eabi/9.3.1/../../../../arm-none-eabi/lib/thumb/v7e-m+fp/hard\libc_nano.a(lib_a-mprec.o)
                0x000000000800f2a8                __hi0bits
 .text.__lo0bits
                0x000000000800f2e8       0x60 c:/st/stm32cubeide_1.8.0/stm32cubeide/plugins/com.st.stm32cube.ide.mcu.externaltools.gnu-tools-for-stm32.9-2020-q2-update.win32_2.0.0.202105311346/tools/bin/../lib/gcc/arm-none-eabi/9.3.1/../../../../arm-none-eabi/lib/thumb/v7e-m+fp/hard\libc_nano.a(lib_a-mprec.o)
                0x000000000800f2e8                __lo0bits
 .text.__i2b    0x000000000800f348       0x2c c:/st/stm32cubeide_1.8.0/stm32cubeide/plugins/com.st.stm32cube.ide.mcu.externaltools.gnu-tools-for-stm32.9-2020-q2-update.win32_2.0.0.202105311346/tools/bin/../lib/gcc/arm-none-eabi/9.3.1/../../../../arm-none-eabi/lib/thumb/v7e-m+fp/hard\libc_nano.a(lib_a-mprec.o)
                0x000000000800f348                __i2b
 .text.__multiply
                0x000000000800f374      0x14c c:/st/stm32cubeide_1.8.0/stm32cubeide/plugins/com.st.stm32cube.ide.mcu.externaltools.gnu-tools-for-stm32.9-2020-q2-update.win32_2.0.0.202105311346/tools/bin/../lib/gcc/arm-none-eabi/9.3.1/../../../../arm-none-eabi/lib/thumb/v7e-m+fp/hard\libc_nano.a(lib_a-mprec.o)
                0x000000000800f374                __multiply
 .text.__pow5mult
                0x000000000800f4c0       0xb4 c:/st/stm32cubeide_1.8.0/stm32cubeide/plugins/com.st.stm32cube.ide.mcu.externaltools.gnu-tools-for-stm32.9-2020-q2-update.win32_2.0.0.202105311346/tools/bin/../lib/gcc/arm-none-eabi/9.3.1/../../../../arm-none-eabi/lib/thumb/v7e-m+fp/hard\libc_nano.a(lib_a-mprec.o)
                0x000000000800f4c0                __pow5mult
 .text.__lshift
                0x000000000800f574       0xd8 c:/st/stm32cubeide_1.8.0/stm32cubeide/plugins/com.st.stm32cube.ide.mcu.externaltools.gnu-tools-for-stm32.9-2020-q2-update.win32_2.0.0.202105311346/tools/bin/../lib/gcc/arm-none-eabi/9.3.1/../../../../arm-none-eabi/lib/thumb/v7e-m+fp/hard\libc_nano.a(lib_a-mprec.o)
                0x000000000800f574                __lshift
 .text.__mcmp   0x000000000800f64c       0x38 c:/st/stm32cubeide_1.8.0/stm32cubeide/plugins/com.st.stm32cube.ide.mcu.externaltools.gnu-tools-for-stm32.9-2020-q2-update.win32_2.0.0.202105311346/tools/bin/../lib/gcc/arm-none-eabi/9.3.1/../../../../arm-none-eabi/lib/thumb/v7e-m+fp/hard\libc_nano.a(lib_a-mprec.o)
                0x000000000800f64c                __mcmp
 .text.__mdiff  0x000000000800f684      0x110 c:/st/stm32cubeide_1.8.0/stm32cubeide/plugins/com.st.stm32cube.ide.mcu.externaltools.gnu-tools-for-stm32.9-2020-q2-update.win32_2.0.0.202105311346/tools/bin/../lib/gcc/arm-none-eabi/9.3.1/../../../../arm-none-eabi/lib/thumb/v7e-m+fp/hard\libc_nano.a(lib_a-mprec.o)
                0x000000000800f684                __mdiff
 .text.__d2b    0x000000000800f794       0xb8 c:/st/stm32cubeide_1.8.0/stm32cubeide/plugins/com.st.stm32cube.ide.mcu.externaltools.gnu-tools-for-stm32.9-2020-q2-update.win32_2.0.0.202105311346/tools/bin/../lib/gcc/arm-none-eabi/9.3.1/../../../../arm-none-eabi/lib/thumb/v7e-m+fp/hard\libc_nano.a(lib_a-mprec.o)
                0x000000000800f794                __d2b
 .text._calloc_r
                0x000000000800f84c       0x1e c:/st/stm32cubeide_1.8.0/stm32cubeide/plugins/com.st.stm32cube.ide.mcu.externaltools.gnu-tools-for-stm32.9-2020-q2-update.win32_2.0.0.202105311346/tools/bin/../lib/gcc/arm-none-eabi/9.3.1/../../../../arm-none-eabi/lib/thumb/v7e-m+fp/hard\libc_nano.a(lib_a-nano-callocr.o)
                0x000000000800f84c                _calloc_r
 .text.__ssputs_r
                0x000000000800f86a       0xb6 c:/st/stm32cubeide_1.8.0/stm32cubeide/plugins/com.st.stm32cube.ide.mcu.externaltools.gnu-tools-for-stm32.9-2020-q2-update.win32_2.0.0.202105311346/tools/bin/../lib/gcc/arm-none-eabi/9.3.1/../../../../arm-none-eabi/lib/thumb/v7e-m+fp/hard\libc_nano.a(lib_a-nano-svfprintf.o)
                0x000000000800f86a                __ssputs_r
 .text._svfprintf_r
                0x000000000800f920      0x200 c:/st/stm32cubeide_1.8.0/stm32cubeide/plugins/com.st.stm32cube.ide.mcu.externaltools.gnu-tools-for-stm32.9-2020-q2-update.win32_2.0.0.202105311346/tools/bin/../lib/gcc/arm-none-eabi/9.3.1/../../../../arm-none-eabi/lib/thumb/v7e-m+fp/hard\libc_nano.a(lib_a-nano-svfprintf.o)
                0x000000000800f920                _svfiprintf_r
                0x000000000800f920                _svfprintf_r
 .text.__assert_func
                0x000000000800fb20       0x3c c:/st/stm32cubeide_1.8.0/stm32cubeide/plugins/com.st.stm32cube.ide.mcu.externaltools.gnu-tools-for-stm32.9-2020-q2-update.win32_2.0.0.202105311346/tools/bin/../lib/gcc/arm-none-eabi/9.3.1/../../../../arm-none-eabi/lib/thumb/v7e-m+fp/hard\libc_nano.a(lib_a-assert.o)
                0x000000000800fb20                __assert_func
 .text.fprintf  0x000000000800fb5c       0x24 c:/st/stm32cubeide_1.8.0/stm32cubeide/plugins/com.st.stm32cube.ide.mcu.externaltools.gnu-tools-for-stm32.9-2020-q2-update.win32_2.0.0.202105311346/tools/bin/../lib/gcc/arm-none-eabi/9.3.1/../../../../arm-none-eabi/lib/thumb/v7e-m+fp/hard\libc_nano.a(lib_a-fprintf.o)
                0x000000000800fb5c                fiprintf
                0x000000000800fb5c                fprintf
 .text.__retarget_lock_init_recursive
                0x000000000800fb80        0x2 c:/st/stm32cubeide_1.8.0/stm32cubeide/plugins/com.st.stm32cube.ide.mcu.externaltools.gnu-tools-for-stm32.9-2020-q2-update.win32_2.0.0.202105311346/tools/bin/../lib/gcc/arm-none-eabi/9.3.1/../../../../arm-none-eabi/lib/thumb/v7e-m+fp/hard\libc_nano.a(lib_a-lock.o)
                0x000000000800fb80                __retarget_lock_init_recursive
 .text.__retarget_lock_acquire_recursive
                0x000000000800fb82        0x2 c:/st/stm32cubeide_1.8.0/stm32cubeide/plugins/com.st.stm32cube.ide.mcu.externaltools.gnu-tools-for-stm32.9-2020-q2-update.win32_2.0.0.202105311346/tools/bin/../lib/gcc/arm-none-eabi/9.3.1/../../../../arm-none-eabi/lib/thumb/v7e-m+fp/hard\libc_nano.a(lib_a-lock.o)
                0x000000000800fb82                __retarget_lock_acquire_recursive
 .text.__retarget_lock_release_recursive
                0x000000000800fb84        0x2 c:/st/stm32cubeide_1.8.0/stm32cubeide/plugins/com.st.stm32cube.ide.mcu.externaltools.gnu-tools-for-stm32.9-2020-q2-update.win32_2.0.0.202105311346/tools/bin/../lib/gcc/arm-none-eabi/9.3.1/../../../../arm-none-eabi/lib/thumb/v7e-m+fp/hard\libc_nano.a(lib_a-lock.o)
                0x000000000800fb84                __retarget_lock_release_recursive
 .text.__ascii_mbtowc
                0x000000000800fb86       0x24 c:/st/stm32cubeide_1.8.0/stm32cubeide/plugins/com.st.stm32cube.ide.mcu.externaltools.gnu-tools-for-stm32.9-2020-q2-update.win32_2.0.0.202105311346/tools/bin/../lib/gcc/arm-none-eabi/9.3.1/../../../../arm-none-eabi/lib/thumb/v7e-m+fp/hard\libc_nano.a(lib_a-mbtowc_r.o)
                0x000000000800fb86                __ascii_mbtowc
 .text.memmove  0x000000000800fbaa       0x34 c:/st/stm32cubeide_1.8.0/stm32cubeide/plugins/com.st.stm32cube.ide.mcu.externaltools.gnu-tools-for-stm32.9-2020-q2-update.win32_2.0.0.202105311346/tools/bin/../lib/gcc/arm-none-eabi/9.3.1/../../../../arm-none-eabi/lib/thumb/v7e-m+fp/hard\libc_nano.a(lib_a-memmove.o)
                0x000000000800fbaa                memmove
 .text._realloc_r
                0x000000000800fbde       0x4c c:/st/stm32cubeide_1.8.0/stm32cubeide/plugins/com.st.stm32cube.ide.mcu.externaltools.gnu-tools-for-stm32.9-2020-q2-update.win32_2.0.0.202105311346/tools/bin/../lib/gcc/arm-none-eabi/9.3.1/../../../../arm-none-eabi/lib/thumb/v7e-m+fp/hard\libc_nano.a(lib_a-nano-reallocr.o)
                0x000000000800fbde                _realloc_r
 .text.__sfputc_r
                0x000000000800fc2a       0x2e c:/st/stm32cubeide_1.8.0/stm32cubeide/plugins/com.st.stm32cube.ide.mcu.externaltools.gnu-tools-for-stm32.9-2020-q2-update.win32_2.0.0.202105311346/tools/bin/../lib/gcc/arm-none-eabi/9.3.1/../../../../arm-none-eabi/lib/thumb/v7e-m+fp/hard\libc_nano.a(lib_a-nano-vfprintf.o)
 .text.__sfputs_r
                0x000000000800fc58       0x24 c:/st/stm32cubeide_1.8.0/stm32cubeide/plugins/com.st.stm32cube.ide.mcu.externaltools.gnu-tools-for-stm32.9-2020-q2-update.win32_2.0.0.202105311346/tools/bin/../lib/gcc/arm-none-eabi/9.3.1/../../../../arm-none-eabi/lib/thumb/v7e-m+fp/hard\libc_nano.a(lib_a-nano-vfprintf.o)
                0x000000000800fc58                __sfputs_r
 .text._vfprintf_r
                0x000000000800fc7c      0x260 c:/st/stm32cubeide_1.8.0/stm32cubeide/plugins/com.st.stm32cube.ide.mcu.externaltools.gnu-tools-for-stm32.9-2020-q2-update.win32_2.0.0.202105311346/tools/bin/../lib/gcc/arm-none-eabi/9.3.1/../../../../arm-none-eabi/lib/thumb/v7e-m+fp/hard\libc_nano.a(lib_a-nano-vfprintf.o)
                0x000000000800fc7c                _vfprintf_r
                0x000000000800fc7c                _vfiprintf_r
 .text.__swbuf_r
                0x000000000800fedc       0xa4 c:/st/stm32cubeide_1.8.0/stm32cubeide/plugins/com.st.stm32cube.ide.mcu.externaltools.gnu-tools-for-stm32.9-2020-q2-update.win32_2.0.0.202105311346/tools/bin/../lib/gcc/arm-none-eabi/9.3.1/../../../../arm-none-eabi/lib/thumb/v7e-m+fp/hard\libc_nano.a(lib_a-wbuf.o)
                0x000000000800fedc                __swbuf_r
 .text.__ascii_wctomb
                0x000000000800ff80       0x1a c:/st/stm32cubeide_1.8.0/stm32cubeide/plugins/com.st.stm32cube.ide.mcu.externaltools.gnu-tools-for-stm32.9-2020-q2-update.win32_2.0.0.202105311346/tools/bin/../lib/gcc/arm-none-eabi/9.3.1/../../../../arm-none-eabi/lib/thumb/v7e-m+fp/hard\libc_nano.a(lib_a-wctomb_r.o)
                0x000000000800ff80                __ascii_wctomb
 *fill*         0x000000000800ff9a        0x2 
 .text.__swsetup_r
                0x000000000800ff9c       0xdc c:/st/stm32cubeide_1.8.0/stm32cubeide/plugins/com.st.stm32cube.ide.mcu.externaltools.gnu-tools-for-stm32.9-2020-q2-update.win32_2.0.0.202105311346/tools/bin/../lib/gcc/arm-none-eabi/9.3.1/../../../../arm-none-eabi/lib/thumb/v7e-m+fp/hard\libc_nano.a(lib_a-wsetup.o)
                0x000000000800ff9c                __swsetup_r
 .text.abort    0x0000000008010078        0xe c:/st/stm32cubeide_1.8.0/stm32cubeide/plugins/com.st.stm32cube.ide.mcu.externaltools.gnu-tools-for-stm32.9-2020-q2-update.win32_2.0.0.202105311346/tools/bin/../lib/gcc/arm-none-eabi/9.3.1/../../../../arm-none-eabi/lib/thumb/v7e-m+fp/hard\libc_nano.a(lib_a-abort.o)
                0x0000000008010078                abort
 *fill*         0x0000000008010086        0x2 
 .text.__sflush_r
                0x0000000008010088      0x10c c:/st/stm32cubeide_1.8.0/stm32cubeide/plugins/com.st.stm32cube.ide.mcu.externaltools.gnu-tools-for-stm32.9-2020-q2-update.win32_2.0.0.202105311346/tools/bin/../lib/gcc/arm-none-eabi/9.3.1/../../../../arm-none-eabi/lib/thumb/v7e-m+fp/hard\libc_nano.a(lib_a-fflush.o)
                0x0000000008010088                __sflush_r
 .text._fflush_r
                0x0000000008010194       0x78 c:/st/stm32cubeide_1.8.0/stm32cubeide/plugins/com.st.stm32cube.ide.mcu.externaltools.gnu-tools-for-stm32.9-2020-q2-update.win32_2.0.0.202105311346/tools/bin/../lib/gcc/arm-none-eabi/9.3.1/../../../../arm-none-eabi/lib/thumb/v7e-m+fp/hard\libc_nano.a(lib_a-fflush.o)
                0x0000000008010194                _fflush_r
 .text.std      0x000000000801020c       0x48 c:/st/stm32cubeide_1.8.0/stm32cubeide/plugins/com.st.stm32cube.ide.mcu.externaltools.gnu-tools-for-stm32.9-2020-q2-update.win32_2.0.0.202105311346/tools/bin/../lib/gcc/arm-none-eabi/9.3.1/../../../../arm-none-eabi/lib/thumb/v7e-m+fp/hard\libc_nano.a(lib_a-findfp.o)
 .text._cleanup_r
                0x0000000008010254        0xc c:/st/stm32cubeide_1.8.0/stm32cubeide/plugins/com.st.stm32cube.ide.mcu.externaltools.gnu-tools-for-stm32.9-2020-q2-update.win32_2.0.0.202105311346/tools/bin/../lib/gcc/arm-none-eabi/9.3.1/../../../../arm-none-eabi/lib/thumb/v7e-m+fp/hard\libc_nano.a(lib_a-findfp.o)
                0x0000000008010254                _cleanup_r
 .text.__sfmoreglue
                0x0000000008010260       0x2c c:/st/stm32cubeide_1.8.0/stm32cubeide/plugins/com.st.stm32cube.ide.mcu.externaltools.gnu-tools-for-stm32.9-2020-q2-update.win32_2.0.0.202105311346/tools/bin/../lib/gcc/arm-none-eabi/9.3.1/../../../../arm-none-eabi/lib/thumb/v7e-m+fp/hard\libc_nano.a(lib_a-findfp.o)
                0x0000000008010260                __sfmoreglue
 .text.__sfp_lock_acquire
                0x000000000801028c        0xc c:/st/stm32cubeide_1.8.0/stm32cubeide/plugins/com.st.stm32cube.ide.mcu.externaltools.gnu-tools-for-stm32.9-2020-q2-update.win32_2.0.0.202105311346/tools/bin/../lib/gcc/arm-none-eabi/9.3.1/../../../../arm-none-eabi/lib/thumb/v7e-m+fp/hard\libc_nano.a(lib_a-findfp.o)
                0x000000000801028c                __sfp_lock_acquire
 .text.__sfp_lock_release
                0x0000000008010298        0xc c:/st/stm32cubeide_1.8.0/stm32cubeide/plugins/com.st.stm32cube.ide.mcu.externaltools.gnu-tools-for-stm32.9-2020-q2-update.win32_2.0.0.202105311346/tools/bin/../lib/gcc/arm-none-eabi/9.3.1/../../../../arm-none-eabi/lib/thumb/v7e-m+fp/hard\libc_nano.a(lib_a-findfp.o)
                0x0000000008010298                __sfp_lock_release
 .text.__sinit_lock_acquire
                0x00000000080102a4        0xc c:/st/stm32cubeide_1.8.0/stm32cubeide/plugins/com.st.stm32cube.ide.mcu.externaltools.gnu-tools-for-stm32.9-2020-q2-update.win32_2.0.0.202105311346/tools/bin/../lib/gcc/arm-none-eabi/9.3.1/../../../../arm-none-eabi/lib/thumb/v7e-m+fp/hard\libc_nano.a(lib_a-findfp.o)
                0x00000000080102a4                __sinit_lock_acquire
 .text.__sinit_lock_release
                0x00000000080102b0        0xc c:/st/stm32cubeide_1.8.0/stm32cubeide/plugins/com.st.stm32cube.ide.mcu.externaltools.gnu-tools-for-stm32.9-2020-q2-update.win32_2.0.0.202105311346/tools/bin/../lib/gcc/arm-none-eabi/9.3.1/../../../../arm-none-eabi/lib/thumb/v7e-m+fp/hard\libc_nano.a(lib_a-findfp.o)
                0x00000000080102b0                __sinit_lock_release
 .text.__sinit  0x00000000080102bc       0x70 c:/st/stm32cubeide_1.8.0/stm32cubeide/plugins/com.st.stm32cube.ide.mcu.externaltools.gnu-tools-for-stm32.9-2020-q2-update.win32_2.0.0.202105311346/tools/bin/../lib/gcc/arm-none-eabi/9.3.1/../../../../arm-none-eabi/lib/thumb/v7e-m+fp/hard\libc_nano.a(lib_a-findfp.o)
                0x00000000080102bc                __sinit
 .text.__sfp    0x000000000801032c       0x8c c:/st/stm32cubeide_1.8.0/stm32cubeide/plugins/com.st.stm32cube.ide.mcu.externaltools.gnu-tools-for-stm32.9-2020-q2-update.win32_2.0.0.202105311346/tools/bin/../lib/gcc/arm-none-eabi/9.3.1/../../../../arm-none-eabi/lib/thumb/v7e-m+fp/hard\libc_nano.a(lib_a-findfp.o)
                0x000000000801032c                __sfp
 .text._fwalk_reent
                0x00000000080103b8       0x3e c:/st/stm32cubeide_1.8.0/stm32cubeide/plugins/com.st.stm32cube.ide.mcu.externaltools.gnu-tools-for-stm32.9-2020-q2-update.win32_2.0.0.202105311346/tools/bin/../lib/gcc/arm-none-eabi/9.3.1/../../../../arm-none-eabi/lib/thumb/v7e-m+fp/hard\libc_nano.a(lib_a-fwalk.o)
                0x00000000080103b8                _fwalk_reent
 .text.__swhatbuf_r
                0x00000000080103f6       0x48 c:/st/stm32cubeide_1.8.0/stm32cubeide/plugins/com.st.stm32cube.ide.mcu.externaltools.gnu-tools-for-stm32.9-2020-q2-update.win32_2.0.0.202105311346/tools/bin/../lib/gcc/arm-none-eabi/9.3.1/../../../../arm-none-eabi/lib/thumb/v7e-m+fp/hard\libc_nano.a(lib_a-makebuf.o)
                0x00000000080103f6                __swhatbuf_r
 *fill*         0x000000000801043e        0x2 
 .text.__smakebuf_r
                0x0000000008010440       0x80 c:/st/stm32cubeide_1.8.0/stm32cubeide/plugins/com.st.stm32cube.ide.mcu.externaltools.gnu-tools-for-stm32.9-2020-q2-update.win32_2.0.0.202105311346/tools/bin/../lib/gcc/arm-none-eabi/9.3.1/../../../../arm-none-eabi/lib/thumb/v7e-m+fp/hard\libc_nano.a(lib_a-makebuf.o)
                0x0000000008010440                __smakebuf_r
 .text._malloc_usable_size_r
                0x00000000080104c0       0x10 c:/st/stm32cubeide_1.8.0/stm32cubeide/plugins/com.st.stm32cube.ide.mcu.externaltools.gnu-tools-for-stm32.9-2020-q2-update.win32_2.0.0.202105311346/tools/bin/../lib/gcc/arm-none-eabi/9.3.1/../../../../arm-none-eabi/lib/thumb/v7e-m+fp/hard\libc_nano.a(lib_a-nano-msizer.o)
                0x00000000080104c0                _malloc_usable_size_r
 .text._raise_r
                0x00000000080104d0       0x50 c:/st/stm32cubeide_1.8.0/stm32cubeide/plugins/com.st.stm32cube.ide.mcu.externaltools.gnu-tools-for-stm32.9-2020-q2-update.win32_2.0.0.202105311346/tools/bin/../lib/gcc/arm-none-eabi/9.3.1/../../../../arm-none-eabi/lib/thumb/v7e-m+fp/hard\libc_nano.a(lib_a-signal.o)
                0x00000000080104d0                _raise_r
 .text.raise    0x0000000008010520       0x10 c:/st/stm32cubeide_1.8.0/stm32cubeide/plugins/com.st.stm32cube.ide.mcu.externaltools.gnu-tools-for-stm32.9-2020-q2-update.win32_2.0.0.202105311346/tools/bin/../lib/gcc/arm-none-eabi/9.3.1/../../../../arm-none-eabi/lib/thumb/v7e-m+fp/hard\libc_nano.a(lib_a-signal.o)
                0x0000000008010520                raise
 .text._kill_r  0x0000000008010530       0x24 c:/st/stm32cubeide_1.8.0/stm32cubeide/plugins/com.st.stm32cube.ide.mcu.externaltools.gnu-tools-for-stm32.9-2020-q2-update.win32_2.0.0.202105311346/tools/bin/../lib/gcc/arm-none-eabi/9.3.1/../../../../arm-none-eabi/lib/thumb/v7e-m+fp/hard\libc_nano.a(lib_a-signalr.o)
                0x0000000008010530                _kill_r
 .text._getpid_r
                0x0000000008010554        0x4 c:/st/stm32cubeide_1.8.0/stm32cubeide/plugins/com.st.stm32cube.ide.mcu.externaltools.gnu-tools-for-stm32.9-2020-q2-update.win32_2.0.0.202105311346/tools/bin/../lib/gcc/arm-none-eabi/9.3.1/../../../../arm-none-eabi/lib/thumb/v7e-m+fp/hard\libc_nano.a(lib_a-signalr.o)
                0x0000000008010554                _getpid_r
 .text.__sread  0x0000000008010558       0x22 c:/st/stm32cubeide_1.8.0/stm32cubeide/plugins/com.st.stm32cube.ide.mcu.externaltools.gnu-tools-for-stm32.9-2020-q2-update.win32_2.0.0.202105311346/tools/bin/../lib/gcc/arm-none-eabi/9.3.1/../../../../arm-none-eabi/lib/thumb/v7e-m+fp/hard\libc_nano.a(lib_a-stdio.o)
                0x0000000008010558                __sread
 .text.__swrite
                0x000000000801057a       0x38 c:/st/stm32cubeide_1.8.0/stm32cubeide/plugins/com.st.stm32cube.ide.mcu.externaltools.gnu-tools-for-stm32.9-2020-q2-update.win32_2.0.0.202105311346/tools/bin/../lib/gcc/arm-none-eabi/9.3.1/../../../../arm-none-eabi/lib/thumb/v7e-m+fp/hard\libc_nano.a(lib_a-stdio.o)
                0x000000000801057a                __swrite
 .text.__sseek  0x00000000080105b2       0x24 c:/st/stm32cubeide_1.8.0/stm32cubeide/plugins/com.st.stm32cube.ide.mcu.externaltools.gnu-tools-for-stm32.9-2020-q2-update.win32_2.0.0.202105311346/tools/bin/../lib/gcc/arm-none-eabi/9.3.1/../../../../arm-none-eabi/lib/thumb/v7e-m+fp/hard\libc_nano.a(lib_a-stdio.o)
                0x00000000080105b2                __sseek
 .text.__sclose
                0x00000000080105d6        0x8 c:/st/stm32cubeide_1.8.0/stm32cubeide/plugins/com.st.stm32cube.ide.mcu.externaltools.gnu-tools-for-stm32.9-2020-q2-update.win32_2.0.0.202105311346/tools/bin/../lib/gcc/arm-none-eabi/9.3.1/../../../../arm-none-eabi/lib/thumb/v7e-m+fp/hard\libc_nano.a(lib_a-stdio.o)
                0x00000000080105d6                __sclose
 *fill*         0x00000000080105de        0x2 
 .text._write_r
                0x00000000080105e0       0x24 c:/st/stm32cubeide_1.8.0/stm32cubeide/plugins/com.st.stm32cube.ide.mcu.externaltools.gnu-tools-for-stm32.9-2020-q2-update.win32_2.0.0.202105311346/tools/bin/../lib/gcc/arm-none-eabi/9.3.1/../../../../arm-none-eabi/lib/thumb/v7e-m+fp/hard\libc_nano.a(lib_a-writer.o)
                0x00000000080105e0                _write_r
 .text._close_r
                0x0000000008010604       0x20 c:/st/stm32cubeide_1.8.0/stm32cubeide/plugins/com.st.stm32cube.ide.mcu.externaltools.gnu-tools-for-stm32.9-2020-q2-update.win32_2.0.0.202105311346/tools/bin/../lib/gcc/arm-none-eabi/9.3.1/../../../../arm-none-eabi/lib/thumb/v7e-m+fp/hard\libc_nano.a(lib_a-closer.o)
                0x0000000008010604                _close_r
 .text._fstat_r
                0x0000000008010624       0x24 c:/st/stm32cubeide_1.8.0/stm32cubeide/plugins/com.st.stm32cube.ide.mcu.externaltools.gnu-tools-for-stm32.9-2020-q2-update.win32_2.0.0.202105311346/tools/bin/../lib/gcc/arm-none-eabi/9.3.1/../../../../arm-none-eabi/lib/thumb/v7e-m+fp/hard\libc_nano.a(lib_a-fstatr.o)
                0x0000000008010624                _fstat_r
 .text._isatty_r
                0x0000000008010648       0x20 c:/st/stm32cubeide_1.8.0/stm32cubeide/plugins/com.st.stm32cube.ide.mcu.externaltools.gnu-tools-for-stm32.9-2020-q2-update.win32_2.0.0.202105311346/tools/bin/../lib/gcc/arm-none-eabi/9.3.1/../../../../arm-none-eabi/lib/thumb/v7e-m+fp/hard\libc_nano.a(lib_a-isattyr.o)
                0x0000000008010648                _isatty_r
 .text._lseek_r
                0x0000000008010668       0x24 c:/st/stm32cubeide_1.8.0/stm32cubeide/plugins/com.st.stm32cube.ide.mcu.externaltools.gnu-tools-for-stm32.9-2020-q2-update.win32_2.0.0.202105311346/tools/bin/../lib/gcc/arm-none-eabi/9.3.1/../../../../arm-none-eabi/lib/thumb/v7e-m+fp/hard\libc_nano.a(lib_a-lseekr.o)
                0x0000000008010668                _lseek_r
 .text._read_r  0x000000000801068c       0x24 c:/st/stm32cubeide_1.8.0/stm32cubeide/plugins/com.st.stm32cube.ide.mcu.externaltools.gnu-tools-for-stm32.9-2020-q2-update.win32_2.0.0.202105311346/tools/bin/../lib/gcc/arm-none-eabi/9.3.1/../../../../arm-none-eabi/lib/thumb/v7e-m+fp/hard\libc_nano.a(lib_a-readr.o)
                0x000000000801068c                _read_r
 *(.glue_7)
 .glue_7        0x00000000080106b0        0x0 linker stubs
 *(.glue_7t)
 .glue_7t       0x00000000080106b0        0x0 linker stubs
 *(.eh_frame)
 .eh_frame      0x00000000080106b0        0x0 c:/st/stm32cubeide_1.8.0/stm32cubeide/plugins/com.st.stm32cube.ide.mcu.externaltools.gnu-tools-for-stm32.9-2020-q2-update.win32_2.0.0.202105311346/tools/bin/../lib/gcc/arm-none-eabi/9.3.1/thumb/v7e-m+fp/hard/crtbegin.o
 *(.init)
 .init          0x00000000080106b0        0x4 c:/st/stm32cubeide_1.8.0/stm32cubeide/plugins/com.st.stm32cube.ide.mcu.externaltools.gnu-tools-for-stm32.9-2020-q2-update.win32_2.0.0.202105311346/tools/bin/../lib/gcc/arm-none-eabi/9.3.1/thumb/v7e-m+fp/hard/crti.o
                0x00000000080106b0                _init
 .init          0x00000000080106b4        0x8 c:/st/stm32cubeide_1.8.0/stm32cubeide/plugins/com.st.stm32cube.ide.mcu.externaltools.gnu-tools-for-stm32.9-2020-q2-update.win32_2.0.0.202105311346/tools/bin/../lib/gcc/arm-none-eabi/9.3.1/thumb/v7e-m+fp/hard/crtn.o
 *(.fini)
 .fini          0x00000000080106bc        0x4 c:/st/stm32cubeide_1.8.0/stm32cubeide/plugins/com.st.stm32cube.ide.mcu.externaltools.gnu-tools-for-stm32.9-2020-q2-update.win32_2.0.0.202105311346/tools/bin/../lib/gcc/arm-none-eabi/9.3.1/thumb/v7e-m+fp/hard/crti.o
                0x00000000080106bc                _fini
 .fini          0x00000000080106c0        0x8 c:/st/stm32cubeide_1.8.0/stm32cubeide/plugins/com.st.stm32cube.ide.mcu.externaltools.gnu-tools-for-stm32.9-2020-q2-update.win32_2.0.0.202105311346/tools/bin/../lib/gcc/arm-none-eabi/9.3.1/thumb/v7e-m+fp/hard/crtn.o
                0x00000000080106c8                . = ALIGN (0x4)
                0x00000000080106c8                _etext = .

.vfp11_veneer   0x00000000080106c8        0x0
 .vfp11_veneer  0x00000000080106c8        0x0 linker stubs

.v4_bx          0x00000000080106c8        0x0
 .v4_bx         0x00000000080106c8        0x0 linker stubs

.iplt           0x00000000080106c8        0x0
 .iplt          0x00000000080106c8        0x0 c:/st/stm32cubeide_1.8.0/stm32cubeide/plugins/com.st.stm32cube.ide.mcu.externaltools.gnu-tools-for-stm32.9-2020-q2-update.win32_2.0.0.202105311346/tools/bin/../lib/gcc/arm-none-eabi/9.3.1/thumb/v7e-m+fp/hard/crtbegin.o

.rodata         0x00000000080106c8     0x138c
                0x00000000080106c8                . = ALIGN (0x4)
 *(.rodata)
 .rodata        0x00000000080106c8      0x5d8 ./Core/Src/main.o
 .rodata        0x0000000008010ca0       0x48 ./Middlewares/Third_Party/FatFs/src/ff.o
 *(.rodata*)
 .rodata.crc15Table
                0x0000000008010ce8      0x400 ./Core/Src/driverSWLTC6804.o
 .rodata.AHBPrescTable
                0x00000000080110e8       0x10 ./Core/Src/system_stm32f3xx.o
                0x00000000080110e8                AHBPrescTable
 .rodata.APBPrescTable
                0x00000000080110f8        0x8 ./Core/Src/system_stm32f3xx.o
                0x00000000080110f8                APBPrescTable
 .rodata.aPLLMULFactorTable
                0x0000000008011100       0x10 ./Drivers/STM32F3xx_HAL_Driver/Src/stm32f3xx_hal_rcc.o
                0x0000000008011100                aPLLMULFactorTable
 .rodata.aPredivFactorTable
                0x0000000008011110       0x10 ./Drivers/STM32F3xx_HAL_Driver/Src/stm32f3xx_hal_rcc.o
                0x0000000008011110                aPredivFactorTable
 .rodata.ExCvt  0x0000000008011120       0x80 ./Middlewares/Third_Party/FatFs/src/ff.o
 .rodata.LfnOfs
                0x00000000080111a0        0xd ./Middlewares/Third_Party/FatFs/src/ff.o
 *fill*         0x00000000080111ad        0x3 
 .rodata.Tbl    0x00000000080111b0      0x100 ./Middlewares/Third_Party/FatFs/src/option/ccsbcs.o
 .rodata.tbl_lower.8499
                0x00000000080112b0      0x1e0 ./Middlewares/Third_Party/FatFs/src/option/ccsbcs.o
 .rodata.tbl_upper.8500
                0x0000000008011490      0x1e0 ./Middlewares/Third_Party/FatFs/src/option/ccsbcs.o
 .rodata._global_impure_ptr
                0x0000000008011670        0x4 c:/st/stm32cubeide_1.8.0/stm32cubeide/plugins/com.st.stm32cube.ide.mcu.externaltools.gnu-tools-for-stm32.9-2020-q2-update.win32_2.0.0.202105311346/tools/bin/../lib/gcc/arm-none-eabi/9.3.1/../../../../arm-none-eabi/lib/thumb/v7e-m+fp/hard\libc_nano.a(lib_a-impure.o)
                0x0000000008011670                _global_impure_ptr
 .rodata._printf_float.str1.1
                0x0000000008011674       0x12 c:/st/stm32cubeide_1.8.0/stm32cubeide/plugins/com.st.stm32cube.ide.mcu.externaltools.gnu-tools-for-stm32.9-2020-q2-update.win32_2.0.0.202105311346/tools/bin/../lib/gcc/arm-none-eabi/9.3.1/../../../../arm-none-eabi/lib/thumb/v7e-m+fp/hard\libc_nano.a(lib_a-nano-vfprintf_float.o)
 .rodata._printf_i.str1.1
                0x0000000008011686       0x22 c:/st/stm32cubeide_1.8.0/stm32cubeide/plugins/com.st.stm32cube.ide.mcu.externaltools.gnu-tools-for-stm32.9-2020-q2-update.win32_2.0.0.202105311346/tools/bin/../lib/gcc/arm-none-eabi/9.3.1/../../../../arm-none-eabi/lib/thumb/v7e-m+fp/hard\libc_nano.a(lib_a-nano-vfprintf_i.o)
 .rodata._dtoa_r.str1.1
                0x00000000080116a8       0x94 c:/st/stm32cubeide_1.8.0/stm32cubeide/plugins/com.st.stm32cube.ide.mcu.externaltools.gnu-tools-for-stm32.9-2020-q2-update.win32_2.0.0.202105311346/tools/bin/../lib/gcc/arm-none-eabi/9.3.1/../../../../arm-none-eabi/lib/thumb/v7e-m+fp/hard\libc_nano.a(lib_a-dtoa.o)
                                         0x96 (size before relaxing)
 .rodata._Balloc.str1.1
                0x000000000801173c       0x60 c:/st/stm32cubeide_1.8.0/stm32cubeide/plugins/com.st.stm32cube.ide.mcu.externaltools.gnu-tools-for-stm32.9-2020-q2-update.win32_2.0.0.202105311346/tools/bin/../lib/gcc/arm-none-eabi/9.3.1/../../../../arm-none-eabi/lib/thumb/v7e-m+fp/hard\libc_nano.a(lib_a-mprec.o)
                                         0x77 (size before relaxing)
 .rodata.__multadd.str1.1
                0x000000000801179c       0x11 c:/st/stm32cubeide_1.8.0/stm32cubeide/plugins/com.st.stm32cube.ide.mcu.externaltools.gnu-tools-for-stm32.9-2020-q2-update.win32_2.0.0.202105311346/tools/bin/../lib/gcc/arm-none-eabi/9.3.1/../../../../arm-none-eabi/lib/thumb/v7e-m+fp/hard\libc_nano.a(lib_a-mprec.o)
 *fill*         0x000000000801179c        0x4 
 .rodata.__mprec_bigtens
                0x00000000080117a0       0x28 c:/st/stm32cubeide_1.8.0/stm32cubeide/plugins/com.st.stm32cube.ide.mcu.externaltools.gnu-tools-for-stm32.9-2020-q2-update.win32_2.0.0.202105311346/tools/bin/../lib/gcc/arm-none-eabi/9.3.1/../../../../arm-none-eabi/lib/thumb/v7e-m+fp/hard\libc_nano.a(lib_a-mprec.o)
                0x00000000080117a0                __mprec_bigtens
 .rodata.__mprec_tens
                0x00000000080117c8       0xc8 c:/st/stm32cubeide_1.8.0/stm32cubeide/plugins/com.st.stm32cube.ide.mcu.externaltools.gnu-tools-for-stm32.9-2020-q2-update.win32_2.0.0.202105311346/tools/bin/../lib/gcc/arm-none-eabi/9.3.1/../../../../arm-none-eabi/lib/thumb/v7e-m+fp/hard\libc_nano.a(lib_a-mprec.o)
                0x00000000080117c8                __mprec_tens
 .rodata.p05.7513
                0x0000000008011890        0xc c:/st/stm32cubeide_1.8.0/stm32cubeide/plugins/com.st.stm32cube.ide.mcu.externaltools.gnu-tools-for-stm32.9-2020-q2-update.win32_2.0.0.202105311346/tools/bin/../lib/gcc/arm-none-eabi/9.3.1/../../../../arm-none-eabi/lib/thumb/v7e-m+fp/hard\libc_nano.a(lib_a-mprec.o)
 .rodata._svfprintf_r.str1.1
                0x000000000801189c       0x11 c:/st/stm32cubeide_1.8.0/stm32cubeide/plugins/com.st.stm32cube.ide.mcu.externaltools.gnu-tools-for-stm32.9-2020-q2-update.win32_2.0.0.202105311346/tools/bin/../lib/gcc/arm-none-eabi/9.3.1/../../../../arm-none-eabi/lib/thumb/v7e-m+fp/hard\libc_nano.a(lib_a-nano-svfprintf.o)
 .rodata.__assert_func.str1.1
                0x00000000080118ad       0x3c c:/st/stm32cubeide_1.8.0/stm32cubeide/plugins/com.st.stm32cube.ide.mcu.externaltools.gnu-tools-for-stm32.9-2020-q2-update.win32_2.0.0.202105311346/tools/bin/../lib/gcc/arm-none-eabi/9.3.1/../../../../arm-none-eabi/lib/thumb/v7e-m+fp/hard\libc_nano.a(lib_a-assert.o)
                                         0x3d (size before relaxing)
 .rodata._setlocale_r.str1.1
                0x00000000080118e9        0x8 c:/st/stm32cubeide_1.8.0/stm32cubeide/plugins/com.st.stm32cube.ide.mcu.externaltools.gnu-tools-for-stm32.9-2020-q2-update.win32_2.0.0.202105311346/tools/bin/../lib/gcc/arm-none-eabi/9.3.1/../../../../arm-none-eabi/lib/thumb/v7e-m+fp/hard\libc_nano.a(lib_a-locale.o)
                                          0x9 (size before relaxing)
 .rodata.str1.1
                0x00000000080118f1        0x2 c:/st/stm32cubeide_1.8.0/stm32cubeide/plugins/com.st.stm32cube.ide.mcu.externaltools.gnu-tools-for-stm32.9-2020-q2-update.win32_2.0.0.202105311346/tools/bin/../lib/gcc/arm-none-eabi/9.3.1/../../../../arm-none-eabi/lib/thumb/v7e-m+fp/hard\libc_nano.a(lib_a-locale.o)
 .rodata._vfprintf_r.str1.1