driverSWLTC6804.c:37:6:driverSWLTC6804DelayMS	24	static
driverSWLTC6804.c:42:6:driverSWLTC6804Init	40	dynamic
driverSWLTC6804.c:67:6:driverSWLTC6804ResetCellVoltageRegisters	16	static
driverSWLTC6804.c:81:6:driverSWLTC6804ResetAuxRegisters	16	static
driverSWLTC6804.c:95:6:driverSWLTC6804ResetStatusRegisters	16	static
driverSWLTC6804.c:109:6:driverSWLTC6804StartCellAndAuxVoltageConversion	32	static
driverSWLTC6804.c:127:6:driverSWLTC6804StartCellVoltageConversion	32	static
driverSWLTC6804.c:145:6:driverSWLTC6804StartLoadedCellVoltageConversion	40	static
driverSWLTC6804.c:163:6:driverSWLTC6804StartAuxVoltageConversion	32	static
driverSWLTC6804.c:182:6:driverSWLTC6804ReadCellVoltagesArray	64	dynamic
driverSWLTC6804.c:200:9:driverSWLTC6804ReadCellVoltageRegisters	56	static
driverSWLTC6804.c:253:6:driverSWLTC6804ReadCellVoltageGroups	24	static
driverSWLTC6804.c:286:6:driverSWLTC6804ReadVoltageFlags	72	dynamic
driverSWLTC6804.c:317:9:driverSWLTC6804ReadStatusValues	64	static
driverSWLTC6804.c:409:6:driverSWLTC6804ReadStatusGroups	24	static
driverSWLTC6804.c:432:6:driverSWLTC6804ReadAuxVoltagesArray	80	dynamic
driverSWLTC6804.c:450:8:driverSWLTC6804ReadAuxVoltageRegisters	64	static
driverSWLTC6804.c:505:6:driverSWLTC6804ReadAuxGroups	24	static
driverSWLTC6804.c:536:6:driverSWLTC6804WriteConfigRegister	80	dynamic
driverSWLTC6804.c:584:6:driverSWLTC6804WriteConfigRegisterB	72	dynamic
driverSWLTC6804.c:633:6:driverSWLTC6804EnableBalanceResistors	16	static
driverSWLTC6804.c:641:6:driverSWLTC6804EnableBalanceResistorsArray	16	static
driverSWLTC6804.c:648:10:driverSWLTC6804CalcPEC15	24	static
driverSWLTC6804.c:660:8:driverSWLTC6804ReadConfigRegister	32	static
driverSWLTC6804.c:693:6:driverSWLTC6804Write	16	static
driverSWLTC6804.c:698:6:driverSWLTC6804WriteRead	32	static
driverSWLTC6804.c:702:6:driverSWLTC6804WakeIC	8	static
driverSWLTC6804.c:710:7:driverSWLTC6804ConvertTemperatureExt	24	static
driverSWLTC6804.c:733:6:write_68	40	static
driverSWLTC6804.c:774:8:read_68	296	static
driverSWLTC6804.c:816:6:LTC6813_set_discharge	32	static
driverSWLTC6804.c:851:6:LTC681x_clear_discharge	24	static
driverSWLTC6804.c:865:6:LTC681x_wrpwm	280	static
driverSWLTC6804.c:907:8:LTC681x_rdpwm	296	static
driverSWLTC6804.c:959:6:LTC6813_set_cfgr	16	static
driverSWLTC6804.c:970:6:LTC681x_set_cfgr_refon	16	static
driverSWLTC6804.c:977:6:LTC681x_set_cfgr_adcopt	16	static
driverSWLTC6804.c:984:6:LTC681x_set_cfgr_gpio	32	static
driverSWLTC6804.c:994:6:LTC681x_set_cfgr_dis	32	static
driverSWLTC6804.c:1009:6:LTC681x_set_cfgr_dcto	32	static
driverSWLTC6804.c:1019:6:LTC681x_set_cfgr_uv	24	static
driverSWLTC6804.c:1028:6:LTC681x_set_cfgr_ov	24	static
driverSWLTC6804.c:1039:6:LTC6813_set_cfgrb	16	static
driverSWLTC6804.c:1049:6:LTC6813_set_cfgrb_fdrf	16	static
driverSWLTC6804.c:1056:6:LTC6813_set_cfgrb_dtmen	16	static
driverSWLTC6804.c:1063:6:LTC6813_set_cfgrb_ps	32	static
driverSWLTC6804.c:1073:6:LTC6813_set_cfgrb_gpio_b	32	static
driverSWLTC6804.c:1083:6:LTC6813_set_cfgrb_dcc_b	32	static
driverSWLTC6804.c:1106:6:LTC681x_wrcfg	280	static
driverSWLTC6804.c:1136:6:LTC681x_wrcfgb	280	static
driverSWLTC6804.c:1167:6:LTC681x_check_pec	48	static
driverSWLTC6804.c:1227:8:LTC681x_rdcfg	288	static
driverSWLTC6804.c:1270:8:LTC681x_rdcfgb	288	static
driverSWLTC6804.c:1313:6:driverSWLTC6804ReadPackCurrent	64	dynamic
