driverSWLTC6804.c:37:6:driverSWLTC6804DelayMS	24	static
driverSWLTC6804.c:42:6:driverSWLTC6804Init	40	dynamic
driverSWLTC6804.c:70:6:driverSWLTC6804ResetCellVoltageRegisters	16	static
driverSWLTC6804.c:84:6:driverSWLTC6804ResetAuxRegisters	16	static
driverSWLTC6804.c:98:6:driverSWLTC6804ResetStatusRegisters	16	static
driverSWLTC6804.c:112:6:driverSWLTC6804StartCellAndAuxVoltageConversion	32	static
driverSWLTC6804.c:130:6:driverSWLTC6804StartCellVoltageConversion	32	static
driverSWLTC6804.c:148:6:driverSWLTC6804StartLoadedCellVoltageConversion	40	static
driverSWLTC6804.c:166:6:driverSWLTC6804StartAuxVoltageConversion	32	static
driverSWLTC6804.c:185:6:driverSWLTC6804ReadCellVoltagesArray	64	dynamic
driverSWLTC6804.c:203:9:driverSWLTC6804ReadCellVoltageRegisters	56	static
driverSWLTC6804.c:256:6:driverSWLTC6804ReadCellVoltageGroups	24	static
driverSWLTC6804.c:289:6:driverSWLTC6804ReadVoltageFlags	72	dynamic
driverSWLTC6804.c:320:9:driverSWLTC6804ReadStatusValues	64	static
driverSWLTC6804.c:412:6:driverSWLTC6804ReadStatusGroups	24	static
driverSWLTC6804.c:435:6:driverSWLTC6804ReadAuxVoltagesArray	80	dynamic
driverSWLTC6804.c:453:8:driverSWLTC6804ReadAuxVoltageRegisters	64	static
driverSWLTC6804.c:508:6:driverSWLTC6804ReadAuxGroups	24	static
driverSWLTC6804.c:539:6:driverSWLTC6804WriteConfigRegister	80	dynamic
driverSWLTC6804.c:587:6:driverSWLTC6804WriteConfigRegisterB	72	dynamic
driverSWLTC6804.c:636:6:driverSWLTC6804EnableBalanceResistors	16	static
driverSWLTC6804.c:644:6:driverSWLTC6804EnableBalanceResistorsArray	16	static
driverSWLTC6804.c:651:10:driverSWLTC6804CalcPEC15	24	static
driverSWLTC6804.c:663:8:driverSWLTC6804ReadConfigRegister	32	static
driverSWLTC6804.c:695:8:driverSWLTC6804ReadConfigRegisterB	40	static
driverSWLTC6804.c:731:6:driverSWLTC6804Write	16	static
driverSWLTC6804.c:736:6:driverSWLTC6804WriteRead	32	static
driverSWLTC6804.c:740:6:driverSWLTC6804WakeIC	8	static
driverSWLTC6804.c:748:7:driverSWLTC6804ConvertTemperatureExt	24	static
driverSWLTC6804.c:771:6:write_68	40	static
driverSWLTC6804.c:812:8:read_68	296	static
driverSWLTC6804.c:854:6:LTC6813_set_discharge	32	static
driverSWLTC6804.c:889:6:LTC681x_clear_discharge	24	static
driverSWLTC6804.c:903:6:LTC681x_wrpwm	280	static
driverSWLTC6804.c:945:8:LTC681x_rdpwm	296	static
driverSWLTC6804.c:997:6:LTC6813_set_cfgr	16	static
driverSWLTC6804.c:1008:6:LTC681x_set_cfgr_refon	16	static
driverSWLTC6804.c:1015:6:LTC681x_set_cfgr_adcopt	16	static
driverSWLTC6804.c:1022:6:LTC681x_set_cfgr_gpio	32	static
driverSWLTC6804.c:1032:6:LTC681x_set_cfgr_dis	32	static
driverSWLTC6804.c:1047:6:LTC681x_set_cfgr_dcto	32	static
driverSWLTC6804.c:1057:6:LTC681x_set_cfgr_uv	24	static
driverSWLTC6804.c:1066:6:LTC681x_set_cfgr_ov	24	static
driverSWLTC6804.c:1077:6:LTC6813_set_cfgrb	16	static
driverSWLTC6804.c:1087:6:LTC6813_set_cfgrb_fdrf	16	static
driverSWLTC6804.c:1094:6:LTC6813_set_cfgrb_dtmen	16	static
driverSWLTC6804.c:1101:6:LTC6813_set_cfgrb_ps	32	static
driverSWLTC6804.c:1111:6:LTC6813_set_cfgrb_gpio_b	32	static
driverSWLTC6804.c:1121:6:LTC6813_set_cfgrb_dcc_b	32	static
driverSWLTC6804.c:1144:6:LTC681x_wrcfg	280	static
driverSWLTC6804.c:1174:6:LTC681x_wrcfgb	280	static
driverSWLTC6804.c:1205:6:LTC681x_check_pec	48	static
driverSWLTC6804.c:1265:8:LTC681x_rdcfg	288	static
driverSWLTC6804.c:1308:8:LTC681x_rdcfgb	288	static
driverSWLTC6804.c:1351:6:driverSWLTC6804ReadPackCurrent	64	dynamic
driverSWLTC6804.c:1370:6:driverSWLTC6804ReadVREFvoltage	64	dynamic
driverSWLTC6804.c:1390:6:LTC6813_mute	16	static
driverSWLTC6804.c:1405:6:LTC6813_unmute	16	static
