fatfs_sd.c:35:13:SELECT	8	static
fatfs_sd.c:42:13:DESELECT	8	static
fatfs_sd.c:49:13:SPI_TxByte	16	static
fatfs_sd.c:56:13:SPI_TxBuffer	16	static
fatfs_sd.c:63:16:SPI_RxByte	24	static
fatfs_sd.c:75:13:SPI_RxBytePtr	16	static
fatfs_sd.c:85:16:SD_ReadyWait	16	static
fatfs_sd.c:101:13:SD_PowerOn	24	static
fatfs_sd.c:139:13:SD_PowerOff	4	static
fatfs_sd.c:145:16:SD_CheckPower	4	static
fatfs_sd.c:151:13:SD_RxDataBlock	24	static
fatfs_sd.c:180:13:SD_TxDataBlock	24	static
fatfs_sd.c:222:13:SD_SendCmd	24	static
fatfs_sd.c:261:9:SD_disk_initialize	32	static
fatfs_sd.c:361:9:SD_disk_status	16	static
fatfs_sd.c:368:9:SD_disk_read	24	static
fatfs_sd.c:410:9:SD_disk_write	24	static
fatfs_sd.c:465:9:SD_disk_ioctl	56	static
