main.c:141:5:bufsize	24	static
main.c:148:6:clear_buffer	16	static
main.c:153:6:send_uart	24	static
main.c:159:6:write_to_csvfile	392	static
main.c:183:6:HAL_CAN_RxFifo0MsgPendingCallback	16	static
main.c:193:6:HAL_UART_RxCpltCallback	16	static
main.c:202:6:set_time	32	static
main.c:233:6:get_time	40	static
main.c:251:6:HAL_GPIO_EXTI_Callback	16	static
main.c:272:6:wakeup_idle	32	static
main.c:284:6:wakeup_sleep	24	static
main.c:295:6:sd_init	8	static
main.c:452:6:CellMonitorsArrayTranslate	16	static
main.c:475:6:AuxMonitorsArrayTranslate	16	static
main.c:494:6:calculateMaxandMinCellVoltages	48	static
main.c:516:6:cellBalancingTask	16	static
main.c:574:6:init_LTC6813	88	static
main.c:620:6:unit_test_LTC6813	280	static
main.c:663:5:main	16	static
main.c:784:6:SystemClock_Config	128	static
main.c:836:13:MX_CAN_Init	48	static
main.c:888:13:MX_RTC_Init	32	static
main.c:951:13:MX_SPI1_Init	8	static
main.c:991:13:MX_SPI2_Init	8	static
main.c:1031:13:MX_USART2_UART_Init	8	static
main.c:1066:13:MX_GPIO_Init	48	static
main.c:1116:6:Error_Handler	4	static,ignoring_inline_asm
