main.c:173:5:bufsize	24	static
main.c:180:6:clear_buffer	16	static
main.c:185:6:send_uart	24	static
main.c:191:6:write_to_csvfile	392	static
main.c:214:6:HAL_CAN_RxFifo0MsgPendingCallback	16	static
main.c:224:6:HAL_UART_RxCpltCallback	16	static
main.c:233:6:set_time	32	static
main.c:264:6:get_time	40	static
main.c:282:6:HAL_GPIO_EXTI_Callback	16	static
main.c:303:6:wakeup_idle	32	static
main.c:315:6:wakeup_sleep	24	static
main.c:326:6:sd_init	8	static
main.c:483:6:CellMonitorsArrayTranslate	16	static
main.c:506:6:AuxMonitorsArrayTranslate	16	static
main.c:525:6:calculateMaxandMinCellVoltages	48	static
main.c:547:6:cellBalancingTask	16	static
main.c:607:6:init_cell_asic_structure	112	static
main.c:665:6:cellBalancingUnitTest	288	static
main.c:822:6:zeroCurrentCalibration	16	static
main.c:850:6:init_LTC6813	96	static
main.c:918:6:unit_test_LTC6813	280	static
main.c:986:5:main	16	static
main.c:1121:6:SystemClock_Config	128	static
main.c:1173:13:MX_CAN_Init	48	static
main.c:1225:13:MX_RTC_Init	32	static
main.c:1288:13:MX_SPI1_Init	8	static
main.c:1328:13:MX_SPI2_Init	8	static
main.c:1368:13:MX_USART2_UART_Init	8	static
main.c:1403:13:MX_GPIO_Init	48	static
main.c:1459:6:Error_Handler	4	static,ignoring_inline_asm
