main.c:120:5:bufsize	24	static
main.c:127:6:clear_buffer	16	static
main.c:132:6:send_uart	24	static
main.c:138:6:write_to_csvfile	344	static
main.c:162:6:HAL_CAN_RxFifo0MsgPendingCallback	16	static
main.c:172:6:HAL_UART_RxCpltCallback	16	static
main.c:181:6:set_time	32	static
main.c:212:6:get_time	40	static
main.c:230:6:HAL_GPIO_EXTI_Callback	16	static
main.c:251:6:wakeup_idle	32	static
main.c:263:6:wakeup_sleep	24	static
main.c:274:6:sd_init	8	static
main.c:431:6:CellMonitorsArrayTranslate	16	static
main.c:451:6:init_LTC6813	88	static
main.c:486:6:unit_test_LTC6813	280	static
main.c:515:5:main	16	static
main.c:634:6:SystemClock_Config	128	static
main.c:686:13:MX_CAN_Init	48	static
main.c:738:13:MX_RTC_Init	32	static
main.c:801:13:MX_SPI1_Init	8	static
main.c:841:13:MX_SPI2_Init	8	static
main.c:881:13:MX_USART2_UART_Init	8	static
main.c:916:13:MX_GPIO_Init	48	static
main.c:966:6:Error_Handler	4	static,ignoring_inline_asm
