main.c:102:5:bufsize	24	static
main.c:109:6:clear_buffer	16	static
main.c:114:6:send_uart	24	static
main.c:120:6:write_to_csvfile	32	static
main.c:140:6:HAL_CAN_RxFifo0MsgPendingCallback	16	static
main.c:150:6:HAL_UART_RxCpltCallback	16	static
main.c:159:6:set_time	32	static
main.c:190:6:get_time	40	static
main.c:214:5:main	16	static
main.c:479:6:SystemClock_Config	128	static
main.c:531:13:MX_CAN_Init	48	static
main.c:583:13:MX_RTC_Init	8	static
main.c:620:13:MX_SPI2_Init	8	static
main.c:660:13:MX_USART2_UART_Init	8	static
main.c:695:13:MX_GPIO_Init	48	static
main.c:725:6:Error_Handler	4	static,ignoring_inline_asm
