main.c:127:5:bufsize	24	static
main.c:134:6:clear_buffer	16	static
main.c:139:6:send_uart	24	static
main.c:145:6:write_to_csvfile	344	static
main.c:169:6:HAL_CAN_RxFifo0MsgPendingCallback	16	static
main.c:179:6:HAL_UART_RxCpltCallback	16	static
main.c:188:6:set_time	32	static
main.c:219:6:get_time	40	static
main.c:237:6:HAL_GPIO_EXTI_Callback	16	static
main.c:258:6:wakeup_idle	32	static
main.c:270:6:wakeup_sleep	24	static
main.c:281:6:sd_init	8	static
main.c:438:6:CellMonitorsArrayTranslate	16	static
main.c:457:6:AuxMonitorsArrayTranslate	16	static
main.c:477:6:init_LTC6813	88	static
main.c:519:6:unit_test_LTC6813	280	static
main.c:561:5:main	16	static
main.c:680:6:SystemClock_Config	128	static
main.c:732:13:MX_CAN_Init	48	static
main.c:784:13:MX_RTC_Init	32	static
main.c:847:13:MX_SPI1_Init	8	static
main.c:887:13:MX_SPI2_Init	8	static
main.c:927:13:MX_USART2_UART_Init	8	static
main.c:962:13:MX_GPIO_Init	48	static
main.c:1012:6:Error_Handler	4	static,ignoring_inline_asm
