main.c:139:5:bufsize	24	static
main.c:146:6:clear_buffer	16	static
main.c:151:6:send_uart	24	static
main.c:157:6:write_to_csvfile	344	static
main.c:181:6:HAL_CAN_RxFifo0MsgPendingCallback	16	static
main.c:191:6:HAL_UART_RxCpltCallback	16	static
main.c:200:6:set_time	32	static
main.c:231:6:get_time	40	static
main.c:249:6:HAL_GPIO_EXTI_Callback	16	static
main.c:270:6:wakeup_idle	32	static
main.c:282:6:wakeup_sleep	24	static
main.c:293:6:sd_init	8	static
main.c:450:6:CellMonitorsArrayTranslate	16	static
main.c:473:6:AuxMonitorsArrayTranslate	16	static
main.c:492:6:calculateMaxandMinCellVoltages	48	static
main.c:514:6:cellBalancingTask	16	static
main.c:566:6:init_LTC6813	88	static
main.c:611:6:unit_test_LTC6813	280	static
main.c:654:5:main	16	static
main.c:775:6:SystemClock_Config	128	static
main.c:827:13:MX_CAN_Init	48	static
main.c:879:13:MX_RTC_Init	32	static
main.c:942:13:MX_SPI1_Init	8	static
main.c:982:13:MX_SPI2_Init	8	static
main.c:1022:13:MX_USART2_UART_Init	8	static
main.c:1057:13:MX_GPIO_Init	48	static
main.c:1107:6:Error_Handler	4	static,ignoring_inline_asm
