main.c:112:5:bufsize	24	static
main.c:119:6:clear_buffer	16	static
main.c:124:6:send_uart	24	static
main.c:130:6:write_to_csvfile	32	static
main.c:150:6:HAL_CAN_RxFifo0MsgPendingCallback	16	static
main.c:160:6:HAL_UART_RxCpltCallback	16	static
main.c:169:6:set_time	32	static
main.c:200:6:get_time	40	static
main.c:218:6:HAL_GPIO_EXTI_Callback	16	static
main.c:237:6:wakeup_idle	32	static
main.c:249:6:wakeup_sleep	24	static
main.c:260:6:sd_init	8	static
main.c:423:5:main	16	static
main.c:541:6:SystemClock_Config	128	static
main.c:593:13:MX_CAN_Init	48	static
main.c:645:13:MX_RTC_Init	32	static
main.c:708:13:MX_SPI1_Init	8	static
main.c:748:13:MX_SPI2_Init	8	static
main.c:788:13:MX_USART2_UART_Init	8	static
main.c:823:13:MX_GPIO_Init	48	static
main.c:873:6:Error_Handler	4	static,ignoring_inline_asm
