main.c:98:5:bufsize	24	static
main.c:105:6:clear_buffer	16	static
main.c:110:6:send_uart	24	static
main.c:116:6:write_to_csvfile	32	static
main.c:136:6:HAL_CAN_RxFifo0MsgPendingCallback	16	static
main.c:148:6:HAL_UART_RxCpltCallback	16	static
main.c:162:5:main	16	static
main.c:417:6:SystemClock_Config	128	static
main.c:463:13:MX_CAN_Init	48	static
main.c:515:13:MX_SPI2_Init	8	static
main.c:555:13:MX_USART2_UART_Init	8	static
main.c:590:13:MX_GPIO_Init	40	static
main.c:619:6:Error_Handler	4	static,ignoring_inline_asm
