main.c:102:5:bufsize	24	static
main.c:109:6:clear_buffer	16	static
main.c:114:6:send_uart	24	static
main.c:120:6:write_to_csvfile	32	static
main.c:140:6:HAL_CAN_RxFifo0MsgPendingCallback	16	static
main.c:150:6:HAL_UART_RxCpltCallback	16	static
main.c:159:6:set_time	32	static
main.c:190:6:get_time	40	static
main.c:208:6:HAL_GPIO_EXTI_Callback	16	static
main.c:233:5:main	16	static
main.c:498:6:SystemClock_Config	128	static
main.c:550:13:MX_CAN_Init	48	static
main.c:602:13:MX_RTC_Init	32	static
main.c:665:13:MX_SPI2_Init	8	static
main.c:705:13:MX_USART2_UART_Init	8	static
main.c:740:13:MX_GPIO_Init	48	static
main.c:780:6:Error_Handler	4	static,ignoring_inline_asm
