main.c:118:5:bufsize	24	static
main.c:125:6:clear_buffer	16	static
main.c:130:6:send_uart	24	static
main.c:136:6:write_to_csvfile	32	static
main.c:156:6:HAL_CAN_RxFifo0MsgPendingCallback	16	static
main.c:166:6:HAL_UART_RxCpltCallback	16	static
main.c:175:6:set_time	32	static
main.c:206:6:get_time	40	static
main.c:224:6:HAL_GPIO_EXTI_Callback	16	static
main.c:245:6:wakeup_idle	32	static
main.c:257:6:wakeup_sleep	24	static
main.c:268:6:sd_init	8	static
main.c:444:6:init_LTC6813	88	static
main.c:475:6:unit_test_LTC6813	280	static
main.c:498:5:main	16	static
main.c:617:6:SystemClock_Config	128	static
main.c:669:13:MX_CAN_Init	48	static
main.c:721:13:MX_RTC_Init	32	static
main.c:784:13:MX_SPI1_Init	8	static
main.c:824:13:MX_SPI2_Init	8	static
main.c:864:13:MX_USART2_UART_Init	8	static
main.c:899:13:MX_GPIO_Init	48	static
main.c:949:6:Error_Handler	4	static,ignoring_inline_asm
