../Core/Src/main.c:166:5:bufsize	24	static
../Core/Src/main.c:173:6:clear_buffer	16	static
../Core/Src/main.c:178:6:send_uart	24	static
../Core/Src/main.c:184:6:write_to_csvfile	392	static
../Core/Src/main.c:208:6:HAL_CAN_RxFifo0MsgPendingCallback	16	static
../Core/Src/main.c:218:6:HAL_UART_RxCpltCallback	16	static
../Core/Src/main.c:227:6:set_time	32	static
../Core/Src/main.c:258:6:get_time	40	static
../Core/Src/main.c:276:6:HAL_GPIO_EXTI_Callback	16	static
../Core/Src/main.c:297:6:wakeup_idle	32	static
../Core/Src/main.c:309:6:wakeup_sleep	24	static
../Core/Src/main.c:320:6:sd_init	8	static
../Core/Src/main.c:477:6:CellMonitorsArrayTranslate	16	static
../Core/Src/main.c:500:6:AuxMonitorsArrayTranslate	16	static
../Core/Src/main.c:519:6:calculateMaxandMinCellVoltages	48	static
../Core/Src/main.c:541:6:cellBalancingTask	16	static
../Core/Src/main.c:601:6:init_cell_asic_structure	112	static
../Core/Src/main.c:659:6:cellBalancingUnitTest	288	static
../Core/Src/main.c:815:6:init_LTC6813	88	static
../Core/Src/main.c:861:6:unit_test_LTC6813	280	static
../Core/Src/main.c:904:5:main	16	static
../Core/Src/main.c:1030:6:SystemClock_Config	128	static
../Core/Src/main.c:1082:13:MX_CAN_Init	48	static
../Core/Src/main.c:1134:13:MX_RTC_Init	32	static
../Core/Src/main.c:1197:13:MX_SPI1_Init	8	static
../Core/Src/main.c:1237:13:MX_SPI2_Init	8	static
../Core/Src/main.c:1277:13:MX_USART2_UART_Init	8	static
../Core/Src/main.c:1312:13:MX_GPIO_Init	48	static
../Core/Src/main.c:1362:6:Error_Handler	4	static,ignoring_inline_asm
