main.c:129:5:bufsize	24	static
main.c:136:6:clear_buffer	16	static
main.c:141:6:send_uart	24	static
main.c:147:6:write_to_csvfile	344	static
main.c:171:6:HAL_CAN_RxFifo0MsgPendingCallback	16	static
main.c:181:6:HAL_UART_RxCpltCallback	16	static
main.c:190:6:set_time	32	static
main.c:221:6:get_time	40	static
main.c:239:6:HAL_GPIO_EXTI_Callback	16	static
main.c:260:6:wakeup_idle	32	static
main.c:272:6:wakeup_sleep	24	static
main.c:283:6:sd_init	8	static
main.c:440:6:CellMonitorsArrayTranslate	16	static
main.c:463:6:AuxMonitorsArrayTranslate	16	static
main.c:482:6:calculateMaxandMinCellVoltages	48	static
main.c:511:6:init_LTC6813	88	static
main.c:552:6:unit_test_LTC6813	280	static
main.c:594:5:main	16	static
main.c:714:6:SystemClock_Config	128	static
main.c:766:13:MX_CAN_Init	48	static
main.c:818:13:MX_RTC_Init	32	static
main.c:881:13:MX_SPI1_Init	8	static
main.c:921:13:MX_SPI2_Init	8	static
main.c:961:13:MX_USART2_UART_Init	8	static
main.c:996:13:MX_GPIO_Init	48	static
main.c:1046:6:Error_Handler	4	static,ignoring_inline_asm
