main.c:168:5:bufsize	24	static
main.c:175:6:clear_buffer	16	static
main.c:180:6:send_uart	24	static
main.c:186:6:write_to_csvfile	392	static
main.c:209:6:HAL_CAN_RxFifo0MsgPendingCallback	16	static
main.c:219:6:HAL_UART_RxCpltCallback	16	static
main.c:228:6:set_time	32	static
main.c:259:6:get_time	40	static
main.c:277:6:HAL_GPIO_EXTI_Callback	16	static
main.c:298:6:wakeup_idle	32	static
main.c:310:6:wakeup_sleep	24	static
main.c:321:6:sd_init	8	static
main.c:478:6:CellMonitorsArrayTranslate	16	static
main.c:501:6:AuxMonitorsArrayTranslate	16	static
main.c:520:6:calculateMaxandMinCellVoltages	48	static
main.c:542:6:cellBalancingTask	16	static
main.c:602:6:init_cell_asic_structure	112	static
main.c:660:6:cellBalancingUnitTest	288	static
main.c:816:6:init_LTC6813	88	static
main.c:863:6:unit_test_LTC6813	280	static
main.c:924:5:main	16	static
main.c:1050:6:SystemClock_Config	128	static
main.c:1102:13:MX_CAN_Init	48	static
main.c:1154:13:MX_RTC_Init	32	static
main.c:1217:13:MX_SPI1_Init	8	static
main.c:1257:13:MX_SPI2_Init	8	static
main.c:1297:13:MX_USART2_UART_Init	8	static
main.c:1332:13:MX_GPIO_Init	48	static
main.c:1382:6:Error_Handler	4	static,ignoring_inline_asm
